[2K[1G[33mwarning[39m ../../../../package.json: No license field

RangeError: Maximum call stack size exceeded
    at Var.toString (<anonymous>)
    at Object.get (/home/logan/Documents/2021fallsau/CPTR-571/contraints-visualization/tests/constraints.ts:49:29)
    at Object.get (/home/logan/Documents/2021fallsau/CPTR-571/contraints-visualization/tests/constraints.ts:49:54)
    at Object.get (/home/logan/Documents/2021fallsau/CPTR-571/contraints-visualization/tests/constraints.ts:49:54)
    at Object.get (/home/logan/Documents/2021fallsau/CPTR-571/contraints-visualization/tests/constraints.ts:49:54)
    at Object.get (/home/logan/Documents/2021fallsau/CPTR-571/contraints-visualization/tests/constraints.ts:49:54)
    at Object.get (/home/logan/Documents/2021fallsau/CPTR-571/contraints-visualization/tests/constraints.ts:49:54)
    at Object.get (/home/logan/Documents/2021fallsau/CPTR-571/contraints-visualization/tests/constraints.ts:49:54)
    at Object.get (/home/logan/Documents/2021fallsau/CPTR-571/contraints-visualization/tests/constraints.ts:49:54)
    at Object.get (/home/logan/Documents/2021fallsau/CPTR-571/contraints-visualization/tests/constraints.ts:49:54)
    at Object.get (/home/logan/Documents/2021fallsau/CPTR-571/contraints-visualization/tests/constraints.ts:49:54)
    at Object.get (/home/logan/Documents/2021fallsau/CPTR-571/contraints-visualization/tests/constraints.ts:49:54)
    at Object.get (/home/logan/Documents/2021fallsau/CPTR-571/contraints-visualization/tests/constraints.ts:49:54)
    at Object.get (/home/logan/Documents/2021fallsau/CPTR-571/contraints-visualization/tests/constraints.ts:49:54)
    at Object.get (/home/logan/Documents/2021fallsau/CPTR-571/contraints-visualization/tests/constraints.ts:49:54)
    at Object.get (/home/logan/Documents/2021fallsau/CPTR-571/contraints-visualization/tests/constraints.ts:49:54)
    at Object.get (/home/logan/Documents/2021fallsau/CPTR-571/contraints-visualization/tests/constraints.ts:49:54)
    at Object.get (/home/logan/Documents/2021fallsau/CPTR-571/contraints-visualization/tests/constraints.ts:49:54)
    at Object.get (/home/logan/Documents/2021fallsau/CPTR-571/contraints-visualization/tests/constraints.ts:49:54)
    at Object.get (/home/logan/Documents/2021fallsau/CPTR-571/contraints-visualization/tests/constraints.ts:49:54)
    at Object.get (/home/logan/Documents/2021fallsau/CPTR-571/contraints-visualization/tests/constraints.ts:49:54)
    at Object.get (/home/logan/Documents/2021fallsau/CPTR-571/contraints-visualization/tests/constraints.ts:49:54)
    at Object.get (/home/logan/Documents/2021fallsau/CPTR-571/contraints-visualization/tests/constraints.ts:49:54)
    at Object.get (/home/logan/Documents/2021fallsau/CPTR-571/contraints-visualization/tests/constraints.ts:49:54)
    at Object.get (/home/logan/Documents/2021fallsau/CPTR-571/contraints-visualization/tests/constraints.ts:49:54)
    at Object.get (/home/logan/Documents/2021fallsau/CPTR-571/contraints-visualization/tests/constraints.ts:49:54)
    at Object.get (/home/logan/Documents/2021fallsau/CPTR-571/contraints-visualization/tests/constraints.ts:49:54)
    at Object.get (/home/logan/Documents/2021fallsau/CPTR-571/contraints-visualization/tests/constraints.ts:49:54)
    at Object.get (/home/logan/Documents/2021fallsau/CPTR-571/contraints-visualization/tests/constraints.ts:49:54)
    at Object.get (/home/logan/Documents/2021fallsau/CPTR-571/contraints-visualization/tests/constraints.ts:49:54)
    at Object.get (/home/logan/Documents/2021fallsau/CPTR-571/contraints-visualization/tests/constraints.ts:49:54)
    at Object.get (/home/logan/Documents/2021fallsau/CPTR-571/contraints-visualization/tests/constraints.ts:49:54)
    at Object.get (/home/logan/Documents/2021fallsau/CPTR-571/contraints-visualization/tests/constraints.ts:49:54)
    at Object.get (/home/logan/Documents/2021fallsau/CPTR-571/contraints-visualization/tests/constraints.ts:49:54)
    at Object.get (/home/logan/Documents/2021fallsau/CPTR-571/contraints-visualization/tests/constraints.ts:49:54)
    at Object.get (/home/logan/Documents/2021fallsau/CPTR-571/contraints-visualization/tests/constraints.ts:49:54)
    at Object.get (/home/logan/Documents/2021fallsau/CPTR-571/contraints-visualization/tests/constraints.ts:49:54)
    at Object.get (/home/logan/Documents/2021fallsau/CPTR-571/contraints-visualization/tests/constraints.ts:49:54)
    at Object.get (/home/logan/Documents/2021fallsau/CPTR-571/contraints-visualization/tests/constraints.ts:49:54)
    at Object.get (/home/logan/Documents/2021fallsau/CPTR-571/contraints-visualization/tests/constraints.ts:49:54)
    at Object.get (/home/logan/Documents/2021fallsau/CPTR-571/contraints-visualization/tests/constraints.ts:49:54)
    at Object.get (/home/logan/Documents/2021fallsau/CPTR-571/contraints-visualization/tests/constraints.ts:49:54)
    at Object.get (/home/logan/Documents/2021fallsau/CPTR-571/contraints-visualization/tests/constraints.ts:49:54)
    at Object.get (/home/logan/Documents/2021fallsau/CPTR-571/contraints-visualization/tests/constraints.ts:49:54)
    at Object.get (/home/logan/Documents/2021fallsau/CPTR-571/contraints-visualization/tests/constraints.ts:49:54)
    at Object.get (/home/logan/Documents/2021fallsau/CPTR-571/contraints-visualization/tests/constraints.ts:49:54)
    at Object.get (/home/logan/Documents/2021fallsau/CPTR-571/contraints-visualization/tests/constraints.ts:49:54)
    at Object.get (/home/logan/Documents/2021fallsau/CPTR-571/contraints-visualization/tests/constraints.ts:49:54)
    at Object.get (/home/logan/Documents/2021fallsau/CPTR-571/contraints-visualization/tests/constraints.ts:49:54)
    at Object.get (/home/logan/Documents/2021fallsau/CPTR-571/contraints-visualization/tests/constraints.ts:49:54)
    at Object.get (/home/logan/Documents/2021fallsau/CPTR-571/contraints-visualization/tests/constraints.ts:49:54)
    at Object.get (/home/logan/Documents/2021fallsau/CPTR-571/contraints-visualization/tests/constraints.ts:49:54)
    at Object.get (/home/logan/Documents/2021fallsau/CPTR-571/contraints-visualization/tests/constraints.ts:49:54)
    at Object.get (/home/logan/Documents/2021fallsau/CPTR-571/contraints-visualization/tests/constraints.ts:49:54)
    at Object.get (/home/logan/Documents/2021fallsau/CPTR-571/contraints-visualization/tests/constraints.ts:49:54)
    at Object.get (/home/logan/Documents/2021fallsau/CPTR-571/contraints-visualization/tests/constraints.ts:49:54)
    at Object.get (/home/logan/Documents/2021fallsau/CPTR-571/contraints-visualization/tests/constraints.ts:49:54)
    at Object.get (/home/logan/Documents/2021fallsau/CPTR-571/contraints-visualization/tests/constraints.ts:49:54)
    at Object.get (/home/logan/Documents/2021fallsau/CPTR-571/contraints-visualization/tests/constraints.ts:49:54)
    at Object.get (/home/logan/Documents/2021fallsau/CPTR-571/contraints-visualization/tests/constraints.ts:49:54)
    at Object.get (/home/logan/Documents/2021fallsau/CPTR-571/contraints-visualization/tests/constraints.ts:49:54)
    at Object.get (/home/logan/Documents/2021fallsau/CPTR-571/contraints-visualization/tests/constraints.ts:49:54)
    at Object.get (/home/logan/Documents/2021fallsau/CPTR-571/contraints-visualization/tests/constraints.ts:49:54)
    at Object.get (/home/logan/Documents/2021fallsau/CPTR-571/contraints-visualization/tests/constraints.ts:49:54)
    at Object.get (/home/logan/Documents/2021fallsau/CPTR-571/contraints-visualization/tests/constraints.ts:49:54)
    at Object.get (/home/logan/Documents/2021fallsau/CPTR-571/contraints-visualization/tests/constraints.ts:49:54)
    at Object.get (/home/logan/Documents/2021fallsau/CPTR-571/contraints-visualization/tests/constraints.ts:49:54)
    at Object.get (/home/logan/Documents/2021fallsau/CPTR-571/contraints-visualization/tests/constraints.ts:49:54)
    at Object.get (/home/logan/Documents/2021fallsau/CPTR-571/contraints-visualization/tests/constraints.ts:49:54)
    at Object.get (/home/logan/Documents/2021fallsau/CPTR-571/contraints-visualization/tests/constraints.ts:49:54)
    at Object.get (/home/logan/Documents/2021fallsau/CPTR-571/contraints-visualization/tests/constraints.ts:49:54)
    at Object.get (/home/logan/Documents/2021fallsau/CPTR-571/contraints-visualization/tests/constraints.ts:49:54)
    at Object.get (/home/logan/Documents/2021fallsau/CPTR-571/contraints-visualization/tests/constraints.ts:49:54)
    at Object.get (/home/logan/Documents/2021fallsau/CPTR-571/contraints-visualization/tests/constraints.ts:49:54)
    at Object.get (/home/logan/Documents/2021fallsau/CPTR-571/contraints-visualization/tests/constraints.ts:49:54)
    at Object.get (/home/logan/Documents/2021fallsau/CPTR-571/contraints-visualization/tests/constraints.ts:49:54)
    at Object.get (/home/logan/Documents/2021fallsau/CPTR-571/contraints-visualization/tests/constraints.ts:49:54)
    at Object.get (/home/logan/Documents/2021fallsau/CPTR-571/contraints-visualization/tests/constraints.ts:49:54)
    at Object.get (/home/logan/Documents/2021fallsau/CPTR-571/contraints-visualization/tests/constraints.ts:49:54)
    at Object.get (/home/logan/Documents/2021fallsau/CPTR-571/contraints-visualization/tests/constraints.ts:49:54)
    at Object.get (/home/logan/Documents/2021fallsau/CPTR-571/contraints-visualization/tests/constraints.ts:49:54)
    at Object.get (/home/logan/Documents/2021fallsau/CPTR-571/contraints-visualization/tests/constraints.ts:49:54)
    at Object.get (/home/logan/Documents/2021fallsau/CPTR-571/contraints-visualization/tests/constraints.ts:49:54)
    at Object.get (/home/logan/Documents/2021fallsau/CPTR-571/contraints-visualization/tests/constraints.ts:49:54)
    at Object.get (/home/logan/Documents/2021fallsau/CPTR-571/contraints-visualization/tests/constraints.ts:49:54)
    at Object.get (/home/logan/Documents/2021fallsau/CPTR-571/contraints-visualization/tests/constraints.ts:49:54)
    at Object.get (/home/logan/Documents/2021fallsau/CPTR-571/contraints-visualization/tests/constraints.ts:49:54)
    at Object.get (/home/logan/Documents/2021fallsau/CPTR-571/contraints-visualization/tests/constraints.ts:49:54)
    at Object.get (/home/logan/Documents/2021fallsau/CPTR-571/contraints-visualization/tests/constraints.ts:49:54)
    at Object.get (/home/logan/Documents/2021fallsau/CPTR-571/contraints-visualization/tests/constraints.ts:49:54)
    at Object.get (/home/logan/Documents/2021fallsau/CPTR-571/contraints-visualization/tests/constraints.ts:49:54)
    at Object.get (/home/logan/Documents/2021fallsau/CPTR-571/contraints-visualization/tests/constraints.ts:49:54)
    at Object.get (/home/logan/Documents/2021fallsau/CPTR-571/contraints-visualization/tests/constraints.ts:49:54)
    at Object.get (/home/logan/Documents/2021fallsau/CPTR-571/contraints-visualization/tests/constraints.ts:49:54)
    at Object.get (/home/logan/Documents/2021fallsau/CPTR-571/contraints-visualization/tests/constraints.ts:49:54)
    at Object.get (/home/logan/Documents/2021fallsau/CPTR-571/contraints-visualization/tests/constraints.ts:49:54)
    at Object.get (/home/logan/Documents/2021fallsau/CPTR-571/contraints-visualization/tests/constraints.ts:49:54)
    at Object.get (/home/logan/Documents/2021fallsau/CPTR-571/contraints-visualization/tests/constraints.ts:49:54)
    at Object.get (/home/logan/Documents/2021fallsau/CPTR-571/contraints-visualization/tests/constraints.ts:49:54)
    at Object.get (/home/logan/Documents/2021fallsau/CPTR-571/contraints-visualization/tests/constraints.ts:49:54)
    at Object.get (/home/logan/Documents/2021fallsau/CPTR-571/contraints-visualization/tests/constraints.ts:49:54)
    at Object.get (/home/logan/Documents/2021fallsau/CPTR-571/contraints-visualization/tests/constraints.ts:49:54)
    at Object.get (/home/logan/Documents/2021fallsau/CPTR-571/contraints-visualization/tests/constraints.ts:49:54)
    at Object.get (/home/logan/Documents/2021fallsau/CPTR-571/contraints-visualization/tests/constraints.ts:49:54)
    at Object.get (/home/logan/Documents/2021fallsau/CPTR-571/contraints-visualization/tests/constraints.ts:49:54)
    at Object.get (/home/logan/Documents/2021fallsau/CPTR-571/contraints-visualization/tests/constraints.ts:49:54)
    at Object.get (/home/logan/Documents/2021fallsau/CPTR-571/contraints-visualization/tests/constraints.ts:49:54)
    at Object.get (/home/logan/Documents/2021fallsau/CPTR-571/contraints-visualization/tests/constraints.ts:49:54)
    at Object.get (/home/logan/Documents/2021fallsau/CPTR-571/contraints-visualization/tests/constraints.ts:49:54)
    at Object.get (/home/logan/Documents/2021fallsau/CPTR-571/contraints-visualization/tests/constraints.ts:49:54)
    at Object.get (/home/logan/Documents/2021fallsau/CPTR-571/contraints-visualization/tests/constraints.ts:49:54)
    at Object.get (/home/logan/Documents/2021fallsau/CPTR-571/contraints-visualization/tests/constraints.ts:49:54)
    at Object.get (/home/logan/Documents/2021fallsau/CPTR-571/contraints-visualization/tests/constraints.ts:49:54)
    at Object.get (/home/logan/Documents/2021fallsau/CPTR-571/contraints-visualization/tests/constraints.ts:49:54)
    at Object.get (/home/logan/Documents/2021fallsau/CPTR-571/contraints-visualization/tests/constraints.ts:49:54)
    at Object.get (/home/logan/Documents/2021fallsau/CPTR-571/contraints-visualization/tests/constraints.ts:49:54)
    at Object.get (/home/logan/Documents/2021fallsau/CPTR-571/contraints-visualization/tests/constraints.ts:49:54)
    at Object.get (/home/logan/Documents/2021fallsau/CPTR-571/contraints-visualization/tests/constraints.ts:49:54)
    at Object.get (/home/logan/Documents/2021fallsau/CPTR-571/contraints-visualization/tests/constraints.ts:49:54)
    at Object.get (/home/logan/Documents/2021fallsau/CPTR-571/contraints-visualization/tests/constraints.ts:49:54)
    at Object.get (/home/logan/Documents/2021fallsau/CPTR-571/contraints-visualization/tests/constraints.ts:49:54)
    at Object.get (/home/logan/Documents/2021fallsau/CPTR-571/contraints-visualization/tests/constraints.ts:49:54)
    at Object.get (/home/logan/Documents/2021fallsau/CPTR-571/contraints-visualization/tests/constraints.ts:49:54)
    at Object.get (/home/logan/Documents/2021fallsau/CPTR-571/contraints-visualization/tests/constraints.ts:49:54)
    at Object.get (/home/logan/Documents/2021fallsau/CPTR-571/contraints-visualization/tests/constraints.ts:49:54)
    at Object.get (/home/logan/Documents/2021fallsau/CPTR-571/contraints-visualization/tests/constraints.ts:49:54)
    at Object.get (/home/logan/Documents/2021fallsau/CPTR-571/contraints-visualization/tests/constraints.ts:49:54)
    at Object.get (/home/logan/Documents/2021fallsau/CPTR-571/contraints-visualization/tests/constraints.ts:49:54)
    at Object.get (/home/logan/Documents/2021fallsau/CPTR-571/contraints-visualization/tests/constraints.ts:49:54)
    at Object.get (/home/logan/Documents/2021fallsau/CPTR-571/contraints-visualization/tests/constraints.ts:49:54)
    at Object.get (/home/logan/Documents/2021fallsau/CPTR-571/contraints-visualization/tests/constraints.ts:49:54)
    at Object.get (/home/logan/Documents/2021fallsau/CPTR-571/contraints-visualization/tests/constraints.ts:49:54)
    at Object.get (/home/logan/Documents/2021fallsau/CPTR-571/contraints-visualization/tests/constraints.ts:49:54)
    at Object.get (/home/logan/Documents/2021fallsau/CPTR-571/contraints-visualization/tests/constraints.ts:49:54)
    at Object.get (/home/logan/Documents/2021fallsau/CPTR-571/contraints-visualization/tests/constraints.ts:49:54)
    at Object.get (/home/logan/Documents/2021fallsau/CPTR-571/contraints-visualization/tests/constraints.ts:49:54)
    at Object.get (/home/logan/Documents/2021fallsau/CPTR-571/contraints-visualization/tests/constraints.ts:49:54)
    at Object.get (/home/logan/Documents/2021fallsau/CPTR-571/contraints-visualization/tests/constraints.ts:49:54)
    at Object.get (/home/logan/Documents/2021fallsau/CPTR-571/contraints-visualization/tests/constraints.ts:49:54)
    at Object.get (/home/logan/Documents/2021fallsau/CPTR-571/contraints-visualization/tests/constraints.ts:49:54)
    at Object.get (/home/logan/Documents/2021fallsau/CPTR-571/contraints-visualization/tests/constraints.ts:49:54)
    at Object.get (/home/logan/Documents/2021fallsau/CPTR-571/contraints-visualization/tests/constraints.ts:49:54)
    at Object.get (/home/logan/Documents/2021fallsau/CPTR-571/contraints-visualization/tests/constraints.ts:49:54)
    at Object.get (/home/logan/Documents/2021fallsau/CPTR-571/contraints-visualization/tests/constraints.ts:49:54)
    at Object.get (/home/logan/Documents/2021fallsau/CPTR-571/contraints-visualization/tests/constraints.ts:49:54)
    at Object.get (/home/logan/Documents/2021fallsau/CPTR-571/contraints-visualization/tests/constraints.ts:49:54)
    at Object.get (/home/logan/Documents/2021fallsau/CPTR-571/contraints-visualization/tests/constraints.ts:49:54)
    at Object.get (/home/logan/Documents/2021fallsau/CPTR-571/contraints-visualization/tests/constraints.ts:49:54)
    at Object.get (/home/logan/Documents/2021fallsau/CPTR-571/contraints-visualization/tests/constraints.ts:49:54)
    at Object.get (/home/logan/Documents/2021fallsau/CPTR-571/contraints-visualization/tests/constraints.ts:49:54)
    at Object.get (/home/logan/Documents/2021fallsau/CPTR-571/contraints-visualization/tests/constraints.ts:49:54)
    at Object.get (/home/logan/Documents/2021fallsau/CPTR-571/contraints-visualization/tests/constraints.ts:49:54)
    at Object.get (/home/logan/Documents/2021fallsau/CPTR-571/contraints-visualization/tests/constraints.ts:49:54)
    at Object.get (/home/logan/Documents/2021fallsau/CPTR-571/contraints-visualization/tests/constraints.ts:49:54)
    at Object.get (/home/logan/Documents/2021fallsau/CPTR-571/contraints-visualization/tests/constraints.ts:49:54)
    at Object.get (/home/logan/Documents/2021fallsau/CPTR-571/contraints-visualization/tests/constraints.ts:49:54)
    at Object.get (/home/logan/Documents/2021fallsau/CPTR-571/contraints-visualization/tests/constraints.ts:49:54)
    at Object.get (/home/logan/Documents/2021fallsau/CPTR-571/contraints-visualization/tests/constraints.ts:49:54)
    at Object.get (/home/logan/Documents/2021fallsau/CPTR-571/contraints-visualization/tests/constraints.ts:49:54)
    at Object.get (/home/logan/Documents/2021fallsau/CPTR-571/contraints-visualization/tests/constraints.ts:49:54)
    at Object.get (/home/logan/Documents/2021fallsau/CPTR-571/contraints-visualization/tests/constraints.ts:49:54)
    at Object.get (/home/logan/Documents/2021fallsau/CPTR-571/contraints-visualization/tests/constraints.ts:49:54)
    at Object.get (/home/logan/Documents/2021fallsau/CPTR-571/contraints-visualization/tests/constraints.ts:49:54)
    at Object.get (/home/logan/Documents/2021fallsau/CPTR-571/contraints-visualization/tests/constraints.ts:49:54)
    at Object.get (/home/logan/Documents/2021fallsau/CPTR-571/contraints-visualization/tests/constraints.ts:49:54)
    at Object.get (/home/logan/Documents/2021fallsau/CPTR-571/contraints-visualization/tests/constraints.ts:49:54)
    at Object.get (/home/logan/Documents/2021fallsau/CPTR-571/contraints-visualization/tests/constraints.ts:49:54)
    at Object.get (/home/logan/Documents/2021fallsau/CPTR-571/contraints-visualization/tests/constraints.ts:49:54)
    at Object.get (/home/logan/Documents/2021fallsau/CPTR-571/contraints-visualization/tests/constraints.ts:49:54)
    at Object.get (/home/logan/Documents/2021fallsau/CPTR-571/contraints-visualization/tests/constraints.ts:49:54)
    at Object.get (/home/logan/Documents/2021fallsau/CPTR-571/contraints-visualization/tests/constraints.ts:49:54)
    at Object.get (/home/logan/Documents/2021fallsau/CPTR-571/contraints-visualization/tests/constraints.ts:49:54)
    at Object.get (/home/logan/Documents/2021fallsau/CPTR-571/contraints-visualization/tests/constraints.ts:49:54)
    at Object.get (/home/logan/Documents/2021fallsau/CPTR-571/contraints-visualization/tests/constraints.ts:49:54)
    at Object.get (/home/logan/Documents/2021fallsau/CPTR-571/contraints-visualization/tests/constraints.ts:49:54)
    at Object.get (/home/logan/Documents/2021fallsau/CPTR-571/contraints-visualization/tests/constraints.ts:49:54)
    at Object.get (/home/logan/Documents/2021fallsau/CPTR-571/contraints-visualization/tests/constraints.ts:49:54)
    at Object.get (/home/logan/Documents/2021fallsau/CPTR-571/contraints-visualization/tests/constraints.ts:49:54)
    at Object.get (/home/logan/Documents/2021fallsau/CPTR-571/contraints-visualization/tests/constraints.ts:49:54)
    at Object.get (/home/logan/Documents/2021fallsau/CPTR-571/contraints-visualization/tests/constraints.ts:49:54)
    at Object.get (/home/logan/Documents/2021fallsau/CPTR-571/contraints-visualization/tests/constraints.ts:49:54)
    at Object.get (/home/logan/Documents/2021fallsau/CPTR-571/contraints-visualization/tests/constraints.ts:49:54)
    at Object.get (/home/logan/Documents/2021fallsau/CPTR-571/contraints-visualization/tests/constraints.ts:49:54)
    at Object.get (/home/logan/Documents/2021fallsau/CPTR-571/contraints-visualization/tests/constraints.ts:49:54)
    at Object.get (/home/logan/Documents/2021fallsau/CPTR-571/contraints-visualization/tests/constraints.ts:49:54)
    at Object.get (/home/logan/Documents/2021fallsau/CPTR-571/contraints-visualization/tests/constraints.ts:49:54)
    at Object.get (/home/logan/Documents/2021fallsau/CPTR-571/contraints-visualization/tests/constraints.ts:49:54)
    at Object.get (/home/logan/Documents/2021fallsau/CPTR-571/contraints-visualization/tests/constraints.ts:49:54)
    at Object.get (/home/logan/Documents/2021fallsau/CPTR-571/contraints-visualization/tests/constraints.ts:49:54)
    at Object.get (/home/logan/Documents/2021fallsau/CPTR-571/contraints-visualization/tests/constraints.ts:49:54)
    at Object.get (/home/logan/Documents/2021fallsau/CPTR-571/contraints-visualization/tests/constraints.ts:49:54)
    at Object.get (/home/logan/Documents/2021fallsau/CPTR-571/contraints-visualization/tests/constraints.ts:49:54)
    at Object.get (/home/logan/Documents/2021fallsau/CPTR-571/contraints-visualization/tests/constraints.ts:49:54)
    at Object.get (/home/logan/Documents/2021fallsau/CPTR-571/contraints-visualization/tests/constraints.ts:49:54)
    at Object.get (/home/logan/Documents/2021fallsau/CPTR-571/contraints-visualization/tests/constraints.ts:49:54)
    at Object.get (/home/logan/Documents/2021fallsau/CPTR-571/contraints-visualization/tests/constraints.ts:49:54)
    at Object.get (/home/logan/Documents/2021fallsau/CPTR-571/contraints-visualization/tests/constraints.ts:49:54)
    at Object.get (/home/logan/Documents/2021fallsau/CPTR-571/contraints-visualization/tests/constraints.ts:49:54)
    at Object.get (/home/logan/Documents/2021fallsau/CPTR-571/contraints-visualization/tests/constraints.ts:49:54)
    at Object.get (/home/logan/Documents/2021fallsau/CPTR-571/contraints-visualization/tests/constraints.ts:49:54)
    at Object.get (/home/logan/Documents/2021fallsau/CPTR-571/contraints-visualization/tests/constraints.ts:49:54)
    at Object.get (/home/logan/Documents/2021fallsau/CPTR-571/contraints-visualization/tests/constraints.ts:49:54)
    at Object.get (/home/logan/Documents/2021fallsau/CPTR-571/contraints-visualization/tests/constraints.ts:49:54)
    at Object.get (/home/logan/Documents/2021fallsau/CPTR-571/contraints-visualization/tests/constraints.ts:49:54)
    at Object.get (/home/logan/Documents/2021fallsau/CPTR-571/contraints-visualization/tests/constraints.ts:49:54)
    at Object.get (/home/logan/Documents/2021fallsau/CPTR-571/contraints-visualization/tests/constraints.ts:49:54)
    at Object.get (/home/logan/Documents/2021fallsau/CPTR-571/contraints-visualization/tests/constraints.ts:49:54)
    at Object.get (/home/logan/Documents/2021fallsau/CPTR-571/contraints-visualization/tests/constraints.ts:49:54)
    at Object.get (/home/logan/Documents/2021fallsau/CPTR-571/contraints-visualization/tests/constraints.ts:49:54)
    at Object.get (/home/logan/Documents/2021fallsau/CPTR-571/contraints-visualization/tests/constraints.ts:49:54)
    at Object.get (/home/logan/Documents/2021fallsau/CPTR-571/contraints-visualization/tests/constraints.ts:49:54)
    at Object.get (/home/logan/Documents/2021fallsau/CPTR-571/contraints-visualization/tests/constraints.ts:49:54)
    at Object.get (/home/logan/Documents/2021fallsau/CPTR-571/contraints-visualization/tests/constraints.ts:49:54)
    at Object.get (/home/logan/Documents/2021fallsau/CPTR-571/contraints-visualization/tests/constraints.ts:49:54)
    at Object.get (/home/logan/Documents/2021fallsau/CPTR-571/contraints-visualization/tests/constraints.ts:49:54)
    at Object.get (/home/logan/Documents/2021fallsau/CPTR-571/contraints-visualization/tests/constraints.ts:49:54)
    at Object.get (/home/logan/Documents/2021fallsau/CPTR-571/contraints-visualization/tests/constraints.ts:49:54)
    at Object.get (/home/logan/Documents/2021fallsau/CPTR-571/contraints-visualization/tests/constraints.ts:49:54)
    at Object.get (/home/logan/Documents/2021fallsau/CPTR-571/contraints-visualization/tests/constraints.ts:49:54)
    at Object.get (/home/logan/Documents/2021fallsau/CPTR-571/contraints-visualization/tests/constraints.ts:49:54)
    at Object.get (/home/logan/Documents/2021fallsau/CPTR-571/contraints-visualization/tests/constraints.ts:49:54)
    at Object.get (/home/logan/Documents/2021fallsau/CPTR-571/contraints-visualization/tests/constraints.ts:49:54)
    at Object.get (/home/logan/Documents/2021fallsau/CPTR-571/contraints-visualization/tests/constraints.ts:49:54)
    at Object.get (/home/logan/Documents/2021fallsau/CPTR-571/contraints-visualization/tests/constraints.ts:49:54)
    at Object.get (/home/logan/Documents/2021fallsau/CPTR-571/contraints-visualization/tests/constraints.ts:49:54)
    at Object.get (/home/logan/Documents/2021fallsau/CPTR-571/contraints-visualization/tests/constraints.ts:49:54)
    at Object.get (/home/logan/Documents/2021fallsau/CPTR-571/contraints-visualization/tests/constraints.ts:49:54)
    at Object.get (/home/logan/Documents/2021fallsau/CPTR-571/contraints-visualization/tests/constraints.ts:49:54)
    at Object.get (/home/logan/Documents/2021fallsau/CPTR-571/contraints-visualization/tests/constraints.ts:49:54)
    at Object.get (/home/logan/Documents/2021fallsau/CPTR-571/contraints-visualization/tests/constraints.ts:49:54)
    at Object.get (/home/logan/Documents/2021fallsau/CPTR-571/contraints-visualization/tests/constraints.ts:49:54)
    at Object.get (/home/logan/Documents/2021fallsau/CPTR-571/contraints-visualization/tests/constraints.ts:49:54)
    at Object.get (/home/logan/Documents/2021fallsau/CPTR-571/contraints-visualization/tests/constraints.ts:49:54)
    at Object.get (/home/logan/Documents/2021fallsau/CPTR-571/contraints-visualization/tests/constraints.ts:49:54)
    at Object.get (/home/logan/Documents/2021fallsau/CPTR-571/contraints-visualization/tests/constraints.ts:49:54)
    at Object.get (/home/logan/Documents/2021fallsau/CPTR-571/contraints-visualization/tests/constraints.ts:49:54)
    at Object.get (/home/logan/Documents/2021fallsau/CPTR-571/contraints-visualization/tests/constraints.ts:49:54)
    at Object.get (/home/logan/Documents/2021fallsau/CPTR-571/contraints-visualization/tests/constraints.ts:49:54)
    at Object.get (/home/logan/Documents/2021fallsau/CPTR-571/contraints-visualization/tests/constraints.ts:49:54)
    at Object.get (/home/logan/Documents/2021fallsau/CPTR-571/contraints-visualization/tests/constraints.ts:49:54)
    at Object.get (/home/logan/Documents/2021fallsau/CPTR-571/contraints-visualization/tests/constraints.ts:49:54)
    at Object.get (/home/logan/Documents/2021fallsau/CPTR-571/contraints-visualization/tests/constraints.ts:49:54)
    at Object.get (/home/logan/Documents/2021fallsau/CPTR-571/contraints-visualization/tests/constraints.ts:49:54)
    at Object.get (/home/logan/Documents/2021fallsau/CPTR-571/contraints-visualization/tests/constraints.ts:49:54)
    at Object.get (/home/logan/Documents/2021fallsau/CPTR-571/contraints-visualization/tests/constraints.ts:49:54)
    at Object.get (/home/logan/Documents/2021fallsau/CPTR-571/contraints-visualization/tests/constraints.ts:49:54)
    at Object.get (/home/logan/Documents/2021fallsau/CPTR-571/contraints-visualization/tests/constraints.ts:49:54)
    at Object.get (/home/logan/Documents/2021fallsau/CPTR-571/contraints-visualization/tests/constraints.ts:49:54)
    at Object.get (/home/logan/Documents/2021fallsau/CPTR-571/contraints-visualization/tests/constraints.ts:49:54)
    at Object.get (/home/logan/Documents/2021fallsau/CPTR-571/contraints-visualization/tests/constraints.ts:49:54)
    at Object.get (/home/logan/Documents/2021fallsau/CPTR-571/contraints-visualization/tests/constraints.ts:49:54)
    at Object.get (/home/logan/Documents/2021fallsau/CPTR-571/contraints-visualization/tests/constraints.ts:49:54)
    at Object.get (/home/logan/Documents/2021fallsau/CPTR-571/contraints-visualization/tests/constraints.ts:49:54)
    at Object.get (/home/logan/Documents/2021fallsau/CPTR-571/contraints-visualization/tests/constraints.ts:49:54)
    at Object.get (/home/logan/Documents/2021fallsau/CPTR-571/contraints-visualization/tests/constraints.ts:49:54)
    at Object.get (/home/logan/Documents/2021fallsau/CPTR-571/contraints-visualization/tests/constraints.ts:49:54)
    at Object.get (/home/logan/Documents/2021fallsau/CPTR-571/contraints-visualization/tests/constraints.ts:49:54)
    at Object.get (/home/logan/Documents/2021fallsau/CPTR-571/contraints-visualization/tests/constraints.ts:49:54)
    at Object.get (/home/logan/Documents/2021fallsau/CPTR-571/contraints-visualization/tests/constraints.ts:49:54)
    at Object.get (/home/logan/Documents/2021fallsau/CPTR-571/contraints-visualization/tests/constraints.ts:49:54)
    at Object.get (/home/logan/Documents/2021fallsau/CPTR-571/contraints-visualization/tests/constraints.ts:49:54)
    at Object.get (/home/logan/Documents/2021fallsau/CPTR-571/contraints-visualization/tests/constraints.ts:49:54)
    at Object.get (/home/logan/Documents/2021fallsau/CPTR-571/contraints-visualization/tests/constraints.ts:49:54)
    at Object.get (/home/logan/Documents/2021fallsau/CPTR-571/contraints-visualization/tests/constraints.ts:49:54)
    at Object.get (/home/logan/Documents/2021fallsau/CPTR-571/contraints-visualization/tests/constraints.ts:49:54)
    at Object.get (/home/logan/Documents/2021fallsau/CPTR-571/contraints-visualization/tests/constraints.ts:49:54)
    at Object.get (/home/logan/Documents/2021fallsau/CPTR-571/contraints-visualization/tests/constraints.ts:49:54)
    at Object.get (/home/logan/Documents/2021fallsau/CPTR-571/contraints-visualization/tests/constraints.ts:49:54)
    at Object.get (/home/logan/Documents/2021fallsau/CPTR-571/contraints-visualization/tests/constraints.ts:49:54)
    at Object.get (/home/logan/Documents/2021fallsau/CPTR-571/contraints-visualization/tests/constraints.ts:49:54)
    at Object.get (/home/logan/Documents/2021fallsau/CPTR-571/contraints-visualization/tests/constraints.ts:49:54)
    at Object.get (/home/logan/Documents/2021fallsau/CPTR-571/contraints-visualization/tests/constraints.ts:49:54)
    at Object.get (/home/logan/Documents/2021fallsau/CPTR-571/contraints-visualization/tests/constraints.ts:49:54)
    at Object.get (/home/logan/Documents/2021fallsau/CPTR-571/contraints-visualization/tests/constraints.ts:49:54)
    at Object.get (/home/logan/Documents/2021fallsau/CPTR-571/contraints-visualization/tests/constraints.ts:49:54)
    at Object.get (/home/logan/Documents/2021fallsau/CPTR-571/contraints-visualization/tests/constraints.ts:49:54)
    at Object.get (/home/logan/Documents/2021fallsau/CPTR-571/contraints-visualization/tests/constraints.ts:49:54)
    at Object.get (/home/logan/Documents/2021fallsau/CPTR-571/contraints-visualization/tests/constraints.ts:49:54)
    at Object.get (/home/logan/Documents/2021fallsau/CPTR-571/contraints-visualization/tests/constraints.ts:49:54)
    at Object.get (/home/logan/Documents/2021fallsau/CPTR-571/contraints-visualization/tests/constraints.ts:49:54)
    at Object.get (/home/logan/Documents/2021fallsau/CPTR-571/contraints-visualization/tests/constraints.ts:49:54)
    at Object.get (/home/logan/Documents/2021fallsau/CPTR-571/contraints-visualization/tests/constraints.ts:49:54)
    at Object.get (/home/logan/Documents/2021fallsau/CPTR-571/contraints-visualization/tests/constraints.ts:49:54)
    at Object.get (/home/logan/Documents/2021fallsau/CPTR-571/contraints-visualization/tests/constraints.ts:49:54)
    at Object.get (/home/logan/Documents/2021fallsau/CPTR-571/contraints-visualization/tests/constraints.ts:49:54)
    at Object.get (/home/logan/Documents/2021fallsau/CPTR-571/contraints-visualization/tests/constraints.ts:49:54)
    at Object.get (/home/logan/Documents/2021fallsau/CPTR-571/contraints-visualization/tests/constraints.ts:49:54)
    at Object.get (/home/logan/Documents/2021fallsau/CPTR-571/contraints-visualization/tests/constraints.ts:49:54)
    at Object.get (/home/logan/Documents/2021fallsau/CPTR-571/contraints-visualization/tests/constraints.ts:49:54)
    at Object.get (/home/logan/Documents/2021fallsau/CPTR-571/contraints-visualization/tests/constraints.ts:49:54)
    at Object.get (/home/logan/Documents/2021fallsau/CPTR-571/contraints-visualization/tests/constraints.ts:49:54)
    at Object.get (/home/logan/Documents/2021fallsau/CPTR-571/contraints-visualization/tests/constraints.ts:49:54)
    at Object.get (/home/logan/Documents/2021fallsau/CPTR-571/contraints-visualization/tests/constraints.ts:49:54)
    at Object.get (/home/logan/Documents/2021fallsau/CPTR-571/contraints-visualization/tests/constraints.ts:49:54)
    at Object.get (/home/logan/Documents/2021fallsau/CPTR-571/contraints-visualization/tests/constraints.ts:49:54)
    at Object.get (/home/logan/Documents/2021fallsau/CPTR-571/contraints-visualization/tests/constraints.ts:49:54)
    at Object.get (/home/logan/Documents/2021fallsau/CPTR-571/contraints-visualization/tests/constraints.ts:49:54)
    at Object.get (/home/logan/Documents/2021fallsau/CPTR-571/contraints-visualization/tests/constraints.ts:49:54)
    at Object.get (/home/logan/Documents/2021fallsau/CPTR-571/contraints-visualization/tests/constraints.ts:49:54)
    at Object.get (/home/logan/Documents/2021fallsau/CPTR-571/contraints-visualization/tests/constraints.ts:49:54)
    at Object.get (/home/logan/Documents/2021fallsau/CPTR-571/contraints-visualization/tests/constraints.ts:49:54)
    at Object.get (/home/logan/Documents/2021fallsau/CPTR-571/contraints-visualization/tests/constraints.ts:49:54)
    at Object.get (/home/logan/Documents/2021fallsau/CPTR-571/contraints-visualization/tests/constraints.ts:49:54)
    at Object.get (/home/logan/Documents/2021fallsau/CPTR-571/contraints-visualization/tests/constraints.ts:49:54)
    at Object.get (/home/logan/Documents/2021fallsau/CPTR-571/contraints-visualization/tests/constraints.ts:49:54)
    at Object.get (/home/logan/Documents/2021fallsau/CPTR-571/contraints-visualization/tests/constraints.ts:49:54)
    at Object.get (/home/logan/Documents/2021fallsau/CPTR-571/contraints-visualization/tests/constraints.ts:49:54)
    at Object.get (/home/logan/Documents/2021fallsau/CPTR-571/contraints-visualization/tests/constraints.ts:49:54)
    at Object.get (/home/logan/Documents/2021fallsau/CPTR-571/contraints-visualization/tests/constraints.ts:49:54)
    at Object.get (/home/logan/Documents/2021fallsau/CPTR-571/contraints-visualization/tests/constraints.ts:49:54)
    at Object.get (/home/logan/Documents/2021fallsau/CPTR-571/contraints-visualization/tests/constraints.ts:49:54)
    at Object.get (/home/logan/Documents/2021fallsau/CPTR-571/contraints-visualization/tests/constraints.ts:49:54)
    at Object.get (/home/logan/Documents/2021fallsau/CPTR-571/contraints-visualization/tests/constraints.ts:49:54)
    at Object.get (/home/logan/Documents/2021fallsau/CPTR-571/contraints-visualization/tests/constraints.ts:49:54)
    at Object.get (/home/logan/Documents/2021fallsau/CPTR-571/contraints-visualization/tests/constraints.ts:49:54)
    at Object.get (/home/logan/Documents/2021fallsau/CPTR-571/contraints-visualization/tests/constraints.ts:49:54)
    at Object.get (/home/logan/Documents/2021fallsau/CPTR-571/contraints-visualization/tests/constraints.ts:49:54)
    at Object.get (/home/logan/Documents/2021fallsau/CPTR-571/contraints-visualization/tests/constraints.ts:49:54)
    at Object.get (/home/logan/Documents/2021fallsau/CPTR-571/contraints-visualization/tests/constraints.ts:49:54)
    at Object.get (/home/logan/Documents/2021fallsau/CPTR-571/contraints-visualization/tests/constraints.ts:49:54)
    at Object.get (/home/logan/Documents/2021fallsau/CPTR-571/contraints-visualization/tests/constraints.ts:49:54)
    at Object.get (/home/logan/Documents/2021fallsau/CPTR-571/contraints-visualization/tests/constraints.ts:49:54)
    at Object.get (/home/logan/Documents/2021fallsau/CPTR-571/contraints-visualization/tests/constraints.ts:49:54)
    at Object.get (/home/logan/Documents/2021fallsau/CPTR-571/contraints-visualization/tests/constraints.ts:49:54)
    at Object.get (/home/logan/Documents/2021fallsau/CPTR-571/contraints-visualization/tests/constraints.ts:49:54)
    at Object.get (/home/logan/Documents/2021fallsau/CPTR-571/contraints-visualization/tests/constraints.ts:49:54)
    at Object.get (/home/logan/Documents/2021fallsau/CPTR-571/contraints-visualization/tests/constraints.ts:49:54)
    at Object.get (/home/logan/Documents/2021fallsau/CPTR-571/contraints-visualization/tests/constraints.ts:49:54)
    at Object.get (/home/logan/Documents/2021fallsau/CPTR-571/contraints-visualization/tests/constraints.ts:49:54)
    at Object.get (/home/logan/Documents/2021fallsau/CPTR-571/contraints-visualization/tests/constraints.ts:49:54)
    at Object.get (/home/logan/Documents/2021fallsau/CPTR-571/contraints-visualization/tests/constraints.ts:49:54)
    at Object.get (/home/logan/Documents/2021fallsau/CPTR-571/contraints-visualization/tests/constraints.ts:49:54)
    at Object.get (/home/logan/Documents/2021fallsau/CPTR-571/contraints-visualization/tests/constraints.ts:49:54)
    at Object.get (/home/logan/Documents/2021fallsau/CPTR-571/contraints-visualization/tests/constraints.ts:49:54)
    at Object.get (/home/logan/Documents/2021fallsau/CPTR-571/contraints-visualization/tests/constraints.ts:49:54)
    at Object.get (/home/logan/Documents/2021fallsau/CPTR-571/contraints-visualization/tests/constraints.ts:49:54)
    at Object.get (/home/logan/Documents/2021fallsau/CPTR-571/contraints-visualization/tests/constraints.ts:49:54)
    at Object.get (/home/logan/Documents/2021fallsau/CPTR-571/contraints-visualization/tests/constraints.ts:49:54)
    at Object.get (/home/logan/Documents/2021fallsau/CPTR-571/contraints-visualization/tests/constraints.ts:49:54)
    at Object.get (/home/logan/Documents/2021fallsau/CPTR-571/contraints-visualization/tests/constraints.ts:49:54)
    at Object.get (/home/logan/Documents/2021fallsau/CPTR-571/contraints-visualization/tests/constraints.ts:49:54)
    at Object.get (/home/logan/Documents/2021fallsau/CPTR-571/contraints-visualization/tests/constraints.ts:49:54)
    at Object.get (/home/logan/Documents/2021fallsau/CPTR-571/contraints-visualization/tests/constraints.ts:49:54)
    at Object.get (/home/logan/Documents/2021fallsau/CPTR-571/contraints-visualization/tests/constraints.ts:49:54)
    at Object.get (/home/logan/Documents/2021fallsau/CPTR-571/contraints-visualization/tests/constraints.ts:49:54)
    at Object.get (/home/logan/Documents/2021fallsau/CPTR-571/contraints-visualization/tests/constraints.ts:49:54)
    at Object.get (/home/logan/Documents/2021fallsau/CPTR-571/contraints-visualization/tests/constraints.ts:49:54)
    at Object.get (/home/logan/Documents/2021fallsau/CPTR-571/contraints-visualization/tests/constraints.ts:49:54)
    at Object.get (/home/logan/Documents/2021fallsau/CPTR-571/contraints-visualization/tests/constraints.ts:49:54)
    at Object.get (/home/logan/Documents/2021fallsau/CPTR-571/contraints-visualization/tests/constraints.ts:49:54)
    at Object.get (/home/logan/Documents/2021fallsau/CPTR-571/contraints-visualization/tests/constraints.ts:49:54)
    at Object.get (/home/logan/Documents/2021fallsau/CPTR-571/contraints-visualization/tests/constraints.ts:49:54)
    at Object.get (/home/logan/Documents/2021fallsau/CPTR-571/contraints-visualization/tests/constraints.ts:49:54)
    at Object.get (/home/logan/Documents/2021fallsau/CPTR-571/contraints-visualization/tests/constraints.ts:49:54)
    at Object.get (/home/logan/Documents/2021fallsau/CPTR-571/contraints-visualization/tests/constraints.ts:49:54)
    at Object.get (/home/logan/Documents/2021fallsau/CPTR-571/contraints-visualization/tests/constraints.ts:49:54)
    at Object.get (/home/logan/Documents/2021fallsau/CPTR-571/contraints-visualization/tests/constraints.ts:49:54)
    at Object.get (/home/logan/Documents/2021fallsau/CPTR-571/contraints-visualization/tests/constraints.ts:49:54)
    at Object.get (/home/logan/Documents/2021fallsau/CPTR-571/contraints-visualization/tests/constraints.ts:49:54)
    at Object.get (/home/logan/Documents/2021fallsau/CPTR-571/contraints-visualization/tests/constraints.ts:49:54)
    at Object.get (/home/logan/Documents/2021fallsau/CPTR-571/contraints-visualization/tests/constraints.ts:49:54)
    at Object.get (/home/logan/Documents/2021fallsau/CPTR-571/contraints-visualization/tests/constraints.ts:49:54)
    at Object.get (/home/logan/Documents/2021fallsau/CPTR-571/contraints-visualization/tests/constraints.ts:49:54)
    at Object.get (/home/logan/Documents/2021fallsau/CPTR-571/contraints-visualization/tests/constraints.ts:49:54)
    at Object.get (/home/logan/Documents/2021fallsau/CPTR-571/contraints-visualization/tests/constraints.ts:49:54)
    at Object.get (/home/logan/Documents/2021fallsau/CPTR-571/contraints-visualization/tests/constraints.ts:49:54)
    at Object.get (/home/logan/Documents/2021fallsau/CPTR-571/contraints-visualization/tests/constraints.ts:49:54)
    at Object.get (/home/logan/Documents/2021fallsau/CPTR-571/contraints-visualization/tests/constraints.ts:49:54)
    at Object.get (/home/logan/Documents/2021fallsau/CPTR-571/contraints-visualization/tests/constraints.ts:49:54)
    at Object.get (/home/logan/Documents/2021fallsau/CPTR-571/contraints-visualization/tests/constraints.ts:49:54)
    at Object.get (/home/logan/Documents/2021fallsau/CPTR-571/contraints-visualization/tests/constraints.ts:49:54)
    at Object.get (/home/logan/Documents/2021fallsau/CPTR-571/contraints-visualization/tests/constraints.ts:49:54)
    at Object.get (/home/logan/Documents/2021fallsau/CPTR-571/contraints-visualization/tests/constraints.ts:49:54)
    at Object.get (/home/logan/Documents/2021fallsau/CPTR-571/contraints-visualization/tests/constraints.ts:49:54)
    at Object.get (/home/logan/Documents/2021fallsau/CPTR-571/contraints-visualization/tests/constraints.ts:49:54)
    at Object.get (/home/logan/Documents/2021fallsau/CPTR-571/contraints-visualization/tests/constraints.ts:49:54)
    at Object.get (/home/logan/Documents/2021fallsau/CPTR-571/contraints-visualization/tests/constraints.ts:49:54)
    at Object.get (/home/logan/Documents/2021fallsau/CPTR-571/contraints-visualization/tests/constraints.ts:49:54)
    at Object.get (/home/logan/Documents/2021fallsau/CPTR-571/contraints-visualization/tests/constraints.ts:49:54)
    at Object.get (/home/logan/Documents/2021fallsau/CPTR-571/contraints-visualization/tests/constraints.ts:49:54)
    at Object.get (/home/logan/Documents/2021fallsau/CPTR-571/contraints-visualization/tests/constraints.ts:49:54)
    at Object.get (/home/logan/Documents/2021fallsau/CPTR-571/contraints-visualization/tests/constraints.ts:49:54)
    at Object.get (/home/logan/Documents/2021fallsau/CPTR-571/contraints-visualization/tests/constraints.ts:49:54)
    at Object.get (/home/logan/Documents/2021fallsau/CPTR-571/contraints-visualization/tests/constraints.ts:49:54)
    at Object.get (/home/logan/Documents/2021fallsau/CPTR-571/contraints-visualization/tests/constraints.ts:49:54)
    at Object.get (/home/logan/Documents/2021fallsau/CPTR-571/contraints-visualization/tests/constraints.ts:49:54)
    at Object.get (/home/logan/Documents/2021fallsau/CPTR-571/contraints-visualization/tests/constraints.ts:49:54)
    at Object.get (/home/logan/Documents/2021fallsau/CPTR-571/contraints-visualization/tests/constraints.ts:49:54)
    at Object.get (/home/logan/Documents/2021fallsau/CPTR-571/contraints-visualization/tests/constraints.ts:49:54)
    at Object.get (/home/logan/Documents/2021fallsau/CPTR-571/contraints-visualization/tests/constraints.ts:49:54)
    at Object.get (/home/logan/Documents/2021fallsau/CPTR-571/contraints-visualization/tests/constraints.ts:49:54)
    at Object.get (/home/logan/Documents/2021fallsau/CPTR-571/contraints-visualization/tests/constraints.ts:49:54)
    at Object.get (/home/logan/Documents/2021fallsau/CPTR-571/contraints-visualization/tests/constraints.ts:49:54)
    at Object.get (/home/logan/Documents/2021fallsau/CPTR-571/contraints-visualization/tests/constraints.ts:49:54)
    at Object.get (/home/logan/Documents/2021fallsau/CPTR-571/contraints-visualization/tests/constraints.ts:49:54)
    at Object.get (/home/logan/Documents/2021fallsau/CPTR-571/contraints-visualization/tests/constraints.ts:49:54)
    at Object.get (/home/logan/Documents/2021fallsau/CPTR-571/contraints-visualization/tests/constraints.ts:49:54)
    at Object.get (/home/logan/Documents/2021fallsau/CPTR-571/contraints-visualization/tests/constraints.ts:49:54)
    at Object.get (/home/logan/Documents/2021fallsau/CPTR-571/contraints-visualization/tests/constraints.ts:49:54)
    at Object.get (/home/logan/Documents/2021fallsau/CPTR-571/contraints-visualization/tests/constraints.ts:49:54)
    at Object.get (/home/logan/Documents/2021fallsau/CPTR-571/contraints-visualization/tests/constraints.ts:49:54)
    at Object.get (/home/logan/Documents/2021fallsau/CPTR-571/contraints-visualization/tests/constraints.ts:49:54)
    at Object.get (/home/logan/Documents/2021fallsau/CPTR-571/contraints-visualization/tests/constraints.ts:49:54)
    at Object.get (/home/logan/Documents/2021fallsau/CPTR-571/contraints-visualization/tests/constraints.ts:49:54)
    at Object.get (/home/logan/Documents/2021fallsau/CPTR-571/contraints-visualization/tests/constraints.ts:49:54)
    at Object.get (/home/logan/Documents/2021fallsau/CPTR-571/contraints-visualization/tests/constraints.ts:49:54)
    at Object.get (/home/logan/Documents/2021fallsau/CPTR-571/contraints-visualization/tests/constraints.ts:49:54)
    at Object.get (/home/logan/Documents/2021fallsau/CPTR-571/contraints-visualization/tests/constraints.ts:49:54)
    at Object.get (/home/logan/Documents/2021fallsau/CPTR-571/contraints-visualization/tests/constraints.ts:49:54)
    at Object.get (/home/logan/Documents/2021fallsau/CPTR-571/contraints-visualization/tests/constraints.ts:49:54)
    at Object.get (/home/logan/Documents/2021fallsau/CPTR-571/contraints-visualization/tests/constraints.ts:49:54)
    at Object.get (/home/logan/Documents/2021fallsau/CPTR-571/contraints-visualization/tests/constraints.ts:49:54)
    at Object.get (/home/logan/Documents/2021fallsau/CPTR-571/contraints-visualization/tests/constraints.ts:49:54)
    at Object.get (/home/logan/Documents/2021fallsau/CPTR-571/contraints-visualization/tests/constraints.ts:49:54)
    at Object.get (/home/logan/Documents/2021fallsau/CPTR-571/contraints-visualization/tests/constraints.ts:49:54)
    at Object.get (/home/logan/Documents/2021fallsau/CPTR-571/contraints-visualization/tests/constraints.ts:49:54)
    at Object.get (/home/logan/Documents/2021fallsau/CPTR-571/contraints-visualization/tests/constraints.ts:49:54)
    at Object.get (/home/logan/Documents/2021fallsau/CPTR-571/contraints-visualization/tests/constraints.ts:49:54)
    at Object.get (/home/logan/Documents/2021fallsau/CPTR-571/contraints-visualization/tests/constraints.ts:49:54)
    at Object.get (/home/logan/Documents/2021fallsau/CPTR-571/contraints-visualization/tests/constraints.ts:49:54)
    at Object.get (/home/logan/Documents/2021fallsau/CPTR-571/contraints-visualization/tests/constraints.ts:49:54)
    at Object.get (/home/logan/Documents/2021fallsau/CPTR-571/contraints-visualization/tests/constraints.ts:49:54)
    at Object.get (/home/logan/Documents/2021fallsau/CPTR-571/contraints-visualization/tests/constraints.ts:49:54)
    at Object.get (/home/logan/Documents/2021fallsau/CPTR-571/contraints-visualization/tests/constraints.ts:49:54)
    at Object.get (/home/logan/Documents/2021fallsau/CPTR-571/contraints-visualization/tests/constraints.ts:49:54)
    at Object.get (/home/logan/Documents/2021fallsau/CPTR-571/contraints-visualization/tests/constraints.ts:49:54)
    at Object.get (/home/logan/Documents/2021fallsau/CPTR-571/contraints-visualization/tests/constraints.ts:49:54)
    at Object.get (/home/logan/Documents/2021fallsau/CPTR-571/contraints-visualization/tests/constraints.ts:49:54)
    at Object.get (/home/logan/Documents/2021fallsau/CPTR-571/contraints-visualization/tests/constraints.ts:49:54)
    at Object.get (/home/logan/Documents/2021fallsau/CPTR-571/contraints-visualization/tests/constraints.ts:49:54)
    at Object.get (/home/logan/Documents/2021fallsau/CPTR-571/contraints-visualization/tests/constraints.ts:49:54)
    at Object.get (/home/logan/Documents/2021fallsau/CPTR-571/contraints-visualization/tests/constraints.ts:49:54)
    at Object.get (/home/logan/Documents/2021fallsau/CPTR-571/contraints-visualization/tests/constraints.ts:49:54)
    at Object.get (/home/logan/Documents/2021fallsau/CPTR-571/contraints-visualization/tests/constraints.ts:49:54)
    at Object.get (/home/logan/Documents/2021fallsau/CPTR-571/contraints-visualization/tests/constraints.ts:49:54)
    at Object.get (/home/logan/Documents/2021fallsau/CPTR-571/contraints-visualization/tests/constraints.ts:49:54)
    at Object.get (/home/logan/Documents/2021fallsau/CPTR-571/contraints-visualization/tests/constraints.ts:49:54)
    at Object.get (/home/logan/Documents/2021fallsau/CPTR-571/contraints-visualization/tests/constraints.ts:49:54)
    at Object.get (/home/logan/Documents/2021fallsau/CPTR-571/contraints-visualization/tests/constraints.ts:49:54)
    at Object.get (/home/logan/Documents/2021fallsau/CPTR-571/contraints-visualization/tests/constraints.ts:49:54)
    at Object.get (/home/logan/Documents/2021fallsau/CPTR-571/contraints-visualization/tests/constraints.ts:49:54)
    at Object.get (/home/logan/Documents/2021fallsau/CPTR-571/contraints-visualization/tests/constraints.ts:49:54)
    at Object.get (/home/logan/Documents/2021fallsau/CPTR-571/contraints-visualization/tests/constraints.ts:49:54)
    at Object.get (/home/logan/Documents/2021fallsau/CPTR-571/contraints-visualization/tests/constraints.ts:49:54)
    at Object.get (/home/logan/Documents/2021fallsau/CPTR-571/contraints-visualization/tests/constraints.ts:49:54)
    at Object.get (/home/logan/Documents/2021fallsau/CPTR-571/contraints-visualization/tests/constraints.ts:49:54)
    at Object.get (/home/logan/Documents/2021fallsau/CPTR-571/contraints-visualization/tests/constraints.ts:49:54)
    at Object.get (/home/logan/Documents/2021fallsau/CPTR-571/contraints-visualization/tests/constraints.ts:49:54)
    at Object.get (/home/logan/Documents/2021fallsau/CPTR-571/contraints-visualization/tests/constraints.ts:49:54)
    at Object.get (/home/logan/Documents/2021fallsau/CPTR-571/contraints-visualization/tests/constraints.ts:49:54)
    at Object.get (/home/logan/Documents/2021fallsau/CPTR-571/contraints-visualization/tests/constraints.ts:49:54)
    at Object.get (/home/logan/Documents/2021fallsau/CPTR-571/contraints-visualization/tests/constraints.ts:49:54)
    at Object.get (/home/logan/Documents/2021fallsau/CPTR-571/contraints-visualization/tests/constraints.ts:49:54)
    at Object.get (/home/logan/Documents/2021fallsau/CPTR-571/contraints-visualization/tests/constraints.ts:49:54)
    at Object.get (/home/logan/Documents/2021fallsau/CPTR-571/contraints-visualization/tests/constraints.ts:49:54)
    at Object.get (/home/logan/Documents/2021fallsau/CPTR-571/contraints-visualization/tests/constraints.ts:49:54)
    at Object.get (/home/logan/Documents/2021fallsau/CPTR-571/contraints-visualization/tests/constraints.ts:49:54)
    at Object.get (/home/logan/Documents/2021fallsau/CPTR-571/contraints-visualization/tests/constraints.ts:49:54)
    at Object.get (/home/logan/Documents/2021fallsau/CPTR-571/contraints-visualization/tests/constraints.ts:49:54)
    at Object.get (/home/logan/Documents/2021fallsau/CPTR-571/contraints-visualization/tests/constraints.ts:49:54)
    at Object.get (/home/logan/Documents/2021fallsau/CPTR-571/contraints-visualization/tests/constraints.ts:49:54)
    at Object.get (/home/logan/Documents/2021fallsau/CPTR-571/contraints-visualization/tests/constraints.ts:49:54)
    at Object.get (/home/logan/Documents/2021fallsau/CPTR-571/contraints-visualization/tests/constraints.ts:49:54)
    at Object.get (/home/logan/Documents/2021fallsau/CPTR-571/contraints-visualization/tests/constraints.ts:49:54)
    at Object.get (/home/logan/Documents/2021fallsau/CPTR-571/contraints-visualization/tests/constraints.ts:49:54)
    at Object.get (/home/logan/Documents/2021fallsau/CPTR-571/contraints-visualization/tests/constraints.ts:49:54)
    at Object.get (/home/logan/Documents/2021fallsau/CPTR-571/contraints-visualization/tests/constraints.ts:49:54)
    at Object.get (/home/logan/Documents/2021fallsau/CPTR-571/contraints-visualization/tests/constraints.ts:49:54)
    at Object.get (/home/logan/Documents/2021fallsau/CPTR-571/contraints-visualization/tests/constraints.ts:49:54)
    at Object.get (/home/logan/Documents/2021fallsau/CPTR-571/contraints-visualization/tests/constraints.ts:49:54)
    at Object.get (/home/logan/Documents/2021fallsau/CPTR-571/contraints-visualization/tests/constraints.ts:49:54)
    at Object.get (/home/logan/Documents/2021fallsau/CPTR-571/contraints-visualization/tests/constraints.ts:49:54)
    at Object.get (/home/logan/Documents/2021fallsau/CPTR-571/contraints-visualization/tests/constraints.ts:49:54)
    at Object.get (/home/logan/Documents/2021fallsau/CPTR-571/contraints-visualization/tests/constraints.ts:49:54)
    at Object.get (/home/logan/Documents/2021fallsau/CPTR-571/contraints-visualization/tests/constraints.ts:49:54)
    at Object.get (/home/logan/Documents/2021fallsau/CPTR-571/contraints-visualization/tests/constraints.ts:49:54)
    at Object.get (/home/logan/Documents/2021fallsau/CPTR-571/contraints-visualization/tests/constraints.ts:49:54)
    at Object.get (/home/logan/Documents/2021fallsau/CPTR-571/contraints-visualization/tests/constraints.ts:49:54)
    at Object.get (/home/logan/Documents/2021fallsau/CPTR-571/contraints-visualization/tests/constraints.ts:49:54)
    at Object.get (/home/logan/Documents/2021fallsau/CPTR-571/contraints-visualization/tests/constraints.ts:49:54)
    at Object.get (/home/logan/Documents/2021fallsau/CPTR-571/contraints-visualization/tests/constraints.ts:49:54)
    at Object.get (/home/logan/Documents/2021fallsau/CPTR-571/contraints-visualization/tests/constraints.ts:49:54)
    at Object.get (/home/logan/Documents/2021fallsau/CPTR-571/contraints-visualization/tests/constraints.ts:49:54)
    at Object.get (/home/logan/Documents/2021fallsau/CPTR-571/contraints-visualization/tests/constraints.ts:49:54)
    at Object.get (/home/logan/Documents/2021fallsau/CPTR-571/contraints-visualization/tests/constraints.ts:49:54)
    at Object.get (/home/logan/Documents/2021fallsau/CPTR-571/contraints-visualization/tests/constraints.ts:49:54)
    at Object.get (/home/logan/Documents/2021fallsau/CPTR-571/contraints-visualization/tests/constraints.ts:49:54)
    at Object.get (/home/logan/Documents/2021fallsau/CPTR-571/contraints-visualization/tests/constraints.ts:49:54)
    at Object.get (/home/logan/Documents/2021fallsau/CPTR-571/contraints-visualization/tests/constraints.ts:49:54)
    at Object.get (/home/logan/Documents/2021fallsau/CPTR-571/contraints-visualization/tests/constraints.ts:49:54)
    at Object.get (/home/logan/Documents/2021fallsau/CPTR-571/contraints-visualization/tests/constraints.ts:49:54)
    at Object.get (/home/logan/Documents/2021fallsau/CPTR-571/contraints-visualization/tests/constraints.ts:49:54)
    at Object.get (/home/logan/Documents/2021fallsau/CPTR-571/contraints-visualization/tests/constraints.ts:49:54)
    at Object.get (/home/logan/Documents/2021fallsau/CPTR-571/contraints-visualization/tests/constraints.ts:49:54)
    at Object.get (/home/logan/Documents/2021fallsau/CPTR-571/contraints-visualization/tests/constraints.ts:49:54)
    at Object.get (/home/logan/Documents/2021fallsau/CPTR-571/contraints-visualization/tests/constraints.ts:49:54)
    at Object.get (/home/logan/Documents/2021fallsau/CPTR-571/contraints-visualization/tests/constraints.ts:49:54)
    at Object.get (/home/logan/Documents/2021fallsau/CPTR-571/contraints-visualization/tests/constraints.ts:49:54)
    at Object.get (/home/logan/Documents/2021fallsau/CPTR-571/contraints-visualization/tests/constraints.ts:49:54)
    at Object.get (/home/logan/Documents/2021fallsau/CPTR-571/contraints-visualization/tests/constraints.ts:49:54)
    at Object.get (/home/logan/Documents/2021fallsau/CPTR-571/contraints-visualization/tests/constraints.ts:49:54)
    at Object.get (/home/logan/Documents/2021fallsau/CPTR-571/contraints-visualization/tests/constraints.ts:49:54)
    at Object.get (/home/logan/Documents/2021fallsau/CPTR-571/contraints-visualization/tests/constraints.ts:49:54)
    at Object.get (/home/logan/Documents/2021fallsau/CPTR-571/contraints-visualization/tests/constraints.ts:49:54)
    at Object.get (/home/logan/Documents/2021fallsau/CPTR-571/contraints-visualization/tests/constraints.ts:49:54)
    at Object.get (/home/logan/Documents/2021fallsau/CPTR-571/contraints-visualization/tests/constraints.ts:49:54)
    at Object.get (/home/logan/Documents/2021fallsau/CPTR-571/contraints-visualization/tests/constraints.ts:49:54)
    at Object.get (/home/logan/Documents/2021fallsau/CPTR-571/contraints-visualization/tests/constraints.ts:49:54)
    at Object.get (/home/logan/Documents/2021fallsau/CPTR-571/contraints-visualization/tests/constraints.ts:49:54)
    at Object.get (/home/logan/Documents/2021fallsau/CPTR-571/contraints-visualization/tests/constraints.ts:49:54)
    at Object.get (/home/logan/Documents/2021fallsau/CPTR-571/contraints-visualization/tests/constraints.ts:49:54)
    at Object.get (/home/logan/Documents/2021fallsau/CPTR-571/contraints-visualization/tests/constraints.ts:49:54)
    at Object.get (/home/logan/Documents/2021fallsau/CPTR-571/contraints-visualization/tests/constraints.ts:49:54)
    at Object.get (/home/logan/Documents/2021fallsau/CPTR-571/contraints-visualization/tests/constraints.ts:49:54)
    at Object.get (/home/logan/Documents/2021fallsau/CPTR-571/contraints-visualization/tests/constraints.ts:49:54)
    at Object.get (/home/logan/Documents/2021fallsau/CPTR-571/contraints-visualization/tests/constraints.ts:49:54)
    at Object.get (/home/logan/Documents/2021fallsau/CPTR-571/contraints-visualization/tests/constraints.ts:49:54)
    at Object.get (/home/logan/Documents/2021fallsau/CPTR-571/contraints-visualization/tests/constraints.ts:49:54)
    at Object.get (/home/logan/Documents/2021fallsau/CPTR-571/contraints-visualization/tests/constraints.ts:49:54)
    at Object.get (/home/logan/Documents/2021fallsau/CPTR-571/contraints-visualization/tests/constraints.ts:49:54)
    at Object.get (/home/logan/Documents/2021fallsau/CPTR-571/contraints-visualization/tests/constraints.ts:49:54)
    at Object.get (/home/logan/Documents/2021fallsau/CPTR-571/contraints-visualization/tests/constraints.ts:49:54)
    at Object.get (/home/logan/Documents/2021fallsau/CPTR-571/contraints-visualization/tests/constraints.ts:49:54)
    at Object.get (/home/logan/Documents/2021fallsau/CPTR-571/contraints-visualization/tests/constraints.ts:49:54)
    at Object.get (/home/logan/Documents/2021fallsau/CPTR-571/contraints-visualization/tests/constraints.ts:49:54)
    at Object.get (/home/logan/Documents/2021fallsau/CPTR-571/contraints-visualization/tests/constraints.ts:49:54)
    at Object.get (/home/logan/Documents/2021fallsau/CPTR-571/contraints-visualization/tests/constraints.ts:49:54)
    at Object.get (/home/logan/Documents/2021fallsau/CPTR-571/contraints-visualization/tests/constraints.ts:49:54)
    at Object.get (/home/logan/Documents/2021fallsau/CPTR-571/contraints-visualization/tests/constraints.ts:49:54)
    at Object.get (/home/logan/Documents/2021fallsau/CPTR-571/contraints-visualization/tests/constraints.ts:49:54)
    at Object.get (/home/logan/Documents/2021fallsau/CPTR-571/contraints-visualization/tests/constraints.ts:49:54)
    at Object.get (/home/logan/Documents/2021fallsau/CPTR-571/contraints-visualization/tests/constraints.ts:49:54)
    at Object.get (/home/logan/Documents/2021fallsau/CPTR-571/contraints-visualization/tests/constraints.ts:49:54)
    at Object.get (/home/logan/Documents/2021fallsau/CPTR-571/contraints-visualization/tests/constraints.ts:49:54)
    at Object.get (/home/logan/Documents/2021fallsau/CPTR-571/contraints-visualization/tests/constraints.ts:49:54)
    at Object.get (/home/logan/Documents/2021fallsau/CPTR-571/contraints-visualization/tests/constraints.ts:49:54)
    at Object.get (/home/logan/Documents/2021fallsau/CPTR-571/contraints-visualization/tests/constraints.ts:49:54)
    at Object.get (/home/logan/Documents/2021fallsau/CPTR-571/contraints-visualization/tests/constraints.ts:49:54)
    at Object.get (/home/logan/Documents/2021fallsau/CPTR-571/contraints-visualization/tests/constraints.ts:49:54)
    at Object.get (/home/logan/Documents/2021fallsau/CPTR-571/contraints-visualization/tests/constraints.ts:49:54)
    at Object.get (/home/logan/Documents/2021fallsau/CPTR-571/contraints-visualization/tests/constraints.ts:49:54)
    at Object.get (/home/logan/Documents/2021fallsau/CPTR-571/contraints-visualization/tests/constraints.ts:49:54)
    at Object.get (/home/logan/Documents/2021fallsau/CPTR-571/contraints-visualization/tests/constraints.ts:49:54)
    at Object.get (/home/logan/Documents/2021fallsau/CPTR-571/contraints-visualization/tests/constraints.ts:49:54)
    at Object.get (/home/logan/Documents/2021fallsau/CPTR-571/contraints-visualization/tests/constraints.ts:49:54)
    at Object.get (/home/logan/Documents/2021fallsau/CPTR-571/contraints-visualization/tests/constraints.ts:49:54)
    at Object.get (/home/logan/Documents/2021fallsau/CPTR-571/contraints-visualization/tests/constraints.ts:49:54)
    at Object.get (/home/logan/Documents/2021fallsau/CPTR-571/contraints-visualization/tests/constraints.ts:49:54)
    at Object.get (/home/logan/Documents/2021fallsau/CPTR-571/contraints-visualization/tests/constraints.ts:49:54)
    at Object.get (/home/logan/Documents/2021fallsau/CPTR-571/contraints-visualization/tests/constraints.ts:49:54)
    at Object.get (/home/logan/Documents/2021fallsau/CPTR-571/contraints-visualization/tests/constraints.ts:49:54)
    at Object.get (/home/logan/Documents/2021fallsau/CPTR-571/contraints-visualization/tests/constraints.ts:49:54)
    at Object.get (/home/logan/Documents/2021fallsau/CPTR-571/contraints-visualization/tests/constraints.ts:49:54)
    at Object.get (/home/logan/Documents/2021fallsau/CPTR-571/contraints-visualization/tests/constraints.ts:49:54)
    at Object.get (/home/logan/Documents/2021fallsau/CPTR-571/contraints-visualization/tests/constraints.ts:49:54)
    at Object.get (/home/logan/Documents/2021fallsau/CPTR-571/contraints-visualization/tests/constraints.ts:49:54)
    at Object.get (/home/logan/Documents/2021fallsau/CPTR-571/contraints-visualization/tests/constraints.ts:49:54)
    at Object.get (/home/logan/Documents/2021fallsau/CPTR-571/contraints-visualization/tests/constraints.ts:49:54)
    at Object.get (/home/logan/Documents/2021fallsau/CPTR-571/contraints-visualization/tests/constraints.ts:49:54)
    at Object.get (/home/logan/Documents/2021fallsau/CPTR-571/contraints-visualization/tests/constraints.ts:49:54)
    at Object.get (/home/logan/Documents/2021fallsau/CPTR-571/contraints-visualization/tests/constraints.ts:49:54)
    at Object.get (/home/logan/Documents/2021fallsau/CPTR-571/contraints-visualization/tests/constraints.ts:49:54)
    at Object.get (/home/logan/Documents/2021fallsau/CPTR-571/contraints-visualization/tests/constraints.ts:49:54)
    at Object.get (/home/logan/Documents/2021fallsau/CPTR-571/contraints-visualization/tests/constraints.ts:49:54)
    at Object.get (/home/logan/Documents/2021fallsau/CPTR-571/contraints-visualization/tests/constraints.ts:49:54)
    at Object.get (/home/logan/Documents/2021fallsau/CPTR-571/contraints-visualization/tests/constraints.ts:49:54)
    at Object.get (/home/logan/Documents/2021fallsau/CPTR-571/contraints-visualization/tests/constraints.ts:49:54)
    at Object.get (/home/logan/Documents/2021fallsau/CPTR-571/contraints-visualization/tests/constraints.ts:49:54)
    at Object.get (/home/logan/Documents/2021fallsau/CPTR-571/contraints-visualization/tests/constraints.ts:49:54)
    at Object.get (/home/logan/Documents/2021fallsau/CPTR-571/contraints-visualization/tests/constraints.ts:49:54)
    at Object.get (/home/logan/Documents/2021fallsau/CPTR-571/contraints-visualization/tests/constraints.ts:49:54)
    at Object.get (/home/logan/Documents/2021fallsau/CPTR-571/contraints-visualization/tests/constraints.ts:49:54)
    at Object.get (/home/logan/Documents/2021fallsau/CPTR-571/contraints-visualization/tests/constraints.ts:49:54)
    at Object.get (/home/logan/Documents/2021fallsau/CPTR-571/contraints-visualization/tests/constraints.ts:49:54)
    at Object.get (/home/logan/Documents/2021fallsau/CPTR-571/contraints-visualization/tests/constraints.ts:49:54)
    at Object.get (/home/logan/Documents/2021fallsau/CPTR-571/contraints-visualization/tests/constraints.ts:49:54)
    at Object.get (/home/logan/Documents/2021fallsau/CPTR-571/contraints-visualization/tests/constraints.ts:49:54)
    at Object.get (/home/logan/Documents/2021fallsau/CPTR-571/contraints-visualization/tests/constraints.ts:49:54)
    at Object.get (/home/logan/Documents/2021fallsau/CPTR-571/contraints-visualization/tests/constraints.ts:49:54)
    at Object.get (/home/logan/Documents/2021fallsau/CPTR-571/contraints-visualization/tests/constraints.ts:49:54)
    at Object.get (/home/logan/Documents/2021fallsau/CPTR-571/contraints-visualization/tests/constraints.ts:49:54)
    at Object.get (/home/logan/Documents/2021fallsau/CPTR-571/contraints-visualization/tests/constraints.ts:49:54)
    at Object.get (/home/logan/Documents/2021fallsau/CPTR-571/contraints-visualization/tests/constraints.ts:49:54)
    at Object.get (/home/logan/Documents/2021fallsau/CPTR-571/contraints-visualization/tests/constraints.ts:49:54)
    at Object.get (/home/logan/Documents/2021fallsau/CPTR-571/contraints-visualization/tests/constraints.ts:49:54)
    at Object.get (/home/logan/Documents/2021fallsau/CPTR-571/contraints-visualization/tests/constraints.ts:49:54)
    at Object.get (/home/logan/Documents/2021fallsau/CPTR-571/contraints-visualization/tests/constraints.ts:49:54)
    at Object.get (/home/logan/Documents/2021fallsau/CPTR-571/contraints-visualization/tests/constraints.ts:49:54)
    at Object.get (/home/logan/Documents/2021fallsau/CPTR-571/contraints-visualization/tests/constraints.ts:49:54)
    at Object.get (/home/logan/Documents/2021fallsau/CPTR-571/contraints-visualization/tests/constraints.ts:49:54)
    at Object.get (/home/logan/Documents/2021fallsau/CPTR-571/contraints-visualization/tests/constraints.ts:49:54)
    at Object.get (/home/logan/Documents/2021fallsau/CPTR-571/contraints-visualization/tests/constraints.ts:49:54)
    at Object.get (/home/logan/Documents/2021fallsau/CPTR-571/contraints-visualization/tests/constraints.ts:49:54)
    at Object.get (/home/logan/Documents/2021fallsau/CPTR-571/contraints-visualization/tests/constraints.ts:49:54)
    at Object.get (/home/logan/Documents/2021fallsau/CPTR-571/contraints-visualization/tests/constraints.ts:49:54)
    at Object.get (/home/logan/Documents/2021fallsau/CPTR-571/contraints-visualization/tests/constraints.ts:49:54)
    at Object.get (/home/logan/Documents/2021fallsau/CPTR-571/contraints-visualization/tests/constraints.ts:49:54)
    at Object.get (/home/logan/Documents/2021fallsau/CPTR-571/contraints-visualization/tests/constraints.ts:49:54)
    at Object.get (/home/logan/Documents/2021fallsau/CPTR-571/contraints-visualization/tests/constraints.ts:49:54)
    at Object.get (/home/logan/Documents/2021fallsau/CPTR-571/contraints-visualization/tests/constraints.ts:49:54)
    at Object.get (/home/logan/Documents/2021fallsau/CPTR-571/contraints-visualization/tests/constraints.ts:49:54)
    at Object.get (/home/logan/Documents/2021fallsau/CPTR-571/contraints-visualization/tests/constraints.ts:49:54)
    at Object.get (/home/logan/Documents/2021fallsau/CPTR-571/contraints-visualization/tests/constraints.ts:49:54)
    at Object.get (/home/logan/Documents/2021fallsau/CPTR-571/contraints-visualization/tests/constraints.ts:49:54)
    at Object.get (/home/logan/Documents/2021fallsau/CPTR-571/contraints-visualization/tests/constraints.ts:49:54)
    at Object.get (/home/logan/Documents/2021fallsau/CPTR-571/contraints-visualization/tests/constraints.ts:49:54)
    at Object.get (/home/logan/Documents/2021fallsau/CPTR-571/contraints-visualization/tests/constraints.ts:49:54)
    at Object.get (/home/logan/Documents/2021fallsau/CPTR-571/contraints-visualization/tests/constraints.ts:49:54)
    at Object.get (/home/logan/Documents/2021fallsau/CPTR-571/contraints-visualization/tests/constraints.ts:49:54)
    at Object.get (/home/logan/Documents/2021fallsau/CPTR-571/contraints-visualization/tests/constraints.ts:49:54)
    at Object.get (/home/logan/Documents/2021fallsau/CPTR-571/contraints-visualization/tests/constraints.ts:49:54)
    at Object.get (/home/logan/Documents/2021fallsau/CPTR-571/contraints-visualization/tests/constraints.ts:49:54)
    at Object.get (/home/logan/Documents/2021fallsau/CPTR-571/contraints-visualization/tests/constraints.ts:49:54)
    at Object.get (/home/logan/Documents/2021fallsau/CPTR-571/contraints-visualization/tests/constraints.ts:49:54)
    at Object.get (/home/logan/Documents/2021fallsau/CPTR-571/contraints-visualization/tests/constraints.ts:49:54)
    at Object.get (/home/logan/Documents/2021fallsau/CPTR-571/contraints-visualization/tests/constraints.ts:49:54)
    at Object.get (/home/logan/Documents/2021fallsau/CPTR-571/contraints-visualization/tests/constraints.ts:49:54)
    at Object.get (/home/logan/Documents/2021fallsau/CPTR-571/contraints-visualization/tests/constraints.ts:49:54)
    at Object.get (/home/logan/Documents/2021fallsau/CPTR-571/contraints-visualization/tests/constraints.ts:49:54)
    at Object.get (/home/logan/Documents/2021fallsau/CPTR-571/contraints-visualization/tests/constraints.ts:49:54)
    at Object.get (/home/logan/Documents/2021fallsau/CPTR-571/contraints-visualization/tests/constraints.ts:49:54)
    at Object.get (/home/logan/Documents/2021fallsau/CPTR-571/contraints-visualization/tests/constraints.ts:49:54)
    at Object.get (/home/logan/Documents/2021fallsau/CPTR-571/contraints-visualization/tests/constraints.ts:49:54)
    at Object.get (/home/logan/Documents/2021fallsau/CPTR-571/contraints-visualization/tests/constraints.ts:49:54)
    at Object.get (/home/logan/Documents/2021fallsau/CPTR-571/contraints-visualization/tests/constraints.ts:49:54)
    at Object.get (/home/logan/Documents/2021fallsau/CPTR-571/contraints-visualization/tests/constraints.ts:49:54)
    at Object.get (/home/logan/Documents/2021fallsau/CPTR-571/contraints-visualization/tests/constraints.ts:49:54)
    at Object.get (/home/logan/Documents/2021fallsau/CPTR-571/contraints-visualization/tests/constraints.ts:49:54)
    at Object.get (/home/logan/Documents/2021fallsau/CPTR-571/contraints-visualization/tests/constraints.ts:49:54)
    at Object.get (/home/logan/Documents/2021fallsau/CPTR-571/contraints-visualization/tests/constraints.ts:49:54)
    at Object.get (/home/logan/Documents/2021fallsau/CPTR-571/contraints-visualization/tests/constraints.ts:49:54)
    at Object.get (/home/logan/Documents/2021fallsau/CPTR-571/contraints-visualization/tests/constraints.ts:49:54)
    at Object.get (/home/logan/Documents/2021fallsau/CPTR-571/contraints-visualization/tests/constraints.ts:49:54)
    at Object.get (/home/logan/Documents/2021fallsau/CPTR-571/contraints-visualization/tests/constraints.ts:49:54)
    at Object.get (/home/logan/Documents/2021fallsau/CPTR-571/contraints-visualization/tests/constraints.ts:49:54)
    at Object.get (/home/logan/Documents/2021fallsau/CPTR-571/contraints-visualization/tests/constraints.ts:49:54)
    at Object.get (/home/logan/Documents/2021fallsau/CPTR-571/contraints-visualization/tests/constraints.ts:49:54)
    at Object.get (/home/logan/Documents/2021fallsau/CPTR-571/contraints-visualization/tests/constraints.ts:49:54)
    at Object.get (/home/logan/Documents/2021fallsau/CPTR-571/contraints-visualization/tests/constraints.ts:49:54)
    at Object.get (/home/logan/Documents/2021fallsau/CPTR-571/contraints-visualization/tests/constraints.ts:49:54)
    at Object.get (/home/logan/Documents/2021fallsau/CPTR-571/contraints-visualization/tests/constraints.ts:49:54)
    at Object.get (/home/logan/Documents/2021fallsau/CPTR-571/contraints-visualization/tests/constraints.ts:49:54)
    at Object.get (/home/logan/Documents/2021fallsau/CPTR-571/contraints-visualization/tests/constraints.ts:49:54)
    at Object.get (/home/logan/Documents/2021fallsau/CPTR-571/contraints-visualization/tests/constraints.ts:49:54)
    at Object.get (/home/logan/Documents/2021fallsau/CPTR-571/contraints-visualization/tests/constraints.ts:49:54)
    at Object.get (/home/logan/Documents/2021fallsau/CPTR-571/contraints-visualization/tests/constraints.ts:49:54)
    at Object.get (/home/logan/Documents/2021fallsau/CPTR-571/contraints-visualization/tests/constraints.ts:49:54)
    at Object.get (/home/logan/Documents/2021fallsau/CPTR-571/contraints-visualization/tests/constraints.ts:49:54)
    at Object.get (/home/logan/Documents/2021fallsau/CPTR-571/contraints-visualization/tests/constraints.ts:49:54)
    at Object.get (/home/logan/Documents/2021fallsau/CPTR-571/contraints-visualization/tests/constraints.ts:49:54)
    at Object.get (/home/logan/Documents/2021fallsau/CPTR-571/contraints-visualization/tests/constraints.ts:49:54)
    at Object.get (/home/logan/Documents/2021fallsau/CPTR-571/contraints-visualization/tests/constraints.ts:49:54)
    at Object.get (/home/logan/Documents/2021fallsau/CPTR-571/contraints-visualization/tests/constraints.ts:49:54)
    at Object.get (/home/logan/Documents/2021fallsau/CPTR-571/contraints-visualization/tests/constraints.ts:49:54)
    at Object.get (/home/logan/Documents/2021fallsau/CPTR-571/contraints-visualization/tests/constraints.ts:49:54)
    at Object.get (/home/logan/Documents/2021fallsau/CPTR-571/contraints-visualization/tests/constraints.ts:49:54)
    at Object.get (/home/logan/Documents/2021fallsau/CPTR-571/contraints-visualization/tests/constraints.ts:49:54)
    at Object.get (/home/logan/Documents/2021fallsau/CPTR-571/contraints-visualization/tests/constraints.ts:49:54)
    at Object.get (/home/logan/Documents/2021fallsau/CPTR-571/contraints-visualization/tests/constraints.ts:49:54)
    at Object.get (/home/logan/Documents/2021fallsau/CPTR-571/contraints-visualization/tests/constraints.ts:49:54)
    at Object.get (/home/logan/Documents/2021fallsau/CPTR-571/contraints-visualization/tests/constraints.ts:49:54)
    at Object.get (/home/logan/Documents/2021fallsau/CPTR-571/contraints-visualization/tests/constraints.ts:49:54)
    at Object.get (/home/logan/Documents/2021fallsau/CPTR-571/contraints-visualization/tests/constraints.ts:49:54)
    at Object.get (/home/logan/Documents/2021fallsau/CPTR-571/contraints-visualization/tests/constraints.ts:49:54)
    at Object.get (/home/logan/Documents/2021fallsau/CPTR-571/contraints-visualization/tests/constraints.ts:49:54)
    at Object.get (/home/logan/Documents/2021fallsau/CPTR-571/contraints-visualization/tests/constraints.ts:49:54)
    at Object.get (/home/logan/Documents/2021fallsau/CPTR-571/contraints-visualization/tests/constraints.ts:49:54)
    at Object.get (/home/logan/Documents/2021fallsau/CPTR-571/contraints-visualization/tests/constraints.ts:49:54)
    at Object.get (/home/logan/Documents/2021fallsau/CPTR-571/contraints-visualization/tests/constraints.ts:49:54)
    at Object.get (/home/logan/Documents/2021fallsau/CPTR-571/contraints-visualization/tests/constraints.ts:49:54)
    at Object.get (/home/logan/Documents/2021fallsau/CPTR-571/contraints-visualization/tests/constraints.ts:49:54)
    at Object.get (/home/logan/Documents/2021fallsau/CPTR-571/contraints-visualization/tests/constraints.ts:49:54)
    at Object.get (/home/logan/Documents/2021fallsau/CPTR-571/contraints-visualization/tests/constraints.ts:49:54)
    at Object.get (/home/logan/Documents/2021fallsau/CPTR-571/contraints-visualization/tests/constraints.ts:49:54)
    at Object.get (/home/logan/Documents/2021fallsau/CPTR-571/contraints-visualization/tests/constraints.ts:49:54)
    at Object.get (/home/logan/Documents/2021fallsau/CPTR-571/contraints-visualization/tests/constraints.ts:49:54)
    at Object.get (/home/logan/Documents/2021fallsau/CPTR-571/contraints-visualization/tests/constraints.ts:49:54)
    at Object.get (/home/logan/Documents/2021fallsau/CPTR-571/contraints-visualization/tests/constraints.ts:49:54)
    at Object.get (/home/logan/Documents/2021fallsau/CPTR-571/contraints-visualization/tests/constraints.ts:49:54)
    at Object.get (/home/logan/Documents/2021fallsau/CPTR-571/contraints-visualization/tests/constraints.ts:49:54)
    at Object.get (/home/logan/Documents/2021fallsau/CPTR-571/contraints-visualization/tests/constraints.ts:49:54)
    at Object.get (/home/logan/Documents/2021fallsau/CPTR-571/contraints-visualization/tests/constraints.ts:49:54)
    at Object.get (/home/logan/Documents/2021fallsau/CPTR-571/contraints-visualization/tests/constraints.ts:49:54)
    at Object.get (/home/logan/Documents/2021fallsau/CPTR-571/contraints-visualization/tests/constraints.ts:49:54)
    at Object.get (/home/logan/Documents/2021fallsau/CPTR-571/contraints-visualization/tests/constraints.ts:49:54)
    at Object.get (/home/logan/Documents/2021fallsau/CPTR-571/contraints-visualization/tests/constraints.ts:49:54)
    at Object.get (/home/logan/Documents/2021fallsau/CPTR-571/contraints-visualization/tests/constraints.ts:49:54)
    at Object.get (/home/logan/Documents/2021fallsau/CPTR-571/contraints-visualization/tests/constraints.ts:49:54)
    at Object.get (/home/logan/Documents/2021fallsau/CPTR-571/contraints-visualization/tests/constraints.ts:49:54)
    at Object.get (/home/logan/Documents/2021fallsau/CPTR-571/contraints-visualization/tests/constraints.ts:49:54)
    at Object.get (/home/logan/Documents/2021fallsau/CPTR-571/contraints-visualization/tests/constraints.ts:49:54)
    at Object.get (/home/logan/Documents/2021fallsau/CPTR-571/contraints-visualization/tests/constraints.ts:49:54)
    at Object.get (/home/logan/Documents/2021fallsau/CPTR-571/contraints-visualization/tests/constraints.ts:49:54)
    at Object.get (/home/logan/Documents/2021fallsau/CPTR-571/contraints-visualization/tests/constraints.ts:49:54)
    at Object.get (/home/logan/Documents/2021fallsau/CPTR-571/contraints-visualization/tests/constraints.ts:49:54)
    at Object.get (/home/logan/Documents/2021fallsau/CPTR-571/contraints-visualization/tests/constraints.ts:49:54)
    at Object.get (/home/logan/Documents/2021fallsau/CPTR-571/contraints-visualization/tests/constraints.ts:49:54)
    at Object.get (/home/logan/Documents/2021fallsau/CPTR-571/contraints-visualization/tests/constraints.ts:49:54)
    at Object.get (/home/logan/Documents/2021fallsau/CPTR-571/contraints-visualization/tests/constraints.ts:49:54)
    at Object.get (/home/logan/Documents/2021fallsau/CPTR-571/contraints-visualization/tests/constraints.ts:49:54)
    at Object.get (/home/logan/Documents/2021fallsau/CPTR-571/contraints-visualization/tests/constraints.ts:49:54)
    at Object.get (/home/logan/Documents/2021fallsau/CPTR-571/contraints-visualization/tests/constraints.ts:49:54)
    at Object.get (/home/logan/Documents/2021fallsau/CPTR-571/contraints-visualization/tests/constraints.ts:49:54)
    at Object.get (/home/logan/Documents/2021fallsau/CPTR-571/contraints-visualization/tests/constraints.ts:49:54)
    at Object.get (/home/logan/Documents/2021fallsau/CPTR-571/contraints-visualization/tests/constraints.ts:49:54)
    at Object.get (/home/logan/Documents/2021fallsau/CPTR-571/contraints-visualization/tests/constraints.ts:49:54)
    at Object.get (/home/logan/Documents/2021fallsau/CPTR-571/contraints-visualization/tests/constraints.ts:49:54)
    at Object.get (/home/logan/Documents/2021fallsau/CPTR-571/contraints-visualization/tests/constraints.ts:49:54)
    at Object.get (/home/logan/Documents/2021fallsau/CPTR-571/contraints-visualization/tests/constraints.ts:49:54)
    at Object.get (/home/logan/Documents/2021fallsau/CPTR-571/contraints-visualization/tests/constraints.ts:49:54)
    at Object.get (/home/logan/Documents/2021fallsau/CPTR-571/contraints-visualization/tests/constraints.ts:49:54)
    at Object.get (/home/logan/Documents/2021fallsau/CPTR-571/contraints-visualization/tests/constraints.ts:49:54)
    at Object.get (/home/logan/Documents/2021fallsau/CPTR-571/contraints-visualization/tests/constraints.ts:49:54)
    at Object.get (/home/logan/Documents/2021fallsau/CPTR-571/contraints-visualization/tests/constraints.ts:49:54)
    at Object.get (/home/logan/Documents/2021fallsau/CPTR-571/contraints-visualization/tests/constraints.ts:49:54)
    at Object.get (/home/logan/Documents/2021fallsau/CPTR-571/contraints-visualization/tests/constraints.ts:49:54)
    at Object.get (/home/logan/Documents/2021fallsau/CPTR-571/contraints-visualization/tests/constraints.ts:49:54)
    at Object.get (/home/logan/Documents/2021fallsau/CPTR-571/contraints-visualization/tests/constraints.ts:49:54)
    at Object.get (/home/logan/Documents/2021fallsau/CPTR-571/contraints-visualization/tests/constraints.ts:49:54)
    at Object.get (/home/logan/Documents/2021fallsau/CPTR-571/contraints-visualization/tests/constraints.ts:49:54)
    at Object.get (/home/logan/Documents/2021fallsau/CPTR-571/contraints-visualization/tests/constraints.ts:49:54)
    at Object.get (/home/logan/Documents/2021fallsau/CPTR-571/contraints-visualization/tests/constraints.ts:49:54)
    at Object.get (/home/logan/Documents/2021fallsau/CPTR-571/contraints-visualization/tests/constraints.ts:49:54)
    at Object.get (/home/logan/Documents/2021fallsau/CPTR-571/contraints-visualization/tests/constraints.ts:49:54)
    at Object.get (/home/logan/Documents/2021fallsau/CPTR-571/contraints-visualization/tests/constraints.ts:49:54)
    at Object.get (/home/logan/Documents/2021fallsau/CPTR-571/contraints-visualization/tests/constraints.ts:49:54)
    at Object.get (/home/logan/Documents/2021fallsau/CPTR-571/contraints-visualization/tests/constraints.ts:49:54)
    at Object.get (/home/logan/Documents/2021fallsau/CPTR-571/contraints-visualization/tests/constraints.ts:49:54)
    at Object.get (/home/logan/Documents/2021fallsau/CPTR-571/contraints-visualization/tests/constraints.ts:49:54)
    at Object.get (/home/logan/Documents/2021fallsau/CPTR-571/contraints-visualization/tests/constraints.ts:49:54)
    at Object.get (/home/logan/Documents/2021fallsau/CPTR-571/contraints-visualization/tests/constraints.ts:49:54)
    at Object.get (/home/logan/Documents/2021fallsau/CPTR-571/contraints-visualization/tests/constraints.ts:49:54)
    at Object.get (/home/logan/Documents/2021fallsau/CPTR-571/contraints-visualization/tests/constraints.ts:49:54)
    at Object.get (/home/logan/Documents/2021fallsau/CPTR-571/contraints-visualization/tests/constraints.ts:49:54)
    at Object.get (/home/logan/Documents/2021fallsau/CPTR-571/contraints-visualization/tests/constraints.ts:49:54)
    at Object.get (/home/logan/Documents/2021fallsau/CPTR-571/contraints-visualization/tests/constraints.ts:49:54)
    at Object.get (/home/logan/Documents/2021fallsau/CPTR-571/contraints-visualization/tests/constraints.ts:49:54)
    at Object.get (/home/logan/Documents/2021fallsau/CPTR-571/contraints-visualization/tests/constraints.ts:49:54)
    at Object.get (/home/logan/Documents/2021fallsau/CPTR-571/contraints-visualization/tests/constraints.ts:49:54)
    at Object.get (/home/logan/Documents/2021fallsau/CPTR-571/contraints-visualization/tests/constraints.ts:49:54)
    at Object.get (/home/logan/Documents/2021fallsau/CPTR-571/contraints-visualization/tests/constraints.ts:49:54)
    at Object.get (/home/logan/Documents/2021fallsau/CPTR-571/contraints-visualization/tests/constraints.ts:49:54)
    at Object.get (/home/logan/Documents/2021fallsau/CPTR-571/contraints-visualization/tests/constraints.ts:49:54)
    at Object.get (/home/logan/Documents/2021fallsau/CPTR-571/contraints-visualization/tests/constraints.ts:49:54)
    at Object.get (/home/logan/Documents/2021fallsau/CPTR-571/contraints-visualization/tests/constraints.ts:49:54)
    at Object.get (/home/logan/Documents/2021fallsau/CPTR-571/contraints-visualization/tests/constraints.ts:49:54)
    at Object.get (/home/logan/Documents/2021fallsau/CPTR-571/contraints-visualization/tests/constraints.ts:49:54)
    at Object.get (/home/logan/Documents/2021fallsau/CPTR-571/contraints-visualization/tests/constraints.ts:49:54)
    at Object.get (/home/logan/Documents/2021fallsau/CPTR-571/contraints-visualization/tests/constraints.ts:49:54)
    at Object.get (/home/logan/Documents/2021fallsau/CPTR-571/contraints-visualization/tests/constraints.ts:49:54)
    at Object.get (/home/logan/Documents/2021fallsau/CPTR-571/contraints-visualization/tests/constraints.ts:49:54)
    at Object.get (/home/logan/Documents/2021fallsau/CPTR-571/contraints-visualization/tests/constraints.ts:49:54)
    at Object.get (/home/logan/Documents/2021fallsau/CPTR-571/contraints-visualization/tests/constraints.ts:49:54)
    at Object.get (/home/logan/Documents/2021fallsau/CPTR-571/contraints-visualization/tests/constraints.ts:49:54)
    at Object.get (/home/logan/Documents/2021fallsau/CPTR-571/contraints-visualization/tests/constraints.ts:49:54)
    at Object.get (/home/logan/Documents/2021fallsau/CPTR-571/contraints-visualization/tests/constraints.ts:49:54)
    at Object.get (/home/logan/Documents/2021fallsau/CPTR-571/contraints-visualization/tests/constraints.ts:49:54)
    at Object.get (/home/logan/Documents/2021fallsau/CPTR-571/contraints-visualization/tests/constraints.ts:49:54)
    at Object.get (/home/logan/Documents/2021fallsau/CPTR-571/contraints-visualization/tests/constraints.ts:49:54)
    at Object.get (/home/logan/Documents/2021fallsau/CPTR-571/contraints-visualization/tests/constraints.ts:49:54)
    at Object.get (/home/logan/Documents/2021fallsau/CPTR-571/contraints-visualization/tests/constraints.ts:49:54)
    at Object.get (/home/logan/Documents/2021fallsau/CPTR-571/contraints-visualization/tests/constraints.ts:49:54)
    at Object.get (/home/logan/Documents/2021fallsau/CPTR-571/contraints-visualization/tests/constraints.ts:49:54)
    at Object.get (/home/logan/Documents/2021fallsau/CPTR-571/contraints-visualization/tests/constraints.ts:49:54)
    at Object.get (/home/logan/Documents/2021fallsau/CPTR-571/contraints-visualization/tests/constraints.ts:49:54)
    at Object.get (/home/logan/Documents/2021fallsau/CPTR-571/contraints-visualization/tests/constraints.ts:49:54)
    at Object.get (/home/logan/Documents/2021fallsau/CPTR-571/contraints-visualization/tests/constraints.ts:49:54)
    at Object.get (/home/logan/Documents/2021fallsau/CPTR-571/contraints-visualization/tests/constraints.ts:49:54)
    at Object.get (/home/logan/Documents/2021fallsau/CPTR-571/contraints-visualization/tests/constraints.ts:49:54)
    at Object.get (/home/logan/Documents/2021fallsau/CPTR-571/contraints-visualization/tests/constraints.ts:49:54)
    at Object.get (/home/logan/Documents/2021fallsau/CPTR-571/contraints-visualization/tests/constraints.ts:49:54)
    at Object.get (/home/logan/Documents/2021fallsau/CPTR-571/contraints-visualization/tests/constraints.ts:49:54)
    at Object.get (/home/logan/Documents/2021fallsau/CPTR-571/contraints-visualization/tests/constraints.ts:49:54)
    at Object.get (/home/logan/Documents/2021fallsau/CPTR-571/contraints-visualization/tests/constraints.ts:49:54)
    at Object.get (/home/logan/Documents/2021fallsau/CPTR-571/contraints-visualization/tests/constraints.ts:49:54)
    at Object.get (/home/logan/Documents/2021fallsau/CPTR-571/contraints-visualization/tests/constraints.ts:49:54)
    at Object.get (/home/logan/Documents/2021fallsau/CPTR-571/contraints-visualization/tests/constraints.ts:49:54)
    at Object.get (/home/logan/Documents/2021fallsau/CPTR-571/contraints-visualization/tests/constraints.ts:49:54)
    at Object.get (/home/logan/Documents/2021fallsau/CPTR-571/contraints-visualization/tests/constraints.ts:49:54)
    at Object.get (/home/logan/Documents/2021fallsau/CPTR-571/contraints-visualization/tests/constraints.ts:49:54)
    at Object.get (/home/logan/Documents/2021fallsau/CPTR-571/contraints-visualization/tests/constraints.ts:49:54)
    at Object.get (/home/logan/Documents/2021fallsau/CPTR-571/contraints-visualization/tests/constraints.ts:49:54)
    at Object.get (/home/logan/Documents/2021fallsau/CPTR-571/contraints-visualization/tests/constraints.ts:49:54)
    at Object.get (/home/logan/Documents/2021fallsau/CPTR-571/contraints-visualization/tests/constraints.ts:49:54)
    at Object.get (/home/logan/Documents/2021fallsau/CPTR-571/contraints-visualization/tests/constraints.ts:49:54)
    at Object.get (/home/logan/Documents/2021fallsau/CPTR-571/contraints-visualization/tests/constraints.ts:49:54)
    at Object.get (/home/logan/Documents/2021fallsau/CPTR-571/contraints-visualization/tests/constraints.ts:49:54)
    at Object.get (/home/logan/Documents/2021fallsau/CPTR-571/contraints-visualization/tests/constraints.ts:49:54)
    at Object.get (/home/logan/Documents/2021fallsau/CPTR-571/contraints-visualization/tests/constraints.ts:49:54)
    at Object.get (/home/logan/Documents/2021fallsau/CPTR-571/contraints-visualization/tests/constraints.ts:49:54)
    at Object.get (/home/logan/Documents/2021fallsau/CPTR-571/contraints-visualization/tests/constraints.ts:49:54)
    at Object.get (/home/logan/Documents/2021fallsau/CPTR-571/contraints-visualization/tests/constraints.ts:49:54)
    at Object.get (/home/logan/Documents/2021fallsau/CPTR-571/contraints-visualization/tests/constraints.ts:49:54)
    at Object.get (/home/logan/Documents/2021fallsau/CPTR-571/contraints-visualization/tests/constraints.ts:49:54)
    at Object.get (/home/logan/Documents/2021fallsau/CPTR-571/contraints-visualization/tests/constraints.ts:49:54)
    at Object.get (/home/logan/Documents/2021fallsau/CPTR-571/contraints-visualization/tests/constraints.ts:49:54)
    at Object.get (/home/logan/Documents/2021fallsau/CPTR-571/contraints-visualization/tests/constraints.ts:49:54)
    at Object.get (/home/logan/Documents/2021fallsau/CPTR-571/contraints-visualization/tests/constraints.ts:49:54)
    at Object.get (/home/logan/Documents/2021fallsau/CPTR-571/contraints-visualization/tests/constraints.ts:49:54)
    at Object.get (/home/logan/Documents/2021fallsau/CPTR-571/contraints-visualization/tests/constraints.ts:49:54)
    at Object.get (/home/logan/Documents/2021fallsau/CPTR-571/contraints-visualization/tests/constraints.ts:49:54)
    at Object.get (/home/logan/Documents/2021fallsau/CPTR-571/contraints-visualization/tests/constraints.ts:49:54)
    at Object.get (/home/logan/Documents/2021fallsau/CPTR-571/contraints-visualization/tests/constraints.ts:49:54)
    at Object.get (/home/logan/Documents/2021fallsau/CPTR-571/contraints-visualization/tests/constraints.ts:49:54)
    at Object.get (/home/logan/Documents/2021fallsau/CPTR-571/contraints-visualization/tests/constraints.ts:49:54)
    at Object.get (/home/logan/Documents/2021fallsau/CPTR-571/contraints-visualization/tests/constraints.ts:49:54)
    at Object.get (/home/logan/Documents/2021fallsau/CPTR-571/contraints-visualization/tests/constraints.ts:49:54)
    at Object.get (/home/logan/Documents/2021fallsau/CPTR-571/contraints-visualization/tests/constraints.ts:49:54)
    at Object.get (/home/logan/Documents/2021fallsau/CPTR-571/contraints-visualization/tests/constraints.ts:49:54)
    at Object.get (/home/logan/Documents/2021fallsau/CPTR-571/contraints-visualization/tests/constraints.ts:49:54)
    at Object.get (/home/logan/Documents/2021fallsau/CPTR-571/contraints-visualization/tests/constraints.ts:49:54)
    at Object.get (/home/logan/Documents/2021fallsau/CPTR-571/contraints-visualization/tests/constraints.ts:49:54)
    at Object.get (/home/logan/Documents/2021fallsau/CPTR-571/contraints-visualization/tests/constraints.ts:49:54)
    at Object.get (/home/logan/Documents/2021fallsau/CPTR-571/contraints-visualization/tests/constraints.ts:49:54)
    at Object.get (/home/logan/Documents/2021fallsau/CPTR-571/contraints-visualization/tests/constraints.ts:49:54)
    at Object.get (/home/logan/Documents/2021fallsau/CPTR-571/contraints-visualization/tests/constraints.ts:49:54)
    at Object.get (/home/logan/Documents/2021fallsau/CPTR-571/contraints-visualization/tests/constraints.ts:49:54)
    at Object.get (/home/logan/Documents/2021fallsau/CPTR-571/contraints-visualization/tests/constraints.ts:49:54)
    at Object.get (/home/logan/Documents/2021fallsau/CPTR-571/contraints-visualization/tests/constraints.ts:49:54)
    at Object.get (/home/logan/Documents/2021fallsau/CPTR-571/contraints-visualization/tests/constraints.ts:49:54)
    at Object.get (/home/logan/Documents/2021fallsau/CPTR-571/contraints-visualization/tests/constraints.ts:49:54)
    at Object.get (/home/logan/Documents/2021fallsau/CPTR-571/contraints-visualization/tests/constraints.ts:49:54)
    at Object.get (/home/logan/Documents/2021fallsau/CPTR-571/contraints-visualization/tests/constraints.ts:49:54)
    at Object.get (/home/logan/Documents/2021fallsau/CPTR-571/contraints-visualization/tests/constraints.ts:49:54)
    at Object.get (/home/logan/Documents/2021fallsau/CPTR-571/contraints-visualization/tests/constraints.ts:49:54)
    at Object.get (/home/logan/Documents/2021fallsau/CPTR-571/contraints-visualization/tests/constraints.ts:49:54)
    at Object.get (/home/logan/Documents/2021fallsau/CPTR-571/contraints-visualization/tests/constraints.ts:49:54)
    at Object.get (/home/logan/Documents/2021fallsau/CPTR-571/contraints-visualization/tests/constraints.ts:49:54)
    at Object.get (/home/logan/Documents/2021fallsau/CPTR-571/contraints-visualization/tests/constraints.ts:49:54)
    at Object.get (/home/logan/Documents/2021fallsau/CPTR-571/contraints-visualization/tests/constraints.ts:49:54)
    at Object.get (/home/logan/Documents/2021fallsau/CPTR-571/contraints-visualization/tests/constraints.ts:49:54)
    at Object.get (/home/logan/Documents/2021fallsau/CPTR-571/contraints-visualization/tests/constraints.ts:49:54)
    at Object.get (/home/logan/Documents/2021fallsau/CPTR-571/contraints-visualization/tests/constraints.ts:49:54)
    at Object.get (/home/logan/Documents/2021fallsau/CPTR-571/contraints-visualization/tests/constraints.ts:49:54)
    at Object.get (/home/logan/Documents/2021fallsau/CPTR-571/contraints-visualization/tests/constraints.ts:49:54)
    at Object.get (/home/logan/Documents/2021fallsau/CPTR-571/contraints-visualization/tests/constraints.ts:49:54)
    at Object.get (/home/logan/Documents/2021fallsau/CPTR-571/contraints-visualization/tests/constraints.ts:49:54)
    at Object.get (/home/logan/Documents/2021fallsau/CPTR-571/contraints-visualization/tests/constraints.ts:49:54)
    at Object.get (/home/logan/Documents/2021fallsau/CPTR-571/contraints-visualization/tests/constraints.ts:49:54)
    at Object.get (/home/logan/Documents/2021fallsau/CPTR-571/contraints-visualization/tests/constraints.ts:49:54)
    at Object.get (/home/logan/Documents/2021fallsau/CPTR-571/contraints-visualization/tests/constraints.ts:49:54)
    at Object.get (/home/logan/Documents/2021fallsau/CPTR-571/contraints-visualization/tests/constraints.ts:49:54)
    at Object.get (/home/logan/Documents/2021fallsau/CPTR-571/contraints-visualization/tests/constraints.ts:49:54)
    at Object.get (/home/logan/Documents/2021fallsau/CPTR-571/contraints-visualization/tests/constraints.ts:49:54)
    at Object.get (/home/logan/Documents/2021fallsau/CPTR-571/contraints-visualization/tests/constraints.ts:49:54)
    at Object.get (/home/logan/Documents/2021fallsau/CPTR-571/contraints-visualization/tests/constraints.ts:49:54)
    at Object.get (/home/logan/Documents/2021fallsau/CPTR-571/contraints-visualization/tests/constraints.ts:49:54)
    at Object.get (/home/logan/Documents/2021fallsau/CPTR-571/contraints-visualization/tests/constraints.ts:49:54)
    at Object.get (/home/logan/Documents/2021fallsau/CPTR-571/contraints-visualization/tests/constraints.ts:49:54)
    at Object.get (/home/logan/Documents/2021fallsau/CPTR-571/contraints-visualization/tests/constraints.ts:49:54)
    at Object.get (/home/logan/Documents/2021fallsau/CPTR-571/contraints-visualization/tests/constraints.ts:49:54)
    at Object.get (/home/logan/Documents/2021fallsau/CPTR-571/contraints-visualization/tests/constraints.ts:49:54)
    at Object.get (/home/logan/Documents/2021fallsau/CPTR-571/contraints-visualization/tests/constraints.ts:49:54)
    at Object.get (/home/logan/Documents/2021fallsau/CPTR-571/contraints-visualization/tests/constraints.ts:49:54)
    at Object.get (/home/logan/Documents/2021fallsau/CPTR-571/contraints-visualization/tests/constraints.ts:49:54)
    at Object.get (/home/logan/Documents/2021fallsau/CPTR-571/contraints-visualization/tests/constraints.ts:49:54)
    at Object.get (/home/logan/Documents/2021fallsau/CPTR-571/contraints-visualization/tests/constraints.ts:49:54)
    at Object.get (/home/logan/Documents/2021fallsau/CPTR-571/contraints-visualization/tests/constraints.ts:49:54)
    at Object.get (/home/logan/Documents/2021fallsau/CPTR-571/contraints-visualization/tests/constraints.ts:49:54)
    at Object.get (/home/logan/Documents/2021fallsau/CPTR-571/contraints-visualization/tests/constraints.ts:49:54)
    at Object.get (/home/logan/Documents/2021fallsau/CPTR-571/contraints-visualization/tests/constraints.ts:49:54)
    at Object.get (/home/logan/Documents/2021fallsau/CPTR-571/contraints-visualization/tests/constraints.ts:49:54)
    at Object.get (/home/logan/Documents/2021fallsau/CPTR-571/contraints-visualization/tests/constraints.ts:49:54)
    at Object.get (/home/logan/Documents/2021fallsau/CPTR-571/contraints-visualization/tests/constraints.ts:49:54)
    at Object.get (/home/logan/Documents/2021fallsau/CPTR-571/contraints-visualization/tests/constraints.ts:49:54)
    at Object.get (/home/logan/Documents/2021fallsau/CPTR-571/contraints-visualization/tests/constraints.ts:49:54)
    at Object.get (/home/logan/Documents/2021fallsau/CPTR-571/contraints-visualization/tests/constraints.ts:49:54)
    at Object.get (/home/logan/Documents/2021fallsau/CPTR-571/contraints-visualization/tests/constraints.ts:49:54)
    at Object.get (/home/logan/Documents/2021fallsau/CPTR-571/contraints-visualization/tests/constraints.ts:49:54)
    at Object.get (/home/logan/Documents/2021fallsau/CPTR-571/contraints-visualization/tests/constraints.ts:49:54)
    at Object.get (/home/logan/Documents/2021fallsau/CPTR-571/contraints-visualization/tests/constraints.ts:49:54)
    at Object.get (/home/logan/Documents/2021fallsau/CPTR-571/contraints-visualization/tests/constraints.ts:49:54)
    at Object.get (/home/logan/Documents/2021fallsau/CPTR-571/contraints-visualization/tests/constraints.ts:49:54)
    at Object.get (/home/logan/Documents/2021fallsau/CPTR-571/contraints-visualization/tests/constraints.ts:49:54)
    at Object.get (/home/logan/Documents/2021fallsau/CPTR-571/contraints-visualization/tests/constraints.ts:49:54)
    at Object.get (/home/logan/Documents/2021fallsau/CPTR-571/contraints-visualization/tests/constraints.ts:49:54)
    at Object.get (/home/logan/Documents/2021fallsau/CPTR-571/contraints-visualization/tests/constraints.ts:49:54)
    at Object.get (/home/logan/Documents/2021fallsau/CPTR-571/contraints-visualization/tests/constraints.ts:49:54)
    at Object.get (/home/logan/Documents/2021fallsau/CPTR-571/contraints-visualization/tests/constraints.ts:49:54)
    at Object.get (/home/logan/Documents/2021fallsau/CPTR-571/contraints-visualization/tests/constraints.ts:49:54)
    at Object.get (/home/logan/Documents/2021fallsau/CPTR-571/contraints-visualization/tests/constraints.ts:49:54)
    at Object.get (/home/logan/Documents/2021fallsau/CPTR-571/contraints-visualization/tests/constraints.ts:49:54)
    at Object.get (/home/logan/Documents/2021fallsau/CPTR-571/contraints-visualization/tests/constraints.ts:49:54)
    at Object.get (/home/logan/Documents/2021fallsau/CPTR-571/contraints-visualization/tests/constraints.ts:49:54)
    at Object.get (/home/logan/Documents/2021fallsau/CPTR-571/contraints-visualization/tests/constraints.ts:49:54)
    at Object.get (/home/logan/Documents/2021fallsau/CPTR-571/contraints-visualization/tests/constraints.ts:49:54)
    at Object.get (/home/logan/Documents/2021fallsau/CPTR-571/contraints-visualization/tests/constraints.ts:49:54)
    at Object.get (/home/logan/Documents/2021fallsau/CPTR-571/contraints-visualization/tests/constraints.ts:49:54)
    at Object.get (/home/logan/Documents/2021fallsau/CPTR-571/contraints-visualization/tests/constraints.ts:49:54)
    at Object.get (/home/logan/Documents/2021fallsau/CPTR-571/contraints-visualization/tests/constraints.ts:49:54)
    at Object.get (/home/logan/Documents/2021fallsau/CPTR-571/contraints-visualization/tests/constraints.ts:49:54)
    at Object.get (/home/logan/Documents/2021fallsau/CPTR-571/contraints-visualization/tests/constraints.ts:49:54)
    at Object.get (/home/logan/Documents/2021fallsau/CPTR-571/contraints-visualization/tests/constraints.ts:49:54)
    at Object.get (/home/logan/Documents/2021fallsau/CPTR-571/contraints-visualization/tests/constraints.ts:49:54)
    at Object.get (/home/logan/Documents/2021fallsau/CPTR-571/contraints-visualization/tests/constraints.ts:49:54)
    at Object.get (/home/logan/Documents/2021fallsau/CPTR-571/contraints-visualization/tests/constraints.ts:49:54)
    at Object.get (/home/logan/Documents/2021fallsau/CPTR-571/contraints-visualization/tests/constraints.ts:49:54)
    at Object.get (/home/logan/Documents/2021fallsau/CPTR-571/contraints-visualization/tests/constraints.ts:49:54)
    at Object.get (/home/logan/Documents/2021fallsau/CPTR-571/contraints-visualization/tests/constraints.ts:49:54)
    at Object.get (/home/logan/Documents/2021fallsau/CPTR-571/contraints-visualization/tests/constraints.ts:49:54)
    at Object.get (/home/logan/Documents/2021fallsau/CPTR-571/contraints-visualization/tests/constraints.ts:49:54)
    at Object.get (/home/logan/Documents/2021fallsau/CPTR-571/contraints-visualization/tests/constraints.ts:49:54)
    at Object.get (/home/logan/Documents/2021fallsau/CPTR-571/contraints-visualization/tests/constraints.ts:49:54)
    at Object.get (/home/logan/Documents/2021fallsau/CPTR-571/contraints-visualization/tests/constraints.ts:49:54)
    at Object.get (/home/logan/Documents/2021fallsau/CPTR-571/contraints-visualization/tests/constraints.ts:49:54)
    at Object.get (/home/logan/Documents/2021fallsau/CPTR-571/contraints-visualization/tests/constraints.ts:49:54)
    at Object.get (/home/logan/Documents/2021fallsau/CPTR-571/contraints-visualization/tests/constraints.ts:49:54)
    at Object.get (/home/logan/Documents/2021fallsau/CPTR-571/contraints-visualization/tests/constraints.ts:49:54)
    at Object.get (/home/logan/Documents/2021fallsau/CPTR-571/contraints-visualization/tests/constraints.ts:49:54)
    at Object.get (/home/logan/Documents/2021fallsau/CPTR-571/contraints-visualization/tests/constraints.ts:49:54)
    at Object.get (/home/logan/Documents/2021fallsau/CPTR-571/contraints-visualization/tests/constraints.ts:49:54)
    at Object.get (/home/logan/Documents/2021fallsau/CPTR-571/contraints-visualization/tests/constraints.ts:49:54)
    at Object.get (/home/logan/Documents/2021fallsau/CPTR-571/contraints-visualization/tests/constraints.ts:49:54)
    at Object.get (/home/logan/Documents/2021fallsau/CPTR-571/contraints-visualization/tests/constraints.ts:49:54)
    at Object.get (/home/logan/Documents/2021fallsau/CPTR-571/contraints-visualization/tests/constraints.ts:49:54)
    at Object.get (/home/logan/Documents/2021fallsau/CPTR-571/contraints-visualization/tests/constraints.ts:49:54)
    at Object.get (/home/logan/Documents/2021fallsau/CPTR-571/contraints-visualization/tests/constraints.ts:49:54)
    at Object.get (/home/logan/Documents/2021fallsau/CPTR-571/contraints-visualization/tests/constraints.ts:49:54)
    at Object.get (/home/logan/Documents/2021fallsau/CPTR-571/contraints-visualization/tests/constraints.ts:49:54)
    at Object.get (/home/logan/Documents/2021fallsau/CPTR-571/contraints-visualization/tests/constraints.ts:49:54)
    at Object.get (/home/logan/Documents/2021fallsau/CPTR-571/contraints-visualization/tests/constraints.ts:49:54)
    at Object.get (/home/logan/Documents/2021fallsau/CPTR-571/contraints-visualization/tests/constraints.ts:49:54)
    at Object.get (/home/logan/Documents/2021fallsau/CPTR-571/contraints-visualization/tests/constraints.ts:49:54)
    at Object.get (/home/logan/Documents/2021fallsau/CPTR-571/contraints-visualization/tests/constraints.ts:49:54)
    at Object.get (/home/logan/Documents/2021fallsau/CPTR-571/contraints-visualization/tests/constraints.ts:49:54)
    at Object.get (/home/logan/Documents/2021fallsau/CPTR-571/contraints-visualization/tests/constraints.ts:49:54)
    at Object.get (/home/logan/Documents/2021fallsau/CPTR-571/contraints-visualization/tests/constraints.ts:49:54)
    at Object.get (/home/logan/Documents/2021fallsau/CPTR-571/contraints-visualization/tests/constraints.ts:49:54)
    at Object.get (/home/logan/Documents/2021fallsau/CPTR-571/contraints-visualization/tests/constraints.ts:49:54)
    at Object.get (/home/logan/Documents/2021fallsau/CPTR-571/contraints-visualization/tests/constraints.ts:49:54)
    at Object.get (/home/logan/Documents/2021fallsau/CPTR-571/contraints-visualization/tests/constraints.ts:49:54)
    at Object.get (/home/logan/Documents/2021fallsau/CPTR-571/contraints-visualization/tests/constraints.ts:49:54)
    at Object.get (/home/logan/Documents/2021fallsau/CPTR-571/contraints-visualization/tests/constraints.ts:49:54)
    at Object.get (/home/logan/Documents/2021fallsau/CPTR-571/contraints-visualization/tests/constraints.ts:49:54)
    at Object.get (/home/logan/Documents/2021fallsau/CPTR-571/contraints-visualization/tests/constraints.ts:49:54)
    at Object.get (/home/logan/Documents/2021fallsau/CPTR-571/contraints-visualization/tests/constraints.ts:49:54)
    at Object.get (/home/logan/Documents/2021fallsau/CPTR-571/contraints-visualization/tests/constraints.ts:49:54)
    at Object.get (/home/logan/Documents/2021fallsau/CPTR-571/contraints-visualization/tests/constraints.ts:49:54)
    at Object.get (/home/logan/Documents/2021fallsau/CPTR-571/contraints-visualization/tests/constraints.ts:49:54)
    at Object.get (/home/logan/Documents/2021fallsau/CPTR-571/contraints-visualization/tests/constraints.ts:49:54)
    at Object.get (/home/logan/Documents/2021fallsau/CPTR-571/contraints-visualization/tests/constraints.ts:49:54)
    at Object.get (/home/logan/Documents/2021fallsau/CPTR-571/contraints-visualization/tests/constraints.ts:49:54)
    at Object.get (/home/logan/Documents/2021fallsau/CPTR-571/contraints-visualization/tests/constraints.ts:49:54)
    at Object.get (/home/logan/Documents/2021fallsau/CPTR-571/contraints-visualization/tests/constraints.ts:49:54)
    at Object.get (/home/logan/Documents/2021fallsau/CPTR-571/contraints-visualization/tests/constraints.ts:49:54)
    at Object.get (/home/logan/Documents/2021fallsau/CPTR-571/contraints-visualization/tests/constraints.ts:49:54)
    at Object.get (/home/logan/Documents/2021fallsau/CPTR-571/contraints-visualization/tests/constraints.ts:49:54)
    at Object.get (/home/logan/Documents/2021fallsau/CPTR-571/contraints-visualization/tests/constraints.ts:49:54)
    at Object.get (/home/logan/Documents/2021fallsau/CPTR-571/contraints-visualization/tests/constraints.ts:49:54)
    at Object.get (/home/logan/Documents/2021fallsau/CPTR-571/contraints-visualization/tests/constraints.ts:49:54)
    at Object.get (/home/logan/Documents/2021fallsau/CPTR-571/contraints-visualization/tests/constraints.ts:49:54)
    at Object.get (/home/logan/Documents/2021fallsau/CPTR-571/contraints-visualization/tests/constraints.ts:49:54)
    at Object.get (/home/logan/Documents/2021fallsau/CPTR-571/contraints-visualization/tests/constraints.ts:49:54)
    at Object.get (/home/logan/Documents/2021fallsau/CPTR-571/contraints-visualization/tests/constraints.ts:49:54)
    at Object.get (/home/logan/Documents/2021fallsau/CPTR-571/contraints-visualization/tests/constraints.ts:49:54)
    at Object.get (/home/logan/Documents/2021fallsau/CPTR-571/contraints-visualization/tests/constraints.ts:49:54)
    at Object.get (/home/logan/Documents/2021fallsau/CPTR-571/contraints-visualization/tests/constraints.ts:49:54)
    at Object.get (/home/logan/Documents/2021fallsau/CPTR-571/contraints-visualization/tests/constraints.ts:49:54)
    at Object.get (/home/logan/Documents/2021fallsau/CPTR-571/contraints-visualization/tests/constraints.ts:49:54)
    at Object.get (/home/logan/Documents/2021fallsau/CPTR-571/contraints-visualization/tests/constraints.ts:49:54)
    at Object.get (/home/logan/Documents/2021fallsau/CPTR-571/contraints-visualization/tests/constraints.ts:49:54)
    at Object.get (/home/logan/Documents/2021fallsau/CPTR-571/contraints-visualization/tests/constraints.ts:49:54)
    at Object.get (/home/logan/Documents/2021fallsau/CPTR-571/contraints-visualization/tests/constraints.ts:49:54)
    at Object.get (/home/logan/Documents/2021fallsau/CPTR-571/contraints-visualization/tests/constraints.ts:49:54)
    at Object.get (/home/logan/Documents/2021fallsau/CPTR-571/contraints-visualization/tests/constraints.ts:49:54)
    at Object.get (/home/logan/Documents/2021fallsau/CPTR-571/contraints-visualization/tests/constraints.ts:49:54)
    at Object.get (/home/logan/Documents/2021fallsau/CPTR-571/contraints-visualization/tests/constraints.ts:49:54)
    at Object.get (/home/logan/Documents/2021fallsau/CPTR-571/contraints-visualization/tests/constraints.ts:49:54)
    at Object.get (/home/logan/Documents/2021fallsau/CPTR-571/contraints-visualization/tests/constraints.ts:49:54)
    at Object.get (/home/logan/Documents/2021fallsau/CPTR-571/contraints-visualization/tests/constraints.ts:49:54)
    at Object.get (/home/logan/Documents/2021fallsau/CPTR-571/contraints-visualization/tests/constraints.ts:49:54)
    at Object.get (/home/logan/Documents/2021fallsau/CPTR-571/contraints-visualization/tests/constraints.ts:49:54)
    at Object.get (/home/logan/Documents/2021fallsau/CPTR-571/contraints-visualization/tests/constraints.ts:49:54)
    at Object.get (/home/logan/Documents/2021fallsau/CPTR-571/contraints-visualization/tests/constraints.ts:49:54)
    at Object.get (/home/logan/Documents/2021fallsau/CPTR-571/contraints-visualization/tests/constraints.ts:49:54)
    at Object.get (/home/logan/Documents/2021fallsau/CPTR-571/contraints-visualization/tests/constraints.ts:49:54)
    at Object.get (/home/logan/Documents/2021fallsau/CPTR-571/contraints-visualization/tests/constraints.ts:49:54)
    at Object.get (/home/logan/Documents/2021fallsau/CPTR-571/contraints-visualization/tests/constraints.ts:49:54)
    at Object.get (/home/logan/Documents/2021fallsau/CPTR-571/contraints-visualization/tests/constraints.ts:49:54)
    at Object.get (/home/logan/Documents/2021fallsau/CPTR-571/contraints-visualization/tests/constraints.ts:49:54)
    at Object.get (/home/logan/Documents/2021fallsau/CPTR-571/contraints-visualization/tests/constraints.ts:49:54)
    at Object.get (/home/logan/Documents/2021fallsau/CPTR-571/contraints-visualization/tests/constraints.ts:49:54)
    at Object.get (/home/logan/Documents/2021fallsau/CPTR-571/contraints-visualization/tests/constraints.ts:49:54)
    at Object.get (/home/logan/Documents/2021fallsau/CPTR-571/contraints-visualization/tests/constraints.ts:49:54)
    at Object.get (/home/logan/Documents/2021fallsau/CPTR-571/contraints-visualization/tests/constraints.ts:49:54)
    at Object.get (/home/logan/Documents/2021fallsau/CPTR-571/contraints-visualization/tests/constraints.ts:49:54)
    at Object.get (/home/logan/Documents/2021fallsau/CPTR-571/contraints-visualization/tests/constraints.ts:49:54)
    at Object.get (/home/logan/Documents/2021fallsau/CPTR-571/contraints-visualization/tests/constraints.ts:49:54)
    at Object.get (/home/logan/Documents/2021fallsau/CPTR-571/contraints-visualization/tests/constraints.ts:49:54)
    at Object.get (/home/logan/Documents/2021fallsau/CPTR-571/contraints-visualization/tests/constraints.ts:49:54)
    at Object.get (/home/logan/Documents/2021fallsau/CPTR-571/contraints-visualization/tests/constraints.ts:49:54)
    at Object.get (/home/logan/Documents/2021fallsau/CPTR-571/contraints-visualization/tests/constraints.ts:49:54)
    at Object.get (/home/logan/Documents/2021fallsau/CPTR-571/contraints-visualization/tests/constraints.ts:49:54)
    at Object.get (/home/logan/Documents/2021fallsau/CPTR-571/contraints-visualization/tests/constraints.ts:49:54)
    at Object.get (/home/logan/Documents/2021fallsau/CPTR-571/contraints-visualization/tests/constraints.ts:49:54)
    at Object.get (/home/logan/Documents/2021fallsau/CPTR-571/contraints-visualization/tests/constraints.ts:49:54)
    at Object.get (/home/logan/Documents/2021fallsau/CPTR-571/contraints-visualization/tests/constraints.ts:49:54)
    at Object.get (/home/logan/Documents/2021fallsau/CPTR-571/contraints-visualization/tests/constraints.ts:49:54)
    at Object.get (/home/logan/Documents/2021fallsau/CPTR-571/contraints-visualization/tests/constraints.ts:49:54)
    at Object.get (/home/logan/Documents/2021fallsau/CPTR-571/contraints-visualization/tests/constraints.ts:49:54)
    at Object.get (/home/logan/Documents/2021fallsau/CPTR-571/contraints-visualization/tests/constraints.ts:49:54)
    at Object.get (/home/logan/Documents/2021fallsau/CPTR-571/contraints-visualization/tests/constraints.ts:49:54)
    at Object.get (/home/logan/Documents/2021fallsau/CPTR-571/contraints-visualization/tests/constraints.ts:49:54)
    at Object.get (/home/logan/Documents/2021fallsau/CPTR-571/contraints-visualization/tests/constraints.ts:49:54)
    at Object.get (/home/logan/Documents/2021fallsau/CPTR-571/contraints-visualization/tests/constraints.ts:49:54)
    at Object.get (/home/logan/Documents/2021fallsau/CPTR-571/contraints-visualization/tests/constraints.ts:49:54)
    at Object.get (/home/logan/Documents/2021fallsau/CPTR-571/contraints-visualization/tests/constraints.ts:49:54)
    at Object.get (/home/logan/Documents/2021fallsau/CPTR-571/contraints-visualization/tests/constraints.ts:49:54)
    at Object.get (/home/logan/Documents/2021fallsau/CPTR-571/contraints-visualization/tests/constraints.ts:49:54)
    at Object.get (/home/logan/Documents/2021fallsau/CPTR-571/contraints-visualization/tests/constraints.ts:49:54)
    at Object.get (/home/logan/Documents/2021fallsau/CPTR-571/contraints-visualization/tests/constraints.ts:49:54)
    at Object.get (/home/logan/Documents/2021fallsau/CPTR-571/contraints-visualization/tests/constraints.ts:49:54)
    at Object.get (/home/logan/Documents/2021fallsau/CPTR-571/contraints-visualization/tests/constraints.ts:49:54)
    at Object.get (/home/logan/Documents/2021fallsau/CPTR-571/contraints-visualization/tests/constraints.ts:49:54)
    at Object.get (/home/logan/Documents/2021fallsau/CPTR-571/contraints-visualization/tests/constraints.ts:49:54)
    at Object.get (/home/logan/Documents/2021fallsau/CPTR-571/contraints-visualization/tests/constraints.ts:49:54)
    at Object.get (/home/logan/Documents/2021fallsau/CPTR-571/contraints-visualization/tests/constraints.ts:49:54)
    at Object.get (/home/logan/Documents/2021fallsau/CPTR-571/contraints-visualization/tests/constraints.ts:49:54)
    at Object.get (/home/logan/Documents/2021fallsau/CPTR-571/contraints-visualization/tests/constraints.ts:49:54)
    at Object.get (/home/logan/Documents/2021fallsau/CPTR-571/contraints-visualization/tests/constraints.ts:49:54)
    at Object.get (/home/logan/Documents/2021fallsau/CPTR-571/contraints-visualization/tests/constraints.ts:49:54)
    at Object.get (/home/logan/Documents/2021fallsau/CPTR-571/contraints-visualization/tests/constraints.ts:49:54)
    at Object.get (/home/logan/Documents/2021fallsau/CPTR-571/contraints-visualization/tests/constraints.ts:49:54)
    at Object.get (/home/logan/Documents/2021fallsau/CPTR-571/contraints-visualization/tests/constraints.ts:49:54)
    at Object.get (/home/logan/Documents/2021fallsau/CPTR-571/contraints-visualization/tests/constraints.ts:49:54)
    at Object.get (/home/logan/Documents/2021fallsau/CPTR-571/contraints-visualization/tests/constraints.ts:49:54)
    at Object.get (/home/logan/Documents/2021fallsau/CPTR-571/contraints-visualization/tests/constraints.ts:49:54)
    at Object.get (/home/logan/Documents/2021fallsau/CPTR-571/contraints-visualization/tests/constraints.ts:49:54)
    at Object.get (/home/logan/Documents/2021fallsau/CPTR-571/contraints-visualization/tests/constraints.ts:49:54)
    at Object.get (/home/logan/Documents/2021fallsau/CPTR-571/contraints-visualization/tests/constraints.ts:49:54)
    at Object.get (/home/logan/Documents/2021fallsau/CPTR-571/contraints-visualization/tests/constraints.ts:49:54)
    at Object.get (/home/logan/Documents/2021fallsau/CPTR-571/contraints-visualization/tests/constraints.ts:49:54)
    at Object.get (/home/logan/Documents/2021fallsau/CPTR-571/contraints-visualization/tests/constraints.ts:49:54)
    at Object.get (/home/logan/Documents/2021fallsau/CPTR-571/contraints-visualization/tests/constraints.ts:49:54)
    at Object.get (/home/logan/Documents/2021fallsau/CPTR-571/contraints-visualization/tests/constraints.ts:49:54)
    at Object.get (/home/logan/Documents/2021fallsau/CPTR-571/contraints-visualization/tests/constraints.ts:49:54)
    at Object.get (/home/logan/Documents/2021fallsau/CPTR-571/contraints-visualization/tests/constraints.ts:49:54)
    at Object.get (/home/logan/Documents/2021fallsau/CPTR-571/contraints-visualization/tests/constraints.ts:49:54)
    at Object.get (/home/logan/Documents/2021fallsau/CPTR-571/contraints-visualization/tests/constraints.ts:49:54)
    at Object.get (/home/logan/Documents/2021fallsau/CPTR-571/contraints-visualization/tests/constraints.ts:49:54)
    at Object.get (/home/logan/Documents/2021fallsau/CPTR-571/contraints-visualization/tests/constraints.ts:49:54)
    at Object.get (/home/logan/Documents/2021fallsau/CPTR-571/contraints-visualization/tests/constraints.ts:49:54)
    at Object.get (/home/logan/Documents/2021fallsau/CPTR-571/contraints-visualization/tests/constraints.ts:49:54)
    at Object.get (/home/logan/Documents/2021fallsau/CPTR-571/contraints-visualization/tests/constraints.ts:49:54)
    at Object.get (/home/logan/Documents/2021fallsau/CPTR-571/contraints-visualization/tests/constraints.ts:49:54)
    at Object.get (/home/logan/Documents/2021fallsau/CPTR-571/contraints-visualization/tests/constraints.ts:49:54)
    at Object.get (/home/logan/Documents/2021fallsau/CPTR-571/contraints-visualization/tests/constraints.ts:49:54)
    at Object.get (/home/logan/Documents/2021fallsau/CPTR-571/contraints-visualization/tests/constraints.ts:49:54)
    at Object.get (/home/logan/Documents/2021fallsau/CPTR-571/contraints-visualization/tests/constraints.ts:49:54)
    at Object.get (/home/logan/Documents/2021fallsau/CPTR-571/contraints-visualization/tests/constraints.ts:49:54)
    at Object.get (/home/logan/Documents/2021fallsau/CPTR-571/contraints-visualization/tests/constraints.ts:49:54)
    at Object.get (/home/logan/Documents/2021fallsau/CPTR-571/contraints-visualization/tests/constraints.ts:49:54)
    at Object.get (/home/logan/Documents/2021fallsau/CPTR-571/contraints-visualization/tests/constraints.ts:49:54)
    at Object.get (/home/logan/Documents/2021fallsau/CPTR-571/contraints-visualization/tests/constraints.ts:49:54)
    at Object.get (/home/logan/Documents/2021fallsau/CPTR-571/contraints-visualization/tests/constraints.ts:49:54)
    at Object.get (/home/logan/Documents/2021fallsau/CPTR-571/contraints-visualization/tests/constraints.ts:49:54)
    at Object.get (/home/logan/Documents/2021fallsau/CPTR-571/contraints-visualization/tests/constraints.ts:49:54)
    at Object.get (/home/logan/Documents/2021fallsau/CPTR-571/contraints-visualization/tests/constraints.ts:49:54)
    at Object.get (/home/logan/Documents/2021fallsau/CPTR-571/contraints-visualization/tests/constraints.ts:49:54)
    at Object.get (/home/logan/Documents/2021fallsau/CPTR-571/contraints-visualization/tests/constraints.ts:49:54)
    at Object.get (/home/logan/Documents/2021fallsau/CPTR-571/contraints-visualization/tests/constraints.ts:49:54)
    at Object.get (/home/logan/Documents/2021fallsau/CPTR-571/contraints-visualization/tests/constraints.ts:49:54)
    at Object.get (/home/logan/Documents/2021fallsau/CPTR-571/contraints-visualization/tests/constraints.ts:49:54)
    at Object.get (/home/logan/Documents/2021fallsau/CPTR-571/contraints-visualization/tests/constraints.ts:49:54)
    at Object.get (/home/logan/Documents/2021fallsau/CPTR-571/contraints-visualization/tests/constraints.ts:49:54)
    at Object.get (/home/logan/Documents/2021fallsau/CPTR-571/contraints-visualization/tests/constraints.ts:49:54)
    at Object.get (/home/logan/Documents/2021fallsau/CPTR-571/contraints-visualization/tests/constraints.ts:49:54)
    at Object.get (/home/logan/Documents/2021fallsau/CPTR-571/contraints-visualization/tests/constraints.ts:49:54)
    at Object.get (/home/logan/Documents/2021fallsau/CPTR-571/contraints-visualization/tests/constraints.ts:49:54)
    at Object.get (/home/logan/Documents/2021fallsau/CPTR-571/contraints-visualization/tests/constraints.ts:49:54)
    at Object.get (/home/logan/Documents/2021fallsau/CPTR-571/contraints-visualization/tests/constraints.ts:49:54)
    at Object.get (/home/logan/Documents/2021fallsau/CPTR-571/contraints-visualization/tests/constraints.ts:49:54)
    at Object.get (/home/logan/Documents/2021fallsau/CPTR-571/contraints-visualization/tests/constraints.ts:49:54)
    at Object.get (/home/logan/Documents/2021fallsau/CPTR-571/contraints-visualization/tests/constraints.ts:49:54)
    at Object.get (/home/logan/Documents/2021fallsau/CPTR-571/contraints-visualization/tests/constraints.ts:49:54)
    at Object.get (/home/logan/Documents/2021fallsau/CPTR-571/contraints-visualization/tests/constraints.ts:49:54)
    at Object.get (/home/logan/Documents/2021fallsau/CPTR-571/contraints-visualization/tests/constraints.ts:49:54)
    at Object.get (/home/logan/Documents/2021fallsau/CPTR-571/contraints-visualization/tests/constraints.ts:49:54)
    at Object.get (/home/logan/Documents/2021fallsau/CPTR-571/contraints-visualization/tests/constraints.ts:49:54)
    at Object.get (/home/logan/Documents/2021fallsau/CPTR-571/contraints-visualization/tests/constraints.ts:49:54)
    at Object.get (/home/logan/Documents/2021fallsau/CPTR-571/contraints-visualization/tests/constraints.ts:49:54)
    at Object.get (/home/logan/Documents/2021fallsau/CPTR-571/contraints-visualization/tests/constraints.ts:49:54)
    at Object.get (/home/logan/Documents/2021fallsau/CPTR-571/contraints-visualization/tests/constraints.ts:49:54)
    at Object.get (/home/logan/Documents/2021fallsau/CPTR-571/contraints-visualization/tests/constraints.ts:49:54)
    at Object.get (/home/logan/Documents/2021fallsau/CPTR-571/contraints-visualization/tests/constraints.ts:49:54)
    at Object.get (/home/logan/Documents/2021fallsau/CPTR-571/contraints-visualization/tests/constraints.ts:49:54)
    at Object.get (/home/logan/Documents/2021fallsau/CPTR-571/contraints-visualization/tests/constraints.ts:49:54)
    at Object.get (/home/logan/Documents/2021fallsau/CPTR-571/contraints-visualization/tests/constraints.ts:49:54)
    at Object.get (/home/logan/Documents/2021fallsau/CPTR-571/contraints-visualization/tests/constraints.ts:49:54)
    at Object.get (/home/logan/Documents/2021fallsau/CPTR-571/contraints-visualization/tests/constraints.ts:49:54)
    at Object.get (/home/logan/Documents/2021fallsau/CPTR-571/contraints-visualization/tests/constraints.ts:49:54)
    at Object.get (/home/logan/Documents/2021fallsau/CPTR-571/contraints-visualization/tests/constraints.ts:49:54)
    at Object.get (/home/logan/Documents/2021fallsau/CPTR-571/contraints-visualization/tests/constraints.ts:49:54)
    at Object.get (/home/logan/Documents/2021fallsau/CPTR-571/contraints-visualization/tests/constraints.ts:49:54)
    at Object.get (/home/logan/Documents/2021fallsau/CPTR-571/contraints-visualization/tests/constraints.ts:49:54)
    at Object.get (/home/logan/Documents/2021fallsau/CPTR-571/contraints-visualization/tests/constraints.ts:49:54)
    at Object.get (/home/logan/Documents/2021fallsau/CPTR-571/contraints-visualization/tests/constraints.ts:49:54)
    at Object.get (/home/logan/Documents/2021fallsau/CPTR-571/contraints-visualization/tests/constraints.ts:49:54)
    at Object.get (/home/logan/Documents/2021fallsau/CPTR-571/contraints-visualization/tests/constraints.ts:49:54)
    at Object.get (/home/logan/Documents/2021fallsau/CPTR-571/contraints-visualization/tests/constraints.ts:49:54)
    at Object.get (/home/logan/Documents/2021fallsau/CPTR-571/contraints-visualization/tests/constraints.ts:49:54)
    at Object.get (/home/logan/Documents/2021fallsau/CPTR-571/contraints-visualization/tests/constraints.ts:49:54)
    at Object.get (/home/logan/Documents/2021fallsau/CPTR-571/contraints-visualization/tests/constraints.ts:49:54)
    at Object.get (/home/logan/Documents/2021fallsau/CPTR-571/contraints-visualization/tests/constraints.ts:49:54)
    at Object.get (/home/logan/Documents/2021fallsau/CPTR-571/contraints-visualization/tests/constraints.ts:49:54)
    at Object.get (/home/logan/Documents/2021fallsau/CPTR-571/contraints-visualization/tests/constraints.ts:49:54)
    at Object.get (/home/logan/Documents/2021fallsau/CPTR-571/contraints-visualization/tests/constraints.ts:49:54)
    at Object.get (/home/logan/Documents/2021fallsau/CPTR-571/contraints-visualization/tests/constraints.ts:49:54)
    at Object.get (/home/logan/Documents/2021fallsau/CPTR-571/contraints-visualization/tests/constraints.ts:49:54)
    at Object.get (/home/logan/Documents/2021fallsau/CPTR-571/contraints-visualization/tests/constraints.ts:49:54)
    at Object.get (/home/logan/Documents/2021fallsau/CPTR-571/contraints-visualization/tests/constraints.ts:49:54)
    at Object.get (/home/logan/Documents/2021fallsau/CPTR-571/contraints-visualization/tests/constraints.ts:49:54)
    at Object.get (/home/logan/Documents/2021fallsau/CPTR-571/contraints-visualization/tests/constraints.ts:49:54)
    at Object.get (/home/logan/Documents/2021fallsau/CPTR-571/contraints-visualization/tests/constraints.ts:49:54)
    at Object.get (/home/logan/Documents/2021fallsau/CPTR-571/contraints-visualization/tests/constraints.ts:49:54)
    at Object.get (/home/logan/Documents/2021fallsau/CPTR-571/contraints-visualization/tests/constraints.ts:49:54)
    at Object.get (/home/logan/Documents/2021fallsau/CPTR-571/contraints-visualization/tests/constraints.ts:49:54)
    at Object.get (/home/logan/Documents/2021fallsau/CPTR-571/contraints-visualization/tests/constraints.ts:49:54)
    at Object.get (/home/logan/Documents/2021fallsau/CPTR-571/contraints-visualization/tests/constraints.ts:49:54)
    at Object.get (/home/logan/Documents/2021fallsau/CPTR-571/contraints-visualization/tests/constraints.ts:49:54)
    at Object.get (/home/logan/Documents/2021fallsau/CPTR-571/contraints-visualization/tests/constraints.ts:49:54)
    at Object.get (/home/logan/Documents/2021fallsau/CPTR-571/contraints-visualization/tests/constraints.ts:49:54)
    at Object.get (/home/logan/Documents/2021fallsau/CPTR-571/contraints-visualization/tests/constraints.ts:49:54)
    at Object.get (/home/logan/Documents/2021fallsau/CPTR-571/contraints-visualization/tests/constraints.ts:49:54)
    at Object.get (/home/logan/Documents/2021fallsau/CPTR-571/contraints-visualization/tests/constraints.ts:49:54)
    at Object.get (/home/logan/Documents/2021fallsau/CPTR-571/contraints-visualization/tests/constraints.ts:49:54)
    at Object.get (/home/logan/Documents/2021fallsau/CPTR-571/contraints-visualization/tests/constraints.ts:49:54)
    at Object.get (/home/logan/Documents/2021fallsau/CPTR-571/contraints-visualization/tests/constraints.ts:49:54)
    at Object.get (/home/logan/Documents/2021fallsau/CPTR-571/contraints-visualization/tests/constraints.ts:49:54)
    at Object.get (/home/logan/Documents/2021fallsau/CPTR-571/contraints-visualization/tests/constraints.ts:49:54)
    at Object.get (/home/logan/Documents/2021fallsau/CPTR-571/contraints-visualization/tests/constraints.ts:49:54)
    at Object.get (/home/logan/Documents/2021fallsau/CPTR-571/contraints-visualization/tests/constraints.ts:49:54)
    at Object.get (/home/logan/Documents/2021fallsau/CPTR-571/contraints-visualization/tests/constraints.ts:49:54)
    at Object.get (/home/logan/Documents/2021fallsau/CPTR-571/contraints-visualization/tests/constraints.ts:49:54)
    at Object.get (/home/logan/Documents/2021fallsau/CPTR-571/contraints-visualization/tests/constraints.ts:49:54)
    at Object.get (/home/logan/Documents/2021fallsau/CPTR-571/contraints-visualization/tests/constraints.ts:49:54)
    at Object.get (/home/logan/Documents/2021fallsau/CPTR-571/contraints-visualization/tests/constraints.ts:49:54)
    at Object.get (/home/logan/Documents/2021fallsau/CPTR-571/contraints-visualization/tests/constraints.ts:49:54)
    at Object.get (/home/logan/Documents/2021fallsau/CPTR-571/contraints-visualization/tests/constraints.ts:49:54)
    at Object.get (/home/logan/Documents/2021fallsau/CPTR-571/contraints-visualization/tests/constraints.ts:49:54)
    at Object.get (/home/logan/Documents/2021fallsau/CPTR-571/contraints-visualization/tests/constraints.ts:49:54)
    at Object.get (/home/logan/Documents/2021fallsau/CPTR-571/contraints-visualization/tests/constraints.ts:49:54)
    at Object.get (/home/logan/Documents/2021fallsau/CPTR-571/contraints-visualization/tests/constraints.ts:49:54)
    at Object.get (/home/logan/Documents/2021fallsau/CPTR-571/contraints-visualization/tests/constraints.ts:49:54)
    at Object.get (/home/logan/Documents/2021fallsau/CPTR-571/contraints-visualization/tests/constraints.ts:49:54)
    at Object.get (/home/logan/Documents/2021fallsau/CPTR-571/contraints-visualization/tests/constraints.ts:49:54)
    at Object.get (/home/logan/Documents/2021fallsau/CPTR-571/contraints-visualization/tests/constraints.ts:49:54)
    at Object.get (/home/logan/Documents/2021fallsau/CPTR-571/contraints-visualization/tests/constraints.ts:49:54)
    at Object.get (/home/logan/Documents/2021fallsau/CPTR-571/contraints-visualization/tests/constraints.ts:49:54)
    at Object.get (/home/logan/Documents/2021fallsau/CPTR-571/contraints-visualization/tests/constraints.ts:49:54)
    at Object.get (/home/logan/Documents/2021fallsau/CPTR-571/contraints-visualization/tests/constraints.ts:49:54)
    at Object.get (/home/logan/Documents/2021fallsau/CPTR-571/contraints-visualization/tests/constraints.ts:49:54)
    at Object.get (/home/logan/Documents/2021fallsau/CPTR-571/contraints-visualization/tests/constraints.ts:49:54)
    at Object.get (/home/logan/Documents/2021fallsau/CPTR-571/contraints-visualization/tests/constraints.ts:49:54)
    at Object.get (/home/logan/Documents/2021fallsau/CPTR-571/contraints-visualization/tests/constraints.ts:49:54)
    at Object.get (/home/logan/Documents/2021fallsau/CPTR-571/contraints-visualization/tests/constraints.ts:49:54)
    at Object.get (/home/logan/Documents/2021fallsau/CPTR-571/contraints-visualization/tests/constraints.ts:49:54)
    at Object.get (/home/logan/Documents/2021fallsau/CPTR-571/contraints-visualization/tests/constraints.ts:49:54)
    at Object.get (/home/logan/Documents/2021fallsau/CPTR-571/contraints-visualization/tests/constraints.ts:49:54)
    at Object.get (/home/logan/Documents/2021fallsau/CPTR-571/contraints-visualization/tests/constraints.ts:49:54)
    at Object.get (/home/logan/Documents/2021fallsau/CPTR-571/contraints-visualization/tests/constraints.ts:49:54)
    at Object.get (/home/logan/Documents/2021fallsau/CPTR-571/contraints-visualization/tests/constraints.ts:49:54)
    at Object.get (/home/logan/Documents/2021fallsau/CPTR-571/contraints-visualization/tests/constraints.ts:49:54)
    at Object.get (/home/logan/Documents/2021fallsau/CPTR-571/contraints-visualization/tests/constraints.ts:49:54)
    at Object.get (/home/logan/Documents/2021fallsau/CPTR-571/contraints-visualization/tests/constraints.ts:49:54)
    at Object.get (/home/logan/Documents/2021fallsau/CPTR-571/contraints-visualization/tests/constraints.ts:49:54)
    at Object.get (/home/logan/Documents/2021fallsau/CPTR-571/contraints-visualization/tests/constraints.ts:49:54)
    at Object.get (/home/logan/Documents/2021fallsau/CPTR-571/contraints-visualization/tests/constraints.ts:49:54)
    at Object.get (/home/logan/Documents/2021fallsau/CPTR-571/contraints-visualization/tests/constraints.ts:49:54)
    at Object.get (/home/logan/Documents/2021fallsau/CPTR-571/contraints-visualization/tests/constraints.ts:49:54)
    at Object.get (/home/logan/Documents/2021fallsau/CPTR-571/contraints-visualization/tests/constraints.ts:49:54)
    at Object.get (/home/logan/Documents/2021fallsau/CPTR-571/contraints-visualization/tests/constraints.ts:49:54)
    at Object.get (/home/logan/Documents/2021fallsau/CPTR-571/contraints-visualization/tests/constraints.ts:49:54)
    at Object.get (/home/logan/Documents/2021fallsau/CPTR-571/contraints-visualization/tests/constraints.ts:49:54)
    at Object.get (/home/logan/Documents/2021fallsau/CPTR-571/contraints-visualization/tests/constraints.ts:49:54)
    at Object.get (/home/logan/Documents/2021fallsau/CPTR-571/contraints-visualization/tests/constraints.ts:49:54)
    at Object.get (/home/logan/Documents/2021fallsau/CPTR-571/contraints-visualization/tests/constraints.ts:49:54)
    at Object.get (/home/logan/Documents/2021fallsau/CPTR-571/contraints-visualization/tests/constraints.ts:49:54)
    at Object.get (/home/logan/Documents/2021fallsau/CPTR-571/contraints-visualization/tests/constraints.ts:49:54)
    at Object.get (/home/logan/Documents/2021fallsau/CPTR-571/contraints-visualization/tests/constraints.ts:49:54)
    at Object.get (/home/logan/Documents/2021fallsau/CPTR-571/contraints-visualization/tests/constraints.ts:49:54)
    at Object.get (/home/logan/Documents/2021fallsau/CPTR-571/contraints-visualization/tests/constraints.ts:49:54)
    at Object.get (/home/logan/Documents/2021fallsau/CPTR-571/contraints-visualization/tests/constraints.ts:49:54)
    at Object.get (/home/logan/Documents/2021fallsau/CPTR-571/contraints-visualization/tests/constraints.ts:49:54)
    at Object.get (/home/logan/Documents/2021fallsau/CPTR-571/contraints-visualization/tests/constraints.ts:49:54)
    at Object.get (/home/logan/Documents/2021fallsau/CPTR-571/contraints-visualization/tests/constraints.ts:49:54)
    at Object.get (/home/logan/Documents/2021fallsau/CPTR-571/contraints-visualization/tests/constraints.ts:49:54)
    at Object.get (/home/logan/Documents/2021fallsau/CPTR-571/contraints-visualization/tests/constraints.ts:49:54)
    at Object.get (/home/logan/Documents/2021fallsau/CPTR-571/contraints-visualization/tests/constraints.ts:49:54)
    at Object.get (/home/logan/Documents/2021fallsau/CPTR-571/contraints-visualization/tests/constraints.ts:49:54)
    at Object.get (/home/logan/Documents/2021fallsau/CPTR-571/contraints-visualization/tests/constraints.ts:49:54)
    at Object.get (/home/logan/Documents/2021fallsau/CPTR-571/contraints-visualization/tests/constraints.ts:49:54)
    at Object.get (/home/logan/Documents/2021fallsau/CPTR-571/contraints-visualization/tests/constraints.ts:49:54)
    at Object.get (/home/logan/Documents/2021fallsau/CPTR-571/contraints-visualization/tests/constraints.ts:49:54)
    at Object.get (/home/logan/Documents/2021fallsau/CPTR-571/contraints-visualization/tests/constraints.ts:49:54)
    at Object.get (/home/logan/Documents/2021fallsau/CPTR-571/contraints-visualization/tests/constraints.ts:49:54)
    at Object.get (/home/logan/Documents/2021fallsau/CPTR-571/contraints-visualization/tests/constraints.ts:49:54)
    at Object.get (/home/logan/Documents/2021fallsau/CPTR-571/contraints-visualization/tests/constraints.ts:49:54)
    at Object.get (/home/logan/Documents/2021fallsau/CPTR-571/contraints-visualization/tests/constraints.ts:49:54)
    at Object.get (/home/logan/Documents/2021fallsau/CPTR-571/contraints-visualization/tests/constraints.ts:49:54)
    at Object.get (/home/logan/Documents/2021fallsau/CPTR-571/contraints-visualization/tests/constraints.ts:49:54)
    at Object.get (/home/logan/Documents/2021fallsau/CPTR-571/contraints-visualization/tests/constraints.ts:49:54)
    at Object.get (/home/logan/Documents/2021fallsau/CPTR-571/contraints-visualization/tests/constraints.ts:49:54)
    at Object.get (/home/logan/Documents/2021fallsau/CPTR-571/contraints-visualization/tests/constraints.ts:49:54)
    at Object.get (/home/logan/Documents/2021fallsau/CPTR-571/contraints-visualization/tests/constraints.ts:49:54)
    at Object.get (/home/logan/Documents/2021fallsau/CPTR-571/contraints-visualization/tests/constraints.ts:49:54)
    at Object.get (/home/logan/Documents/2021fallsau/CPTR-571/contraints-visualization/tests/constraints.ts:49:54)
    at Object.get (/home/logan/Documents/2021fallsau/CPTR-571/contraints-visualization/tests/constraints.ts:49:54)
    at Object.get (/home/logan/Documents/2021fallsau/CPTR-571/contraints-visualization/tests/constraints.ts:49:54)
    at Object.get (/home/logan/Documents/2021fallsau/CPTR-571/contraints-visualization/tests/constraints.ts:49:54)
    at Object.get (/home/logan/Documents/2021fallsau/CPTR-571/contraints-visualization/tests/constraints.ts:49:54)
    at Object.get (/home/logan/Documents/2021fallsau/CPTR-571/contraints-visualization/tests/constraints.ts:49:54)
    at Object.get (/home/logan/Documents/2021fallsau/CPTR-571/contraints-visualization/tests/constraints.ts:49:54)
    at Object.get (/home/logan/Documents/2021fallsau/CPTR-571/contraints-visualization/tests/constraints.ts:49:54)
    at Object.get (/home/logan/Documents/2021fallsau/CPTR-571/contraints-visualization/tests/constraints.ts:49:54)
    at Object.get (/home/logan/Documents/2021fallsau/CPTR-571/contraints-visualization/tests/constraints.ts:49:54)
    at Object.get (/home/logan/Documents/2021fallsau/CPTR-571/contraints-visualization/tests/constraints.ts:49:54)
    at Object.get (/home/logan/Documents/2021fallsau/CPTR-571/contraints-visualization/tests/constraints.ts:49:54)
    at Object.get (/home/logan/Documents/2021fallsau/CPTR-571/contraints-visualization/tests/constraints.ts:49:54)
    at Object.get (/home/logan/Documents/2021fallsau/CPTR-571/contraints-visualization/tests/constraints.ts:49:54)
    at Object.get (/home/logan/Documents/2021fallsau/CPTR-571/contraints-visualization/tests/constraints.ts:49:54)
    at Object.get (/home/logan/Documents/2021fallsau/CPTR-571/contraints-visualization/tests/constraints.ts:49:54)
    at Object.get (/home/logan/Documents/2021fallsau/CPTR-571/contraints-visualization/tests/constraints.ts:49:54)
    at Object.get (/home/logan/Documents/2021fallsau/CPTR-571/contraints-visualization/tests/constraints.ts:49:54)
    at Object.get (/home/logan/Documents/2021fallsau/CPTR-571/contraints-visualization/tests/constraints.ts:49:54)
    at Object.get (/home/logan/Documents/2021fallsau/CPTR-571/contraints-visualization/tests/constraints.ts:49:54)
    at Object.get (/home/logan/Documents/2021fallsau/CPTR-571/contraints-visualization/tests/constraints.ts:49:54)
    at Object.get (/home/logan/Documents/2021fallsau/CPTR-571/contraints-visualization/tests/constraints.ts:49:54)
    at Object.get (/home/logan/Documents/2021fallsau/CPTR-571/contraints-visualization/tests/constraints.ts:49:54)
    at Object.get (/home/logan/Documents/2021fallsau/CPTR-571/contraints-visualization/tests/constraints.ts:49:54)
    at Object.get (/home/logan/Documents/2021fallsau/CPTR-571/contraints-visualization/tests/constraints.ts:49:54)
    at Object.get (/home/logan/Documents/2021fallsau/CPTR-571/contraints-visualization/tests/constraints.ts:49:54)
    at Object.get (/home/logan/Documents/2021fallsau/CPTR-571/contraints-visualization/tests/constraints.ts:49:54)
    at Object.get (/home/logan/Documents/2021fallsau/CPTR-571/contraints-visualization/tests/constraints.ts:49:54)
    at Object.get (/home/logan/Documents/2021fallsau/CPTR-571/contraints-visualization/tests/constraints.ts:49:54)
    at Object.get (/home/logan/Documents/2021fallsau/CPTR-571/contraints-visualization/tests/constraints.ts:49:54)
    at Object.get (/home/logan/Documents/2021fallsau/CPTR-571/contraints-visualization/tests/constraints.ts:49:54)
    at Object.get (/home/logan/Documents/2021fallsau/CPTR-571/contraints-visualization/tests/constraints.ts:49:54)
    at Object.get (/home/logan/Documents/2021fallsau/CPTR-571/contraints-visualization/tests/constraints.ts:49:54)
    at Object.get (/home/logan/Documents/2021fallsau/CPTR-571/contraints-visualization/tests/constraints.ts:49:54)
    at Object.get (/home/logan/Documents/2021fallsau/CPTR-571/contraints-visualization/tests/constraints.ts:49:54)
    at Object.get (/home/logan/Documents/2021fallsau/CPTR-571/contraints-visualization/tests/constraints.ts:49:54)
    at Object.get (/home/logan/Documents/2021fallsau/CPTR-571/contraints-visualization/tests/constraints.ts:49:54)
    at Object.get (/home/logan/Documents/2021fallsau/CPTR-571/contraints-visualization/tests/constraints.ts:49:54)
    at Object.get (/home/logan/Documents/2021fallsau/CPTR-571/contraints-visualization/tests/constraints.ts:49:54)
    at Object.get (/home/logan/Documents/2021fallsau/CPTR-571/contraints-visualization/tests/constraints.ts:49:54)
    at Object.get (/home/logan/Documents/2021fallsau/CPTR-571/contraints-visualization/tests/constraints.ts:49:54)
    at Object.get (/home/logan/Documents/2021fallsau/CPTR-571/contraints-visualization/tests/constraints.ts:49:54)
    at Object.get (/home/logan/Documents/2021fallsau/CPTR-571/contraints-visualization/tests/constraints.ts:49:54)
    at Object.get (/home/logan/Documents/2021fallsau/CPTR-571/contraints-visualization/tests/constraints.ts:49:54)
    at Object.get (/home/logan/Documents/2021fallsau/CPTR-571/contraints-visualization/tests/constraints.ts:49:54)
    at Object.get (/home/logan/Documents/2021fallsau/CPTR-571/contraints-visualization/tests/constraints.ts:49:54)
    at Object.get (/home/logan/Documents/2021fallsau/CPTR-571/contraints-visualization/tests/constraints.ts:49:54)
    at Object.get (/home/logan/Documents/2021fallsau/CPTR-571/contraints-visualization/tests/constraints.ts:49:54)
    at Object.get (/home/logan/Documents/2021fallsau/CPTR-571/contraints-visualization/tests/constraints.ts:49:54)
    at Object.get (/home/logan/Documents/2021fallsau/CPTR-571/contraints-visualization/tests/constraints.ts:49:54)
    at Object.get (/home/logan/Documents/2021fallsau/CPTR-571/contraints-visualization/tests/constraints.ts:49:54)
    at Object.get (/home/logan/Documents/2021fallsau/CPTR-571/contraints-visualization/tests/constraints.ts:49:54)
    at Object.get (/home/logan/Documents/2021fallsau/CPTR-571/contraints-visualization/tests/constraints.ts:49:54)
    at Object.get (/home/logan/Documents/2021fallsau/CPTR-571/contraints-visualization/tests/constraints.ts:49:54)
    at Object.get (/home/logan/Documents/2021fallsau/CPTR-571/contraints-visualization/tests/constraints.ts:49:54)
    at Object.get (/home/logan/Documents/2021fallsau/CPTR-571/contraints-visualization/tests/constraints.ts:49:54)
    at Object.get (/home/logan/Documents/2021fallsau/CPTR-571/contraints-visualization/tests/constraints.ts:49:54)
    at Object.get (/home/logan/Documents/2021fallsau/CPTR-571/contraints-visualization/tests/constraints.ts:49:54)
    at Object.get (/home/logan/Documents/2021fallsau/CPTR-571/contraints-visualization/tests/constraints.ts:49:54)
    at Object.get (/home/logan/Documents/2021fallsau/CPTR-571/contraints-visualization/tests/constraints.ts:49:54)
    at Object.get (/home/logan/Documents/2021fallsau/CPTR-571/contraints-visualization/tests/constraints.ts:49:54)
    at Object.get (/home/logan/Documents/2021fallsau/CPTR-571/contraints-visualization/tests/constraints.ts:49:54)
    at Object.get (/home/logan/Documents/2021fallsau/CPTR-571/contraints-visualization/tests/constraints.ts:49:54)
    at Object.get (/home/logan/Documents/2021fallsau/CPTR-571/contraints-visualization/tests/constraints.ts:49:54)
    at Object.get (/home/logan/Documents/2021fallsau/CPTR-571/contraints-visualization/tests/constraints.ts:49:54)
    at Object.get (/home/logan/Documents/2021fallsau/CPTR-571/contraints-visualization/tests/constraints.ts:49:54)
    at Object.get (/home/logan/Documents/2021fallsau/CPTR-571/contraints-visualization/tests/constraints.ts:49:54)
    at Object.get (/home/logan/Documents/2021fallsau/CPTR-571/contraints-visualization/tests/constraints.ts:49:54)
    at Object.get (/home/logan/Documents/2021fallsau/CPTR-571/contraints-visualization/tests/constraints.ts:49:54)
    at Object.get (/home/logan/Documents/2021fallsau/CPTR-571/contraints-visualization/tests/constraints.ts:49:54)
    at Object.get (/home/logan/Documents/2021fallsau/CPTR-571/contraints-visualization/tests/constraints.ts:49:54)
    at Object.get (/home/logan/Documents/2021fallsau/CPTR-571/contraints-visualization/tests/constraints.ts:49:54)
    at Object.get (/home/logan/Documents/2021fallsau/CPTR-571/contraints-visualization/tests/constraints.ts:49:54)
    at Object.get (/home/logan/Documents/2021fallsau/CPTR-571/contraints-visualization/tests/constraints.ts:49:54)
    at Object.get (/home/logan/Documents/2021fallsau/CPTR-571/contraints-visualization/tests/constraints.ts:49:54)
    at Object.get (/home/logan/Documents/2021fallsau/CPTR-571/contraints-visualization/tests/constraints.ts:49:54)
    at Object.get (/home/logan/Documents/2021fallsau/CPTR-571/contraints-visualization/tests/constraints.ts:49:54)
    at Object.get (/home/logan/Documents/2021fallsau/CPTR-571/contraints-visualization/tests/constraints.ts:49:54)
    at Object.get (/home/logan/Documents/2021fallsau/CPTR-571/contraints-visualization/tests/constraints.ts:49:54)
    at Object.get (/home/logan/Documents/2021fallsau/CPTR-571/contraints-visualization/tests/constraints.ts:49:54)
    at Object.get (/home/logan/Documents/2021fallsau/CPTR-571/contraints-visualization/tests/constraints.ts:49:54)
    at Object.get (/home/logan/Documents/2021fallsau/CPTR-571/contraints-visualization/tests/constraints.ts:49:54)
    at Object.get (/home/logan/Documents/2021fallsau/CPTR-571/contraints-visualization/tests/constraints.ts:49:54)
    at Object.get (/home/logan/Documents/2021fallsau/CPTR-571/contraints-visualization/tests/constraints.ts:49:54)
    at Object.get (/home/logan/Documents/2021fallsau/CPTR-571/contraints-visualization/tests/constraints.ts:49:54)
    at Object.get (/home/logan/Documents/2021fallsau/CPTR-571/contraints-visualization/tests/constraints.ts:49:54)
    at Object.get (/home/logan/Documents/2021fallsau/CPTR-571/contraints-visualization/tests/constraints.ts:49:54)
    at Object.get (/home/logan/Documents/2021fallsau/CPTR-571/contraints-visualization/tests/constraints.ts:49:54)
    at Object.get (/home/logan/Documents/2021fallsau/CPTR-571/contraints-visualization/tests/constraints.ts:49:54)
    at Object.get (/home/logan/Documents/2021fallsau/CPTR-571/contraints-visualization/tests/constraints.ts:49:54)
    at Object.get (/home/logan/Documents/2021fallsau/CPTR-571/contraints-visualization/tests/constraints.ts:49:54)
    at Object.get (/home/logan/Documents/2021fallsau/CPTR-571/contraints-visualization/tests/constraints.ts:49:54)
    at Object.get (/home/logan/Documents/2021fallsau/CPTR-571/contraints-visualization/tests/constraints.ts:49:54)
    at Object.get (/home/logan/Documents/2021fallsau/CPTR-571/contraints-visualization/tests/constraints.ts:49:54)
    at Object.get (/home/logan/Documents/2021fallsau/CPTR-571/contraints-visualization/tests/constraints.ts:49:54)
    at Object.get (/home/logan/Documents/2021fallsau/CPTR-571/contraints-visualization/tests/constraints.ts:49:54)
    at Object.get (/home/logan/Documents/2021fallsau/CPTR-571/contraints-visualization/tests/constraints.ts:49:54)
    at Object.get (/home/logan/Documents/2021fallsau/CPTR-571/contraints-visualization/tests/constraints.ts:49:54)
    at Object.get (/home/logan/Documents/2021fallsau/CPTR-571/contraints-visualization/tests/constraints.ts:49:54)
    at Object.get (/home/logan/Documents/2021fallsau/CPTR-571/contraints-visualization/tests/constraints.ts:49:54)
    at Object.get (/home/logan/Documents/2021fallsau/CPTR-571/contraints-visualization/tests/constraints.ts:49:54)
    at Object.get (/home/logan/Documents/2021fallsau/CPTR-571/contraints-visualization/tests/constraints.ts:49:54)
    at Object.get (/home/logan/Documents/2021fallsau/CPTR-571/contraints-visualization/tests/constraints.ts:49:54)
    at Object.get (/home/logan/Documents/2021fallsau/CPTR-571/contraints-visualization/tests/constraints.ts:49:54)
    at Object.get (/home/logan/Documents/2021fallsau/CPTR-571/contraints-visualization/tests/constraints.ts:49:54)
    at Object.get (/home/logan/Documents/2021fallsau/CPTR-571/contraints-visualization/tests/constraints.ts:49:54)
    at Object.get (/home/logan/Documents/2021fallsau/CPTR-571/contraints-visualization/tests/constraints.ts:49:54)
    at Object.get (/home/logan/Documents/2021fallsau/CPTR-571/contraints-visualization/tests/constraints.ts:49:54)
    at Object.get (/home/logan/Documents/2021fallsau/CPTR-571/contraints-visualization/tests/constraints.ts:49:54)
    at Object.get (/home/logan/Documents/2021fallsau/CPTR-571/contraints-visualization/tests/constraints.ts:49:54)
    at Object.get (/home/logan/Documents/2021fallsau/CPTR-571/contraints-visualization/tests/constraints.ts:49:54)
    at Object.get (/home/logan/Documents/2021fallsau/CPTR-571/contraints-visualization/tests/constraints.ts:49:54)
    at Object.get (/home/logan/Documents/2021fallsau/CPTR-571/contraints-visualization/tests/constraints.ts:49:54)
    at Object.get (/home/logan/Documents/2021fallsau/CPTR-571/contraints-visualization/tests/constraints.ts:49:54)
    at Object.get (/home/logan/Documents/2021fallsau/CPTR-571/contraints-visualization/tests/constraints.ts:49:54)
    at Object.get (/home/logan/Documents/2021fallsau/CPTR-571/contraints-visualization/tests/constraints.ts:49:54)
    at Object.get (/home/logan/Documents/2021fallsau/CPTR-571/contraints-visualization/tests/constraints.ts:49:54)
    at Object.get (/home/logan/Documents/2021fallsau/CPTR-571/contraints-visualization/tests/constraints.ts:49:54)
    at Object.get (/home/logan/Documents/2021fallsau/CPTR-571/contraints-visualization/tests/constraints.ts:49:54)
    at Object.get (/home/logan/Documents/2021fallsau/CPTR-571/contraints-visualization/tests/constraints.ts:49:54)
    at Object.get (/home/logan/Documents/2021fallsau/CPTR-571/contraints-visualization/tests/constraints.ts:49:54)
    at Object.get (/home/logan/Documents/2021fallsau/CPTR-571/contraints-visualization/tests/constraints.ts:49:54)
    at Object.get (/home/logan/Documents/2021fallsau/CPTR-571/contraints-visualization/tests/constraints.ts:49:54)
    at Object.get (/home/logan/Documents/2021fallsau/CPTR-571/contraints-visualization/tests/constraints.ts:49:54)
    at Object.get (/home/logan/Documents/2021fallsau/CPTR-571/contraints-visualization/tests/constraints.ts:49:54)
    at Object.get (/home/logan/Documents/2021fallsau/CPTR-571/contraints-visualization/tests/constraints.ts:49:54)
    at Object.get (/home/logan/Documents/2021fallsau/CPTR-571/contraints-visualization/tests/constraints.ts:49:54)
    at Object.get (/home/logan/Documents/2021fallsau/CPTR-571/contraints-visualization/tests/constraints.ts:49:54)
    at Object.get (/home/logan/Documents/2021fallsau/CPTR-571/contraints-visualization/tests/constraints.ts:49:54)
    at Object.get (/home/logan/Documents/2021fallsau/CPTR-571/contraints-visualization/tests/constraints.ts:49:54)
    at Object.get (/home/logan/Documents/2021fallsau/CPTR-571/contraints-visualization/tests/constraints.ts:49:54)
    at Object.get (/home/logan/Documents/2021fallsau/CPTR-571/contraints-visualization/tests/constraints.ts:49:54)
    at Object.get (/home/logan/Documents/2021fallsau/CPTR-571/contraints-visualization/tests/constraints.ts:49:54)
    at Object.get (/home/logan/Documents/2021fallsau/CPTR-571/contraints-visualization/tests/constraints.ts:49:54)
    at Object.get (/home/logan/Documents/2021fallsau/CPTR-571/contraints-visualization/tests/constraints.ts:49:54)
    at Object.get (/home/logan/Documents/2021fallsau/CPTR-571/contraints-visualization/tests/constraints.ts:49:54)
    at Object.get (/home/logan/Documents/2021fallsau/CPTR-571/contraints-visualization/tests/constraints.ts:49:54)
    at Object.get (/home/logan/Documents/2021fallsau/CPTR-571/contraints-visualization/tests/constraints.ts:49:54)
    at Object.get (/home/logan/Documents/2021fallsau/CPTR-571/contraints-visualization/tests/constraints.ts:49:54)
    at Object.get (/home/logan/Documents/2021fallsau/CPTR-571/contraints-visualization/tests/constraints.ts:49:54)
    at Object.get (/home/logan/Documents/2021fallsau/CPTR-571/contraints-visualization/tests/constraints.ts:49:54)
    at Object.get (/home/logan/Documents/2021fallsau/CPTR-571/contraints-visualization/tests/constraints.ts:49:54)
    at Object.get (/home/logan/Documents/2021fallsau/CPTR-571/contraints-visualization/tests/constraints.ts:49:54)
    at Object.get (/home/logan/Documents/2021fallsau/CPTR-571/contraints-visualization/tests/constraints.ts:49:54)
    at Object.get (/home/logan/Documents/2021fallsau/CPTR-571/contraints-visualization/tests/constraints.ts:49:54)
    at Object.get (/home/logan/Documents/2021fallsau/CPTR-571/contraints-visualization/tests/constraints.ts:49:54)
    at Object.get (/home/logan/Documents/2021fallsau/CPTR-571/contraints-visualization/tests/constraints.ts:49:54)
    at Object.get (/home/logan/Documents/2021fallsau/CPTR-571/contraints-visualization/tests/constraints.ts:49:54)
    at Object.get (/home/logan/Documents/2021fallsau/CPTR-571/contraints-visualization/tests/constraints.ts:49:54)
    at Object.get (/home/logan/Documents/2021fallsau/CPTR-571/contraints-visualization/tests/constraints.ts:49:54)
    at Object.get (/home/logan/Documents/2021fallsau/CPTR-571/contraints-visualization/tests/constraints.ts:49:54)
    at Object.get (/home/logan/Documents/2021fallsau/CPTR-571/contraints-visualization/tests/constraints.ts:49:54)
    at Object.get (/home/logan/Documents/2021fallsau/CPTR-571/contraints-visualization/tests/constraints.ts:49:54)
    at Object.get (/home/logan/Documents/2021fallsau/CPTR-571/contraints-visualization/tests/constraints.ts:49:54)
    at Object.get (/home/logan/Documents/2021fallsau/CPTR-571/contraints-visualization/tests/constraints.ts:49:54)
    at Object.get (/home/logan/Documents/2021fallsau/CPTR-571/contraints-visualization/tests/constraints.ts:49:54)
    at Object.get (/home/logan/Documents/2021fallsau/CPTR-571/contraints-visualization/tests/constraints.ts:49:54)
    at Object.get (/home/logan/Documents/2021fallsau/CPTR-571/contraints-visualization/tests/constraints.ts:49:54)
    at Object.get (/home/logan/Documents/2021fallsau/CPTR-571/contraints-visualization/tests/constraints.ts:49:54)
    at Object.get (/home/logan/Documents/2021fallsau/CPTR-571/contraints-visualization/tests/constraints.ts:49:54)
    at Object.get (/home/logan/Documents/2021fallsau/CPTR-571/contraints-visualization/tests/constraints.ts:49:54)
    at Object.get (/home/logan/Documents/2021fallsau/CPTR-571/contraints-visualization/tests/constraints.ts:49:54)
    at Object.get (/home/logan/Documents/2021fallsau/CPTR-571/contraints-visualization/tests/constraints.ts:49:54)
    at Object.get (/home/logan/Documents/2021fallsau/CPTR-571/contraints-visualization/tests/constraints.ts:49:54)
    at Object.get (/home/logan/Documents/2021fallsau/CPTR-571/contraints-visualization/tests/constraints.ts:49:54)
    at Object.get (/home/logan/Documents/2021fallsau/CPTR-571/contraints-visualization/tests/constraints.ts:49:54)
    at Object.get (/home/logan/Documents/2021fallsau/CPTR-571/contraints-visualization/tests/constraints.ts:49:54)
    at Object.get (/home/logan/Documents/2021fallsau/CPTR-571/contraints-visualization/tests/constraints.ts:49:54)
    at Object.get (/home/logan/Documents/2021fallsau/CPTR-571/contraints-visualization/tests/constraints.ts:49:54)
    at Object.get (/home/logan/Documents/2021fallsau/CPTR-571/contraints-visualization/tests/constraints.ts:49:54)
    at Object.get (/home/logan/Documents/2021fallsau/CPTR-571/contraints-visualization/tests/constraints.ts:49:54)
    at Object.get (/home/logan/Documents/2021fallsau/CPTR-571/contraints-visualization/tests/constraints.ts:49:54)
    at Object.get (/home/logan/Documents/2021fallsau/CPTR-571/contraints-visualization/tests/constraints.ts:49:54)
    at Object.get (/home/logan/Documents/2021fallsau/CPTR-571/contraints-visualization/tests/constraints.ts:49:54)
    at Object.get (/home/logan/Documents/2021fallsau/CPTR-571/contraints-visualization/tests/constraints.ts:49:54)
    at Object.get (/home/logan/Documents/2021fallsau/CPTR-571/contraints-visualization/tests/constraints.ts:49:54)
    at Object.get (/home/logan/Documents/2021fallsau/CPTR-571/contraints-visualization/tests/constraints.ts:49:54)
    at Object.get (/home/logan/Documents/2021fallsau/CPTR-571/contraints-visualization/tests/constraints.ts:49:54)
    at Object.get (/home/logan/Documents/2021fallsau/CPTR-571/contraints-visualization/tests/constraints.ts:49:54)
    at Object.get (/home/logan/Documents/2021fallsau/CPTR-571/contraints-visualization/tests/constraints.ts:49:54)
    at Object.get (/home/logan/Documents/2021fallsau/CPTR-571/contraints-visualization/tests/constraints.ts:49:54)
    at Object.get (/home/logan/Documents/2021fallsau/CPTR-571/contraints-visualization/tests/constraints.ts:49:54)
    at Object.get (/home/logan/Documents/2021fallsau/CPTR-571/contraints-visualization/tests/constraints.ts:49:54)
    at Object.get (/home/logan/Documents/2021fallsau/CPTR-571/contraints-visualization/tests/constraints.ts:49:54)
    at Object.get (/home/logan/Documents/2021fallsau/CPTR-571/contraints-visualization/tests/constraints.ts:49:54)
    at Object.get (/home/logan/Documents/2021fallsau/CPTR-571/contraints-visualization/tests/constraints.ts:49:54)
    at Object.get (/home/logan/Documents/2021fallsau/CPTR-571/contraints-visualization/tests/constraints.ts:49:54)
    at Object.get (/home/logan/Documents/2021fallsau/CPTR-571/contraints-visualization/tests/constraints.ts:49:54)
    at Object.get (/home/logan/Documents/2021fallsau/CPTR-571/contraints-visualization/tests/constraints.ts:49:54)
    at Object.get (/home/logan/Documents/2021fallsau/CPTR-571/contraints-visualization/tests/constraints.ts:49:54)
    at Object.get (/home/logan/Documents/2021fallsau/CPTR-571/contraints-visualization/tests/constraints.ts:49:54)
    at Object.get (/home/logan/Documents/2021fallsau/CPTR-571/contraints-visualization/tests/constraints.ts:49:54)
    at Object.get (/home/logan/Documents/2021fallsau/CPTR-571/contraints-visualization/tests/constraints.ts:49:54)
    at Object.get (/home/logan/Documents/2021fallsau/CPTR-571/contraints-visualization/tests/constraints.ts:49:54)
    at Object.get (/home/logan/Documents/2021fallsau/CPTR-571/contraints-visualization/tests/constraints.ts:49:54)
    at Object.get (/home/logan/Documents/2021fallsau/CPTR-571/contraints-visualization/tests/constraints.ts:49:54)
    at Object.get (/home/logan/Documents/2021fallsau/CPTR-571/contraints-visualization/tests/constraints.ts:49:54)
    at Object.get (/home/logan/Documents/2021fallsau/CPTR-571/contraints-visualization/tests/constraints.ts:49:54)
    at Object.get (/home/logan/Documents/2021fallsau/CPTR-571/contraints-visualization/tests/constraints.ts:49:54)
    at Object.get (/home/logan/Documents/2021fallsau/CPTR-571/contraints-visualization/tests/constraints.ts:49:54)
    at Object.get (/home/logan/Documents/2021fallsau/CPTR-571/contraints-visualization/tests/constraints.ts:49:54)
    at Object.get (/home/logan/Documents/2021fallsau/CPTR-571/contraints-visualization/tests/constraints.ts:49:54)
    at Object.get (/home/logan/Documents/2021fallsau/CPTR-571/contraints-visualization/tests/constraints.ts:49:54)
    at Object.get (/home/logan/Documents/2021fallsau/CPTR-571/contraints-visualization/tests/constraints.ts:49:54)
    at Object.get (/home/logan/Documents/2021fallsau/CPTR-571/contraints-visualization/tests/constraints.ts:49:54)
    at Object.get (/home/logan/Documents/2021fallsau/CPTR-571/contraints-visualization/tests/constraints.ts:49:54)
    at Object.get (/home/logan/Documents/2021fallsau/CPTR-571/contraints-visualization/tests/constraints.ts:49:54)
    at Object.get (/home/logan/Documents/2021fallsau/CPTR-571/contraints-visualization/tests/constraints.ts:49:54)
    at Object.get (/home/logan/Documents/2021fallsau/CPTR-571/contraints-visualization/tests/constraints.ts:49:54)
    at Object.get (/home/logan/Documents/2021fallsau/CPTR-571/contraints-visualization/tests/constraints.ts:49:54)
    at Object.get (/home/logan/Documents/2021fallsau/CPTR-571/contraints-visualization/tests/constraints.ts:49:54)
    at Object.get (/home/logan/Documents/2021fallsau/CPTR-571/contraints-visualization/tests/constraints.ts:49:54)
    at Object.get (/home/logan/Documents/2021fallsau/CPTR-571/contraints-visualization/tests/constraints.ts:49:54)
    at Object.get (/home/logan/Documents/2021fallsau/CPTR-571/contraints-visualization/tests/constraints.ts:49:54)
    at Object.get (/home/logan/Documents/2021fallsau/CPTR-571/contraints-visualization/tests/constraints.ts:49:54)
    at Object.get (/home/logan/Documents/2021fallsau/CPTR-571/contraints-visualization/tests/constraints.ts:49:54)
    at Object.get (/home/logan/Documents/2021fallsau/CPTR-571/contraints-visualization/tests/constraints.ts:49:54)
    at Object.get (/home/logan/Documents/2021fallsau/CPTR-571/contraints-visualization/tests/constraints.ts:49:54)
    at Object.get (/home/logan/Documents/2021fallsau/CPTR-571/contraints-visualization/tests/constraints.ts:49:54)
    at Object.get (/home/logan/Documents/2021fallsau/CPTR-571/contraints-visualization/tests/constraints.ts:49:54)
    at Object.get (/home/logan/Documents/2021fallsau/CPTR-571/contraints-visualization/tests/constraints.ts:49:54)
    at Object.get (/home/logan/Documents/2021fallsau/CPTR-571/contraints-visualization/tests/constraints.ts:49:54)
    at Object.get (/home/logan/Documents/2021fallsau/CPTR-571/contraints-visualization/tests/constraints.ts:49:54)
    at Object.get (/home/logan/Documents/2021fallsau/CPTR-571/contraints-visualization/tests/constraints.ts:49:54)
    at Object.get (/home/logan/Documents/2021fallsau/CPTR-571/contraints-visualization/tests/constraints.ts:49:54)
    at Object.get (/home/logan/Documents/2021fallsau/CPTR-571/contraints-visualization/tests/constraints.ts:49:54)
    at Object.get (/home/logan/Documents/2021fallsau/CPTR-571/contraints-visualization/tests/constraints.ts:49:54)
    at Object.get (/home/logan/Documents/2021fallsau/CPTR-571/contraints-visualization/tests/constraints.ts:49:54)
    at Object.get (/home/logan/Documents/2021fallsau/CPTR-571/contraints-visualization/tests/constraints.ts:49:54)
    at Object.get (/home/logan/Documents/2021fallsau/CPTR-571/contraints-visualization/tests/constraints.ts:49:54)
    at Object.get (/home/logan/Documents/2021fallsau/CPTR-571/contraints-visualization/tests/constraints.ts:49:54)
    at Object.get (/home/logan/Documents/2021fallsau/CPTR-571/contraints-visualization/tests/constraints.ts:49:54)
    at Object.get (/home/logan/Documents/2021fallsau/CPTR-571/contraints-visualization/tests/constraints.ts:49:54)
    at Object.get (/home/logan/Documents/2021fallsau/CPTR-571/contraints-visualization/tests/constraints.ts:49:54)
    at Object.get (/home/logan/Documents/2021fallsau/CPTR-571/contraints-visualization/tests/constraints.ts:49:54)
    at Object.get (/home/logan/Documents/2021fallsau/CPTR-571/contraints-visualization/tests/constraints.ts:49:54)
    at Object.get (/home/logan/Documents/2021fallsau/CPTR-571/contraints-visualization/tests/constraints.ts:49:54)
    at Object.get (/home/logan/Documents/2021fallsau/CPTR-571/contraints-visualization/tests/constraints.ts:49:54)
    at Object.get (/home/logan/Documents/2021fallsau/CPTR-571/contraints-visualization/tests/constraints.ts:49:54)
    at Object.get (/home/logan/Documents/2021fallsau/CPTR-571/contraints-visualization/tests/constraints.ts:49:54)
    at Object.get (/home/logan/Documents/2021fallsau/CPTR-571/contraints-visualization/tests/constraints.ts:49:54)
    at Object.get (/home/logan/Documents/2021fallsau/CPTR-571/contraints-visualization/tests/constraints.ts:49:54)
    at Object.get (/home/logan/Documents/2021fallsau/CPTR-571/contraints-visualization/tests/constraints.ts:49:54)
    at Object.get (/home/logan/Documents/2021fallsau/CPTR-571/contraints-visualization/tests/constraints.ts:49:54)
    at Object.get (/home/logan/Documents/2021fallsau/CPTR-571/contraints-visualization/tests/constraints.ts:49:54)
    at Object.get (/home/logan/Documents/2021fallsau/CPTR-571/contraints-visualization/tests/constraints.ts:49:54)
    at Object.get (/home/logan/Documents/2021fallsau/CPTR-571/contraints-visualization/tests/constraints.ts:49:54)
    at Object.get (/home/logan/Documents/2021fallsau/CPTR-571/contraints-visualization/tests/constraints.ts:49:54)
    at Object.get (/home/logan/Documents/2021fallsau/CPTR-571/contraints-visualization/tests/constraints.ts:49:54)
    at Object.get (/home/logan/Documents/2021fallsau/CPTR-571/contraints-visualization/tests/constraints.ts:49:54)
    at Object.get (/home/logan/Documents/2021fallsau/CPTR-571/contraints-visualization/tests/constraints.ts:49:54)
    at Object.get (/home/logan/Documents/2021fallsau/CPTR-571/contraints-visualization/tests/constraints.ts:49:54)
    at Object.get (/home/logan/Documents/2021fallsau/CPTR-571/contraints-visualization/tests/constraints.ts:49:54)
    at Object.get (/home/logan/Documents/2021fallsau/CPTR-571/contraints-visualization/tests/constraints.ts:49:54)
    at Object.get (/home/logan/Documents/2021fallsau/CPTR-571/contraints-visualization/tests/constraints.ts:49:54)
    at Object.get (/home/logan/Documents/2021fallsau/CPTR-571/contraints-visualization/tests/constraints.ts:49:54)
    at Object.get (/home/logan/Documents/2021fallsau/CPTR-571/contraints-visualization/tests/constraints.ts:49:54)
    at Object.get (/home/logan/Documents/2021fallsau/CPTR-571/contraints-visualization/tests/constraints.ts:49:54)
    at Object.get (/home/logan/Documents/2021fallsau/CPTR-571/contraints-visualization/tests/constraints.ts:49:54)
    at Object.get (/home/logan/Documents/2021fallsau/CPTR-571/contraints-visualization/tests/constraints.ts:49:54)
    at Object.get (/home/logan/Documents/2021fallsau/CPTR-571/contraints-visualization/tests/constraints.ts:49:54)
    at Object.get (/home/logan/Documents/2021fallsau/CPTR-571/contraints-visualization/tests/constraints.ts:49:54)
    at Object.get (/home/logan/Documents/2021fallsau/CPTR-571/contraints-visualization/tests/constraints.ts:49:54)
    at Object.get (/home/logan/Documents/2021fallsau/CPTR-571/contraints-visualization/tests/constraints.ts:49:54)
    at Object.get (/home/logan/Documents/2021fallsau/CPTR-571/contraints-visualization/tests/constraints.ts:49:54)
    at Object.get (/home/logan/Documents/2021fallsau/CPTR-571/contraints-visualization/tests/constraints.ts:49:54)
    at Object.get (/home/logan/Documents/2021fallsau/CPTR-571/contraints-visualization/tests/constraints.ts:49:54)
    at Object.get (/home/logan/Documents/2021fallsau/CPTR-571/contraints-visualization/tests/constraints.ts:49:54)
    at Object.get (/home/logan/Documents/2021fallsau/CPTR-571/contraints-visualization/tests/constraints.ts:49:54)
    at Object.get (/home/logan/Documents/2021fallsau/CPTR-571/contraints-visualization/tests/constraints.ts:49:54)
    at Object.get (/home/logan/Documents/2021fallsau/CPTR-571/contraints-visualization/tests/constraints.ts:49:54)
    at Object.get (/home/logan/Documents/2021fallsau/CPTR-571/contraints-visualization/tests/constraints.ts:49:54)
    at Object.get (/home/logan/Documents/2021fallsau/CPTR-571/contraints-visualization/tests/constraints.ts:49:54)
    at Object.get (/home/logan/Documents/2021fallsau/CPTR-571/contraints-visualization/tests/constraints.ts:49:54)
    at Object.get (/home/logan/Documents/2021fallsau/CPTR-571/contraints-visualization/tests/constraints.ts:49:54)
    at Object.get (/home/logan/Documents/2021fallsau/CPTR-571/contraints-visualization/tests/constraints.ts:49:54)
    at Object.get (/home/logan/Documents/2021fallsau/CPTR-571/contraints-visualization/tests/constraints.ts:49:54)
    at Object.get (/home/logan/Documents/2021fallsau/CPTR-571/contraints-visualization/tests/constraints.ts:49:54)
    at Object.get (/home/logan/Documents/2021fallsau/CPTR-571/contraints-visualization/tests/constraints.ts:49:54)
    at Object.get (/home/logan/Documents/2021fallsau/CPTR-571/contraints-visualization/tests/constraints.ts:49:54)
    at Object.get (/home/logan/Documents/2021fallsau/CPTR-571/contraints-visualization/tests/constraints.ts:49:54)
    at Object.get (/home/logan/Documents/2021fallsau/CPTR-571/contraints-visualization/tests/constraints.ts:49:54)
    at Object.get (/home/logan/Documents/2021fallsau/CPTR-571/contraints-visualization/tests/constraints.ts:49:54)
    at Object.get (/home/logan/Documents/2021fallsau/CPTR-571/contraints-visualization/tests/constraints.ts:49:54)
    at Object.get (/home/logan/Documents/2021fallsau/CPTR-571/contraints-visualization/tests/constraints.ts:49:54)
    at Object.get (/home/logan/Documents/2021fallsau/CPTR-571/contraints-visualization/tests/constraints.ts:49:54)
    at Object.get (/home/logan/Documents/2021fallsau/CPTR-571/contraints-visualization/tests/constraints.ts:49:54)
    at Object.get (/home/logan/Documents/2021fallsau/CPTR-571/contraints-visualization/tests/constraints.ts:49:54)
    at Object.get (/home/logan/Documents/2021fallsau/CPTR-571/contraints-visualization/tests/constraints.ts:49:54)
    at Object.get (/home/logan/Documents/2021fallsau/CPTR-571/contraints-visualization/tests/constraints.ts:49:54)
    at Object.get (/home/logan/Documents/2021fallsau/CPTR-571/contraints-visualization/tests/constraints.ts:49:54)
    at Object.get (/home/logan/Documents/2021fallsau/CPTR-571/contraints-visualization/tests/constraints.ts:49:54)
    at Object.get (/home/logan/Documents/2021fallsau/CPTR-571/contraints-visualization/tests/constraints.ts:49:54)
    at Object.get (/home/logan/Documents/2021fallsau/CPTR-571/contraints-visualization/tests/constraints.ts:49:54)
    at Object.get (/home/logan/Documents/2021fallsau/CPTR-571/contraints-visualization/tests/constraints.ts:49:54)
    at Object.get (/home/logan/Documents/2021fallsau/CPTR-571/contraints-visualization/tests/constraints.ts:49:54)
    at Object.get (/home/logan/Documents/2021fallsau/CPTR-571/contraints-visualization/tests/constraints.ts:49:54)
    at Object.get (/home/logan/Documents/2021fallsau/CPTR-571/contraints-visualization/tests/constraints.ts:49:54)
    at Object.get (/home/logan/Documents/2021fallsau/CPTR-571/contraints-visualization/tests/constraints.ts:49:54)
    at Object.get (/home/logan/Documents/2021fallsau/CPTR-571/contraints-visualization/tests/constraints.ts:49:54)
    at Object.get (/home/logan/Documents/2021fallsau/CPTR-571/contraints-visualization/tests/constraints.ts:49:54)
    at Object.get (/home/logan/Documents/2021fallsau/CPTR-571/contraints-visualization/tests/constraints.ts:49:54)
    at Object.get (/home/logan/Documents/2021fallsau/CPTR-571/contraints-visualization/tests/constraints.ts:49:54)
    at Object.get (/home/logan/Documents/2021fallsau/CPTR-571/contraints-visualization/tests/constraints.ts:49:54)
    at Object.get (/home/logan/Documents/2021fallsau/CPTR-571/contraints-visualization/tests/constraints.ts:49:54)
    at Object.get (/home/logan/Documents/2021fallsau/CPTR-571/contraints-visualization/tests/constraints.ts:49:54)
    at Object.get (/home/logan/Documents/2021fallsau/CPTR-571/contraints-visualization/tests/constraints.ts:49:54)
    at Object.get (/home/logan/Documents/2021fallsau/CPTR-571/contraints-visualization/tests/constraints.ts:49:54)
    at Object.get (/home/logan/Documents/2021fallsau/CPTR-571/contraints-visualization/tests/constraints.ts:49:54)
    at Object.get (/home/logan/Documents/2021fallsau/CPTR-571/contraints-visualization/tests/constraints.ts:49:54)
    at Object.get (/home/logan/Documents/2021fallsau/CPTR-571/contraints-visualization/tests/constraints.ts:49:54)
    at Object.get (/home/logan/Documents/2021fallsau/CPTR-571/contraints-visualization/tests/constraints.ts:49:54)
    at Object.get (/home/logan/Documents/2021fallsau/CPTR-571/contraints-visualization/tests/constraints.ts:49:54)
    at Object.get (/home/logan/Documents/2021fallsau/CPTR-571/contraints-visualization/tests/constraints.ts:49:54)
    at Object.get (/home/logan/Documents/2021fallsau/CPTR-571/contraints-visualization/tests/constraints.ts:49:54)
    at Object.get (/home/logan/Documents/2021fallsau/CPTR-571/contraints-visualization/tests/constraints.ts:49:54)
    at Object.get (/home/logan/Documents/2021fallsau/CPTR-571/contraints-visualization/tests/constraints.ts:49:54)
    at Object.get (/home/logan/Documents/2021fallsau/CPTR-571/contraints-visualization/tests/constraints.ts:49:54)
    at Object.get (/home/logan/Documents/2021fallsau/CPTR-571/contraints-visualization/tests/constraints.ts:49:54)
    at Object.get (/home/logan/Documents/2021fallsau/CPTR-571/contraints-visualization/tests/constraints.ts:49:54)
    at Object.get (/home/logan/Documents/2021fallsau/CPTR-571/contraints-visualization/tests/constraints.ts:49:54)
    at Object.get (/home/logan/Documents/2021fallsau/CPTR-571/contraints-visualization/tests/constraints.ts:49:54)
    at Object.get (/home/logan/Documents/2021fallsau/CPTR-571/contraints-visualization/tests/constraints.ts:49:54)
    at Object.get (/home/logan/Documents/2021fallsau/CPTR-571/contraints-visualization/tests/constraints.ts:49:54)
    at Object.get (/home/logan/Documents/2021fallsau/CPTR-571/contraints-visualization/tests/constraints.ts:49:54)
    at Object.get (/home/logan/Documents/2021fallsau/CPTR-571/contraints-visualization/tests/constraints.ts:49:54)
    at Object.get (/home/logan/Documents/2021fallsau/CPTR-571/contraints-visualization/tests/constraints.ts:49:54)
    at Object.get (/home/logan/Documents/2021fallsau/CPTR-571/contraints-visualization/tests/constraints.ts:49:54)
    at Object.get (/home/logan/Documents/2021fallsau/CPTR-571/contraints-visualization/tests/constraints.ts:49:54)
    at Object.get (/home/logan/Documents/2021fallsau/CPTR-571/contraints-visualization/tests/constraints.ts:49:54)
    at Object.get (/home/logan/Documents/2021fallsau/CPTR-571/contraints-visualization/tests/constraints.ts:49:54)
    at Object.get (/home/logan/Documents/2021fallsau/CPTR-571/contraints-visualization/tests/constraints.ts:49:54)
    at Object.get (/home/logan/Documents/2021fallsau/CPTR-571/contraints-visualization/tests/constraints.ts:49:54)
    at Object.get (/home/logan/Documents/2021fallsau/CPTR-571/contraints-visualization/tests/constraints.ts:49:54)
    at Object.get (/home/logan/Documents/2021fallsau/CPTR-571/contraints-visualization/tests/constraints.ts:49:54)
    at Object.get (/home/logan/Documents/2021fallsau/CPTR-571/contraints-visualization/tests/constraints.ts:49:54)
    at Object.get (/home/logan/Documents/2021fallsau/CPTR-571/contraints-visualization/tests/constraints.ts:49:54)
    at Object.get (/home/logan/Documents/2021fallsau/CPTR-571/contraints-visualization/tests/constraints.ts:49:54)
    at Object.get (/home/logan/Documents/2021fallsau/CPTR-571/contraints-visualization/tests/constraints.ts:49:54)
    at Object.get (/home/logan/Documents/2021fallsau/CPTR-571/contraints-visualization/tests/constraints.ts:49:54)
    at Object.get (/home/logan/Documents/2021fallsau/CPTR-571/contraints-visualization/tests/constraints.ts:49:54)
    at Object.get (/home/logan/Documents/2021fallsau/CPTR-571/contraints-visualization/tests/constraints.ts:49:54)
    at Object.get (/home/logan/Documents/2021fallsau/CPTR-571/contraints-visualization/tests/constraints.ts:49:54)
    at Object.get (/home/logan/Documents/2021fallsau/CPTR-571/contraints-visualization/tests/constraints.ts:49:54)
    at Object.get (/home/logan/Documents/2021fallsau/CPTR-571/contraints-visualization/tests/constraints.ts:49:54)
    at Object.get (/home/logan/Documents/2021fallsau/CPTR-571/contraints-visualization/tests/constraints.ts:49:54)
    at Object.get (/home/logan/Documents/2021fallsau/CPTR-571/contraints-visualization/tests/constraints.ts:49:54)
    at Object.get (/home/logan/Documents/2021fallsau/CPTR-571/contraints-visualization/tests/constraints.ts:49:54)
    at Object.get (/home/logan/Documents/2021fallsau/CPTR-571/contraints-visualization/tests/constraints.ts:49:54)
    at Object.get (/home/logan/Documents/2021fallsau/CPTR-571/contraints-visualization/tests/constraints.ts:49:54)
    at Object.get (/home/logan/Documents/2021fallsau/CPTR-571/contraints-visualization/tests/constraints.ts:49:54)
    at Object.get (/home/logan/Documents/2021fallsau/CPTR-571/contraints-visualization/tests/constraints.ts:49:54)
    at Object.get (/home/logan/Documents/2021fallsau/CPTR-571/contraints-visualization/tests/constraints.ts:49:54)
    at Object.get (/home/logan/Documents/2021fallsau/CPTR-571/contraints-visualization/tests/constraints.ts:49:54)
    at Object.get (/home/logan/Documents/2021fallsau/CPTR-571/contraints-visualization/tests/constraints.ts:49:54)
    at Object.get (/home/logan/Documents/2021fallsau/CPTR-571/contraints-visualization/tests/constraints.ts:49:54)
    at Object.get (/home/logan/Documents/2021fallsau/CPTR-571/contraints-visualization/tests/constraints.ts:49:54)
    at Object.get (/home/logan/Documents/2021fallsau/CPTR-571/contraints-visualization/tests/constraints.ts:49:54)
    at Object.get (/home/logan/Documents/2021fallsau/CPTR-571/contraints-visualization/tests/constraints.ts:49:54)
    at Object.get (/home/logan/Documents/2021fallsau/CPTR-571/contraints-visualization/tests/constraints.ts:49:54)
    at Object.get (/home/logan/Documents/2021fallsau/CPTR-571/contraints-visualization/tests/constraints.ts:49:54)
    at Object.get (/home/logan/Documents/2021fallsau/CPTR-571/contraints-visualization/tests/constraints.ts:49:54)
    at Object.get (/home/logan/Documents/2021fallsau/CPTR-571/contraints-visualization/tests/constraints.ts:49:54)
    at Object.get (/home/logan/Documents/2021fallsau/CPTR-571/contraints-visualization/tests/constraints.ts:49:54)
    at Object.get (/home/logan/Documents/2021fallsau/CPTR-571/contraints-visualization/tests/constraints.ts:49:54)
    at Object.get (/home/logan/Documents/2021fallsau/CPTR-571/contraints-visualization/tests/constraints.ts:49:54)
    at Object.get (/home/logan/Documents/2021fallsau/CPTR-571/contraints-visualization/tests/constraints.ts:49:54)
    at Object.get (/home/logan/Documents/2021fallsau/CPTR-571/contraints-visualization/tests/constraints.ts:49:54)
    at Object.get (/home/logan/Documents/2021fallsau/CPTR-571/contraints-visualization/tests/constraints.ts:49:54)
    at Object.get (/home/logan/Documents/2021fallsau/CPTR-571/contraints-visualization/tests/constraints.ts:49:54)
    at Object.get (/home/logan/Documents/2021fallsau/CPTR-571/contraints-visualization/tests/constraints.ts:49:54)
    at Object.get (/home/logan/Documents/2021fallsau/CPTR-571/contraints-visualization/tests/constraints.ts:49:54)
    at Object.get (/home/logan/Documents/2021fallsau/CPTR-571/contraints-visualization/tests/constraints.ts:49:54)
    at Object.get (/home/logan/Documents/2021fallsau/CPTR-571/contraints-visualization/tests/constraints.ts:49:54)
    at Object.get (/home/logan/Documents/2021fallsau/CPTR-571/contraints-visualization/tests/constraints.ts:49:54)
    at Object.get (/home/logan/Documents/2021fallsau/CPTR-571/contraints-visualization/tests/constraints.ts:49:54)
    at Object.get (/home/logan/Documents/2021fallsau/CPTR-571/contraints-visualization/tests/constraints.ts:49:54)
    at Object.get (/home/logan/Documents/2021fallsau/CPTR-571/contraints-visualization/tests/constraints.ts:49:54)
    at Object.get (/home/logan/Documents/2021fallsau/CPTR-571/contraints-visualization/tests/constraints.ts:49:54)
    at Object.get (/home/logan/Documents/2021fallsau/CPTR-571/contraints-visualization/tests/constraints.ts:49:54)
    at Object.get (/home/logan/Documents/2021fallsau/CPTR-571/contraints-visualization/tests/constraints.ts:49:54)
    at Object.get (/home/logan/Documents/2021fallsau/CPTR-571/contraints-visualization/tests/constraints.ts:49:54)
    at Object.get (/home/logan/Documents/2021fallsau/CPTR-571/contraints-visualization/tests/constraints.ts:49:54)
    at Object.get (/home/logan/Documents/2021fallsau/CPTR-571/contraints-visualization/tests/constraints.ts:49:54)
    at Object.get (/home/logan/Documents/2021fallsau/CPTR-571/contraints-visualization/tests/constraints.ts:49:54)
    at Object.get (/home/logan/Documents/2021fallsau/CPTR-571/contraints-visualization/tests/constraints.ts:49:54)
    at Object.get (/home/logan/Documents/2021fallsau/CPTR-571/contraints-visualization/tests/constraints.ts:49:54)
    at Object.get (/home/logan/Documents/2021fallsau/CPTR-571/contraints-visualization/tests/constraints.ts:49:54)
    at Object.get (/home/logan/Documents/2021fallsau/CPTR-571/contraints-visualization/tests/constraints.ts:49:54)
    at Object.get (/home/logan/Documents/2021fallsau/CPTR-571/contraints-visualization/tests/constraints.ts:49:54)
    at Object.get (/home/logan/Documents/2021fallsau/CPTR-571/contraints-visualization/tests/constraints.ts:49:54)
    at Object.get (/home/logan/Documents/2021fallsau/CPTR-571/contraints-visualization/tests/constraints.ts:49:54)
    at Object.get (/home/logan/Documents/2021fallsau/CPTR-571/contraints-visualization/tests/constraints.ts:49:54)
    at Object.get (/home/logan/Documents/2021fallsau/CPTR-571/contraints-visualization/tests/constraints.ts:49:54)
    at Object.get (/home/logan/Documents/2021fallsau/CPTR-571/contraints-visualization/tests/constraints.ts:49:54)
    at Object.get (/home/logan/Documents/2021fallsau/CPTR-571/contraints-visualization/tests/constraints.ts:49:54)
    at Object.get (/home/logan/Documents/2021fallsau/CPTR-571/contraints-visualization/tests/constraints.ts:49:54)
    at Object.get (/home/logan/Documents/2021fallsau/CPTR-571/contraints-visualization/tests/constraints.ts:49:54)
    at Object.get (/home/logan/Documents/2021fallsau/CPTR-571/contraints-visualization/tests/constraints.ts:49:54)
    at Object.get (/home/logan/Documents/2021fallsau/CPTR-571/contraints-visualization/tests/constraints.ts:49:54)
    at Object.get (/home/logan/Documents/2021fallsau/CPTR-571/contraints-visualization/tests/constraints.ts:49:54)
    at Object.get (/home/logan/Documents/2021fallsau/CPTR-571/contraints-visualization/tests/constraints.ts:49:54)
    at Object.get (/home/logan/Documents/2021fallsau/CPTR-571/contraints-visualization/tests/constraints.ts:49:54)
    at Object.get (/home/logan/Documents/2021fallsau/CPTR-571/contraints-visualization/tests/constraints.ts:49:54)
    at Object.get (/home/logan/Documents/2021fallsau/CPTR-571/contraints-visualization/tests/constraints.ts:49:54)
    at Object.get (/home/logan/Documents/2021fallsau/CPTR-571/contraints-visualization/tests/constraints.ts:49:54)
    at Object.get (/home/logan/Documents/2021fallsau/CPTR-571/contraints-visualization/tests/constraints.ts:49:54)
    at Object.get (/home/logan/Documents/2021fallsau/CPTR-571/contraints-visualization/tests/constraints.ts:49:54)
    at Object.get (/home/logan/Documents/2021fallsau/CPTR-571/contraints-visualization/tests/constraints.ts:49:54)
    at Object.get (/home/logan/Documents/2021fallsau/CPTR-571/contraints-visualization/tests/constraints.ts:49:54)
    at Object.get (/home/logan/Documents/2021fallsau/CPTR-571/contraints-visualization/tests/constraints.ts:49:54)
    at Object.get (/home/logan/Documents/2021fallsau/CPTR-571/contraints-visualization/tests/constraints.ts:49:54)
    at Object.get (/home/logan/Documents/2021fallsau/CPTR-571/contraints-visualization/tests/constraints.ts:49:54)
    at Object.get (/home/logan/Documents/2021fallsau/CPTR-571/contraints-visualization/tests/constraints.ts:49:54)
    at Object.get (/home/logan/Documents/2021fallsau/CPTR-571/contraints-visualization/tests/constraints.ts:49:54)
    at Object.get (/home/logan/Documents/2021fallsau/CPTR-571/contraints-visualization/tests/constraints.ts:49:54)
    at Object.get (/home/logan/Documents/2021fallsau/CPTR-571/contraints-visualization/tests/constraints.ts:49:54)
    at Object.get (/home/logan/Documents/2021fallsau/CPTR-571/contraints-visualization/tests/constraints.ts:49:54)
    at Object.get (/home/logan/Documents/2021fallsau/CPTR-571/contraints-visualization/tests/constraints.ts:49:54)
    at Object.get (/home/logan/Documents/2021fallsau/CPTR-571/contraints-visualization/tests/constraints.ts:49:54)
    at Object.get (/home/logan/Documents/2021fallsau/CPTR-571/contraints-visualization/tests/constraints.ts:49:54)
    at Object.get (/home/logan/Documents/2021fallsau/CPTR-571/contraints-visualization/tests/constraints.ts:49:54)
    at Object.get (/home/logan/Documents/2021fallsau/CPTR-571/contraints-visualization/tests/constraints.ts:49:54)
    at Object.get (/home/logan/Documents/2021fallsau/CPTR-571/contraints-visualization/tests/constraints.ts:49:54)
    at Object.get (/home/logan/Documents/2021fallsau/CPTR-571/contraints-visualization/tests/constraints.ts:49:54)
    at Object.get (/home/logan/Documents/2021fallsau/CPTR-571/contraints-visualization/tests/constraints.ts:49:54)
    at Object.get (/home/logan/Documents/2021fallsau/CPTR-571/contraints-visualization/tests/constraints.ts:49:54)
    at Object.get (/home/logan/Documents/2021fallsau/CPTR-571/contraints-visualization/tests/constraints.ts:49:54)
    at Object.get (/home/logan/Documents/2021fallsau/CPTR-571/contraints-visualization/tests/constraints.ts:49:54)
    at Object.get (/home/logan/Documents/2021fallsau/CPTR-571/contraints-visualization/tests/constraints.ts:49:54)
    at Object.get (/home/logan/Documents/2021fallsau/CPTR-571/contraints-visualization/tests/constraints.ts:49:54)
    at Object.get (/home/logan/Documents/2021fallsau/CPTR-571/contraints-visualization/tests/constraints.ts:49:54)
    at Object.get (/home/logan/Documents/2021fallsau/CPTR-571/contraints-visualization/tests/constraints.ts:49:54)
    at Object.get (/home/logan/Documents/2021fallsau/CPTR-571/contraints-visualization/tests/constraints.ts:49:54)
    at Object.get (/home/logan/Documents/2021fallsau/CPTR-571/contraints-visualization/tests/constraints.ts:49:54)
    at Object.get (/home/logan/Documents/2021fallsau/CPTR-571/contraints-visualization/tests/constraints.ts:49:54)
    at Object.get (/home/logan/Documents/2021fallsau/CPTR-571/contraints-visualization/tests/constraints.ts:49:54)
    at Object.get (/home/logan/Documents/2021fallsau/CPTR-571/contraints-visualization/tests/constraints.ts:49:54)
    at Object.get (/home/logan/Documents/2021fallsau/CPTR-571/contraints-visualization/tests/constraints.ts:49:54)
    at Object.get (/home/logan/Documents/2021fallsau/CPTR-571/contraints-visualization/tests/constraints.ts:49:54)
    at Object.get (/home/logan/Documents/2021fallsau/CPTR-571/contraints-visualization/tests/constraints.ts:49:54)
    at Object.get (/home/logan/Documents/2021fallsau/CPTR-571/contraints-visualization/tests/constraints.ts:49:54)
    at Object.get (/home/logan/Documents/2021fallsau/CPTR-571/contraints-visualization/tests/constraints.ts:49:54)
    at Object.get (/home/logan/Documents/2021fallsau/CPTR-571/contraints-visualization/tests/constraints.ts:49:54)
    at Object.get (/home/logan/Documents/2021fallsau/CPTR-571/contraints-visualization/tests/constraints.ts:49:54)
    at Object.get (/home/logan/Documents/2021fallsau/CPTR-571/contraints-visualization/tests/constraints.ts:49:54)
    at Object.get (/home/logan/Documents/2021fallsau/CPTR-571/contraints-visualization/tests/constraints.ts:49:54)
    at Object.get (/home/logan/Documents/2021fallsau/CPTR-571/contraints-visualization/tests/constraints.ts:49:54)
    at Object.get (/home/logan/Documents/2021fallsau/CPTR-571/contraints-visualization/tests/constraints.ts:49:54)
    at Object.get (/home/logan/Documents/2021fallsau/CPTR-571/contraints-visualization/tests/constraints.ts:49:54)
    at Object.get (/home/logan/Documents/2021fallsau/CPTR-571/contraints-visualization/tests/constraints.ts:49:54)
    at Object.get (/home/logan/Documents/2021fallsau/CPTR-571/contraints-visualization/tests/constraints.ts:49:54)
    at Object.get (/home/logan/Documents/2021fallsau/CPTR-571/contraints-visualization/tests/constraints.ts:49:54)
    at Object.get (/home/logan/Documents/2021fallsau/CPTR-571/contraints-visualization/tests/constraints.ts:49:54)
    at Object.get (/home/logan/Documents/2021fallsau/CPTR-571/contraints-visualization/tests/constraints.ts:49:54)
    at Object.get (/home/logan/Documents/2021fallsau/CPTR-571/contraints-visualization/tests/constraints.ts:49:54)
    at Object.get (/home/logan/Documents/2021fallsau/CPTR-571/contraints-visualization/tests/constraints.ts:49:54)
    at Object.get (/home/logan/Documents/2021fallsau/CPTR-571/contraints-visualization/tests/constraints.ts:49:54)
    at Object.get (/home/logan/Documents/2021fallsau/CPTR-571/contraints-visualization/tests/constraints.ts:49:54)
    at Object.get (/home/logan/Documents/2021fallsau/CPTR-571/contraints-visualization/tests/constraints.ts:49:54)
    at Object.get (/home/logan/Documents/2021fallsau/CPTR-571/contraints-visualization/tests/constraints.ts:49:54)
    at Object.get (/home/logan/Documents/2021fallsau/CPTR-571/contraints-visualization/tests/constraints.ts:49:54)
    at Object.get (/home/logan/Documents/2021fallsau/CPTR-571/contraints-visualization/tests/constraints.ts:49:54)
    at Object.get (/home/logan/Documents/2021fallsau/CPTR-571/contraints-visualization/tests/constraints.ts:49:54)
    at Object.get (/home/logan/Documents/2021fallsau/CPTR-571/contraints-visualization/tests/constraints.ts:49:54)
    at Object.get (/home/logan/Documents/2021fallsau/CPTR-571/contraints-visualization/tests/constraints.ts:49:54)
    at Object.get (/home/logan/Documents/2021fallsau/CPTR-571/contraints-visualization/tests/constraints.ts:49:54)
    at Object.get (/home/logan/Documents/2021fallsau/CPTR-571/contraints-visualization/tests/constraints.ts:49:54)
    at Object.get (/home/logan/Documents/2021fallsau/CPTR-571/contraints-visualization/tests/constraints.ts:49:54)
    at Object.get (/home/logan/Documents/2021fallsau/CPTR-571/contraints-visualization/tests/constraints.ts:49:54)
    at Object.get (/home/logan/Documents/2021fallsau/CPTR-571/contraints-visualization/tests/constraints.ts:49:54)
    at Object.get (/home/logan/Documents/2021fallsau/CPTR-571/contraints-visualization/tests/constraints.ts:49:54)
    at Object.get (/home/logan/Documents/2021fallsau/CPTR-571/contraints-visualization/tests/constraints.ts:49:54)
    at Object.get (/home/logan/Documents/2021fallsau/CPTR-571/contraints-visualization/tests/constraints.ts:49:54)
    at Object.get (/home/logan/Documents/2021fallsau/CPTR-571/contraints-visualization/tests/constraints.ts:49:54)
    at Object.get (/home/logan/Documents/2021fallsau/CPTR-571/contraints-visualization/tests/constraints.ts:49:54)
    at Object.get (/home/logan/Documents/2021fallsau/CPTR-571/contraints-visualization/tests/constraints.ts:49:54)
    at Object.get (/home/logan/Documents/2021fallsau/CPTR-571/contraints-visualization/tests/constraints.ts:49:54)
    at Object.get (/home/logan/Documents/2021fallsau/CPTR-571/contraints-visualization/tests/constraints.ts:49:54)
    at Object.get (/home/logan/Documents/2021fallsau/CPTR-571/contraints-visualization/tests/constraints.ts:49:54)
    at Object.get (/home/logan/Documents/2021fallsau/CPTR-571/contraints-visualization/tests/constraints.ts:49:54)
    at Object.get (/home/logan/Documents/2021fallsau/CPTR-571/contraints-visualization/tests/constraints.ts:49:54)
    at Object.get (/home/logan/Documents/2021fallsau/CPTR-571/contraints-visualization/tests/constraints.ts:49:54)
    at Object.get (/home/logan/Documents/2021fallsau/CPTR-571/contraints-visualization/tests/constraints.ts:49:54)
    at Object.get (/home/logan/Documents/2021fallsau/CPTR-571/contraints-visualization/tests/constraints.ts:49:54)
    at Object.get (/home/logan/Documents/2021fallsau/CPTR-571/contraints-visualization/tests/constraints.ts:49:54)
    at Object.get (/home/logan/Documents/2021fallsau/CPTR-571/contraints-visualization/tests/constraints.ts:49:54)
    at Object.get (/home/logan/Documents/2021fallsau/CPTR-571/contraints-visualization/tests/constraints.ts:49:54)
    at Object.get (/home/logan/Documents/2021fallsau/CPTR-571/contraints-visualization/tests/constraints.ts:49:54)
    at Object.get (/home/logan/Documents/2021fallsau/CPTR-571/contraints-visualization/tests/constraints.ts:49:54)
    at Object.get (/home/logan/Documents/2021fallsau/CPTR-571/contraints-visualization/tests/constraints.ts:49:54)
    at Object.get (/home/logan/Documents/2021fallsau/CPTR-571/contraints-visualization/tests/constraints.ts:49:54)
    at Object.get (/home/logan/Documents/2021fallsau/CPTR-571/contraints-visualization/tests/constraints.ts:49:54)
    at Object.get (/home/logan/Documents/2021fallsau/CPTR-571/contraints-visualization/tests/constraints.ts:49:54)
    at Object.get (/home/logan/Documents/2021fallsau/CPTR-571/contraints-visualization/tests/constraints.ts:49:54)
    at Object.get (/home/logan/Documents/2021fallsau/CPTR-571/contraints-visualization/tests/constraints.ts:49:54)
    at Object.get (/home/logan/Documents/2021fallsau/CPTR-571/contraints-visualization/tests/constraints.ts:49:54)
    at Object.get (/home/logan/Documents/2021fallsau/CPTR-571/contraints-visualization/tests/constraints.ts:49:54)
    at Object.get (/home/logan/Documents/2021fallsau/CPTR-571/contraints-visualization/tests/constraints.ts:49:54)
    at Object.get (/home/logan/Documents/2021fallsau/CPTR-571/contraints-visualization/tests/constraints.ts:49:54)
    at Object.get (/home/logan/Documents/2021fallsau/CPTR-571/contraints-visualization/tests/constraints.ts:49:54)
    at Object.get (/home/logan/Documents/2021fallsau/CPTR-571/contraints-visualization/tests/constraints.ts:49:54)
    at Object.get (/home/logan/Documents/2021fallsau/CPTR-571/contraints-visualization/tests/constraints.ts:49:54)
    at Object.get (/home/logan/Documents/2021fallsau/CPTR-571/contraints-visualization/tests/constraints.ts:49:54)
    at Object.get (/home/logan/Documents/2021fallsau/CPTR-571/contraints-visualization/tests/constraints.ts:49:54)
    at Object.get (/home/logan/Documents/2021fallsau/CPTR-571/contraints-visualization/tests/constraints.ts:49:54)
    at Object.get (/home/logan/Documents/2021fallsau/CPTR-571/contraints-visualization/tests/constraints.ts:49:54)
    at Object.get (/home/logan/Documents/2021fallsau/CPTR-571/contraints-visualization/tests/constraints.ts:49:54)
    at Object.get (/home/logan/Documents/2021fallsau/CPTR-571/contraints-visualization/tests/constraints.ts:49:54)
    at Object.get (/home/logan/Documents/2021fallsau/CPTR-571/contraints-visualization/tests/constraints.ts:49:54)
    at Object.get (/home/logan/Documents/2021fallsau/CPTR-571/contraints-visualization/tests/constraints.ts:49:54)
    at Object.get (/home/logan/Documents/2021fallsau/CPTR-571/contraints-visualization/tests/constraints.ts:49:54)
    at Object.get (/home/logan/Documents/2021fallsau/CPTR-571/contraints-visualization/tests/constraints.ts:49:54)
    at Object.get (/home/logan/Documents/2021fallsau/CPTR-571/contraints-visualization/tests/constraints.ts:49:54)
    at Object.get (/home/logan/Documents/2021fallsau/CPTR-571/contraints-visualization/tests/constraints.ts:49:54)
    at Object.get (/home/logan/Documents/2021fallsau/CPTR-571/contraints-visualization/tests/constraints.ts:49:54)
    at Object.get (/home/logan/Documents/2021fallsau/CPTR-571/contraints-visualization/tests/constraints.ts:49:54)
    at Object.get (/home/logan/Documents/2021fallsau/CPTR-571/contraints-visualization/tests/constraints.ts:49:54)
    at Object.get (/home/logan/Documents/2021fallsau/CPTR-571/contraints-visualization/tests/constraints.ts:49:54)
    at Object.get (/home/logan/Documents/2021fallsau/CPTR-571/contraints-visualization/tests/constraints.ts:49:54)
    at Object.get (/home/logan/Documents/2021fallsau/CPTR-571/contraints-visualization/tests/constraints.ts:49:54)
    at Object.get (/home/logan/Documents/2021fallsau/CPTR-571/contraints-visualization/tests/constraints.ts:49:54)
    at Object.get (/home/logan/Documents/2021fallsau/CPTR-571/contraints-visualization/tests/constraints.ts:49:54)
    at Object.get (/home/logan/Documents/2021fallsau/CPTR-571/contraints-visualization/tests/constraints.ts:49:54)
    at Object.get (/home/logan/Documents/2021fallsau/CPTR-571/contraints-visualization/tests/constraints.ts:49:54)
    at Object.get (/home/logan/Documents/2021fallsau/CPTR-571/contraints-visualization/tests/constraints.ts:49:54)
    at Object.get (/home/logan/Documents/2021fallsau/CPTR-571/contraints-visualization/tests/constraints.ts:49:54)
    at Object.get (/home/logan/Documents/2021fallsau/CPTR-571/contraints-visualization/tests/constraints.ts:49:54)
    at Object.get (/home/logan/Documents/2021fallsau/CPTR-571/contraints-visualization/tests/constraints.ts:49:54)
    at Object.get (/home/logan/Documents/2021fallsau/CPTR-571/contraints-visualization/tests/constraints.ts:49:54)
    at Object.get (/home/logan/Documents/2021fallsau/CPTR-571/contraints-visualization/tests/constraints.ts:49:54)
    at Object.get (/home/logan/Documents/2021fallsau/CPTR-571/contraints-visualization/tests/constraints.ts:49:54)
    at Object.get (/home/logan/Documents/2021fallsau/CPTR-571/contraints-visualization/tests/constraints.ts:49:54)
    at Object.get (/home/logan/Documents/2021fallsau/CPTR-571/contraints-visualization/tests/constraints.ts:49:54)
    at Object.get (/home/logan/Documents/2021fallsau/CPTR-571/contraints-visualization/tests/constraints.ts:49:54)
    at Object.get (/home/logan/Documents/2021fallsau/CPTR-571/contraints-visualization/tests/constraints.ts:49:54)
    at Object.get (/home/logan/Documents/2021fallsau/CPTR-571/contraints-visualization/tests/constraints.ts:49:54)
    at Object.get (/home/logan/Documents/2021fallsau/CPTR-571/contraints-visualization/tests/constraints.ts:49:54)
    at Object.get (/home/logan/Documents/2021fallsau/CPTR-571/contraints-visualization/tests/constraints.ts:49:54)
    at Object.get (/home/logan/Documents/2021fallsau/CPTR-571/contraints-visualization/tests/constraints.ts:49:54)
    at Object.get (/home/logan/Documents/2021fallsau/CPTR-571/contraints-visualization/tests/constraints.ts:49:54)
    at Object.get (/home/logan/Documents/2021fallsau/CPTR-571/contraints-visualization/tests/constraints.ts:49:54)
    at Object.get (/home/logan/Documents/2021fallsau/CPTR-571/contraints-visualization/tests/constraints.ts:49:54)
    at Object.get (/home/logan/Documents/2021fallsau/CPTR-571/contraints-visualization/tests/constraints.ts:49:54)
    at Object.get (/home/logan/Documents/2021fallsau/CPTR-571/contraints-visualization/tests/constraints.ts:49:54)
    at Object.get (/home/logan/Documents/2021fallsau/CPTR-571/contraints-visualization/tests/constraints.ts:49:54)
    at Object.get (/home/logan/Documents/2021fallsau/CPTR-571/contraints-visualization/tests/constraints.ts:49:54)
    at Object.get (/home/logan/Documents/2021fallsau/CPTR-571/contraints-visualization/tests/constraints.ts:49:54)
    at Object.get (/home/logan/Documents/2021fallsau/CPTR-571/contraints-visualization/tests/constraints.ts:49:54)
    at Object.get (/home/logan/Documents/2021fallsau/CPTR-571/contraints-visualization/tests/constraints.ts:49:54)
    at Object.get (/home/logan/Documents/2021fallsau/CPTR-571/contraints-visualization/tests/constraints.ts:49:54)
    at Object.get (/home/logan/Documents/2021fallsau/CPTR-571/contraints-visualization/tests/constraints.ts:49:54)
    at Object.get (/home/logan/Documents/2021fallsau/CPTR-571/contraints-visualization/tests/constraints.ts:49:54)
    at Object.get (/home/logan/Documents/2021fallsau/CPTR-571/contraints-visualization/tests/constraints.ts:49:54)
    at Object.get (/home/logan/Documents/2021fallsau/CPTR-571/contraints-visualization/tests/constraints.ts:49:54)
    at Object.get (/home/logan/Documents/2021fallsau/CPTR-571/contraints-visualization/tests/constraints.ts:49:54)
    at Object.get (/home/logan/Documents/2021fallsau/CPTR-571/contraints-visualization/tests/constraints.ts:49:54)
    at Object.get (/home/logan/Documents/2021fallsau/CPTR-571/contraints-visualization/tests/constraints.ts:49:54)
    at Object.get (/home/logan/Documents/2021fallsau/CPTR-571/contraints-visualization/tests/constraints.ts:49:54)
    at Object.get (/home/logan/Documents/2021fallsau/CPTR-571/contraints-visualization/tests/constraints.ts:49:54)
    at Object.get (/home/logan/Documents/2021fallsau/CPTR-571/contraints-visualization/tests/constraints.ts:49:54)
    at Object.get (/home/logan/Documents/2021fallsau/CPTR-571/contraints-visualization/tests/constraints.ts:49:54)
    at Object.get (/home/logan/Documents/2021fallsau/CPTR-571/contraints-visualization/tests/constraints.ts:49:54)
    at Object.get (/home/logan/Documents/2021fallsau/CPTR-571/contraints-visualization/tests/constraints.ts:49:54)
    at Object.get (/home/logan/Documents/2021fallsau/CPTR-571/contraints-visualization/tests/constraints.ts:49:54)
    at Object.get (/home/logan/Documents/2021fallsau/CPTR-571/contraints-visualization/tests/constraints.ts:49:54)
    at Object.get (/home/logan/Documents/2021fallsau/CPTR-571/contraints-visualization/tests/constraints.ts:49:54)
    at Object.get (/home/logan/Documents/2021fallsau/CPTR-571/contraints-visualization/tests/constraints.ts:49:54)
    at Object.get (/home/logan/Documents/2021fallsau/CPTR-571/contraints-visualization/tests/constraints.ts:49:54)
    at Object.get (/home/logan/Documents/2021fallsau/CPTR-571/contraints-visualization/tests/constraints.ts:49:54)
    at Object.get (/home/logan/Documents/2021fallsau/CPTR-571/contraints-visualization/tests/constraints.ts:49:54)
    at Object.get (/home/logan/Documents/2021fallsau/CPTR-571/contraints-visualization/tests/constraints.ts:49:54)
    at Object.get (/home/logan/Documents/2021fallsau/CPTR-571/contraints-visualization/tests/constraints.ts:49:54)
    at Object.get (/home/logan/Documents/2021fallsau/CPTR-571/contraints-visualization/tests/constraints.ts:49:54)
    at Object.get (/home/logan/Documents/2021fallsau/CPTR-571/contraints-visualization/tests/constraints.ts:49:54)
    at Object.get (/home/logan/Documents/2021fallsau/CPTR-571/contraints-visualization/tests/constraints.ts:49:54)
    at Object.get (/home/logan/Documents/2021fallsau/CPTR-571/contraints-visualization/tests/constraints.ts:49:54)
    at Object.get (/home/logan/Documents/2021fallsau/CPTR-571/contraints-visualization/tests/constraints.ts:49:54)
    at Object.get (/home/logan/Documents/2021fallsau/CPTR-571/contraints-visualization/tests/constraints.ts:49:54)
    at Object.get (/home/logan/Documents/2021fallsau/CPTR-571/contraints-visualization/tests/constraints.ts:49:54)
    at Object.get (/home/logan/Documents/2021fallsau/CPTR-571/contraints-visualization/tests/constraints.ts:49:54)
    at Object.get (/home/logan/Documents/2021fallsau/CPTR-571/contraints-visualization/tests/constraints.ts:49:54)
    at Object.get (/home/logan/Documents/2021fallsau/CPTR-571/contraints-visualization/tests/constraints.ts:49:54)
    at Object.get (/home/logan/Documents/2021fallsau/CPTR-571/contraints-visualization/tests/constraints.ts:49:54)
    at Object.get (/home/logan/Documents/2021fallsau/CPTR-571/contraints-visualization/tests/constraints.ts:49:54)
    at Object.get (/home/logan/Documents/2021fallsau/CPTR-571/contraints-visualization/tests/constraints.ts:49:54)
    at Object.get (/home/logan/Documents/2021fallsau/CPTR-571/contraints-visualization/tests/constraints.ts:49:54)
    at Object.get (/home/logan/Documents/2021fallsau/CPTR-571/contraints-visualization/tests/constraints.ts:49:54)
    at Object.get (/home/logan/Documents/2021fallsau/CPTR-571/contraints-visualization/tests/constraints.ts:49:54)
    at Object.get (/home/logan/Documents/2021fallsau/CPTR-571/contraints-visualization/tests/constraints.ts:49:54)
    at Object.get (/home/logan/Documents/2021fallsau/CPTR-571/contraints-visualization/tests/constraints.ts:49:54)
    at Object.get (/home/logan/Documents/2021fallsau/CPTR-571/contraints-visualization/tests/constraints.ts:49:54)
    at Object.get (/home/logan/Documents/2021fallsau/CPTR-571/contraints-visualization/tests/constraints.ts:49:54)
    at Object.get (/home/logan/Documents/2021fallsau/CPTR-571/contraints-visualization/tests/constraints.ts:49:54)
    at Object.get (/home/logan/Documents/2021fallsau/CPTR-571/contraints-visualization/tests/constraints.ts:49:54)
    at Object.get (/home/logan/Documents/2021fallsau/CPTR-571/contraints-visualization/tests/constraints.ts:49:54)
    at Object.get (/home/logan/Documents/2021fallsau/CPTR-571/contraints-visualization/tests/constraints.ts:49:54)
    at Object.get (/home/logan/Documents/2021fallsau/CPTR-571/contraints-visualization/tests/constraints.ts:49:54)
    at Object.get (/home/logan/Documents/2021fallsau/CPTR-571/contraints-visualization/tests/constraints.ts:49:54)
    at Object.get (/home/logan/Documents/2021fallsau/CPTR-571/contraints-visualization/tests/constraints.ts:49:54)
    at Object.get (/home/logan/Documents/2021fallsau/CPTR-571/contraints-visualization/tests/constraints.ts:49:54)
    at Object.get (/home/logan/Documents/2021fallsau/CPTR-571/contraints-visualization/tests/constraints.ts:49:54)
    at Object.get (/home/logan/Documents/2021fallsau/CPTR-571/contraints-visualization/tests/constraints.ts:49:54)
    at Object.get (/home/logan/Documents/2021fallsau/CPTR-571/contraints-visualization/tests/constraints.ts:49:54)
    at Object.get (/home/logan/Documents/2021fallsau/CPTR-571/contraints-visualization/tests/constraints.ts:49:54)
    at Object.get (/home/logan/Documents/2021fallsau/CPTR-571/contraints-visualization/tests/constraints.ts:49:54)
    at Object.get (/home/logan/Documents/2021fallsau/CPTR-571/contraints-visualization/tests/constraints.ts:49:54)
    at Object.get (/home/logan/Documents/2021fallsau/CPTR-571/contraints-visualization/tests/constraints.ts:49:54)
    at Object.get (/home/logan/Documents/2021fallsau/CPTR-571/contraints-visualization/tests/constraints.ts:49:54)
    at Object.get (/home/logan/Documents/2021fallsau/CPTR-571/contraints-visualization/tests/constraints.ts:49:54)
    at Object.get (/home/logan/Documents/2021fallsau/CPTR-571/contraints-visualization/tests/constraints.ts:49:54)
    at Object.get (/home/logan/Documents/2021fallsau/CPTR-571/contraints-visualization/tests/constraints.ts:49:54)
    at Object.get (/home/logan/Documents/2021fallsau/CPTR-571/contraints-visualization/tests/constraints.ts:49:54)
    at Object.get (/home/logan/Documents/2021fallsau/CPTR-571/contraints-visualization/tests/constraints.ts:49:54)
    at Object.get (/home/logan/Documents/2021fallsau/CPTR-571/contraints-visualization/tests/constraints.ts:49:54)
    at Object.get (/home/logan/Documents/2021fallsau/CPTR-571/contraints-visualization/tests/constraints.ts:49:54)
    at Object.get (/home/logan/Documents/2021fallsau/CPTR-571/contraints-visualization/tests/constraints.ts:49:54)
    at Object.get (/home/logan/Documents/2021fallsau/CPTR-571/contraints-visualization/tests/constraints.ts:49:54)
    at Object.get (/home/logan/Documents/2021fallsau/CPTR-571/contraints-visualization/tests/constraints.ts:49:54)
    at Object.get (/home/logan/Documents/2021fallsau/CPTR-571/contraints-visualization/tests/constraints.ts:49:54)
    at Object.get (/home/logan/Documents/2021fallsau/CPTR-571/contraints-visualization/tests/constraints.ts:49:54)
    at Object.get (/home/logan/Documents/2021fallsau/CPTR-571/contraints-visualization/tests/constraints.ts:49:54)
    at Object.get (/home/logan/Documents/2021fallsau/CPTR-571/contraints-visualization/tests/constraints.ts:49:54)
    at Object.get (/home/logan/Documents/2021fallsau/CPTR-571/contraints-visualization/tests/constraints.ts:49:54)
    at Object.get (/home/logan/Documents/2021fallsau/CPTR-571/contraints-visualization/tests/constraints.ts:49:54)
    at Object.get (/home/logan/Documents/2021fallsau/CPTR-571/contraints-visualization/tests/constraints.ts:49:54)
    at Object.get (/home/logan/Documents/2021fallsau/CPTR-571/contraints-visualization/tests/constraints.ts:49:54)
    at Object.get (/home/logan/Documents/2021fallsau/CPTR-571/contraints-visualization/tests/constraints.ts:49:54)
    at Object.get (/home/logan/Documents/2021fallsau/CPTR-571/contraints-visualization/tests/constraints.ts:49:54)
    at Object.get (/home/logan/Documents/2021fallsau/CPTR-571/contraints-visualization/tests/constraints.ts:49:54)
    at Object.get (/home/logan/Documents/2021fallsau/CPTR-571/contraints-visualization/tests/constraints.ts:49:54)
    at Object.get (/home/logan/Documents/2021fallsau/CPTR-571/contraints-visualization/tests/constraints.ts:49:54)
    at Object.get (/home/logan/Documents/2021fallsau/CPTR-571/contraints-visualization/tests/constraints.ts:49:54)
    at Object.get (/home/logan/Documents/2021fallsau/CPTR-571/contraints-visualization/tests/constraints.ts:49:54)
    at Object.get (/home/logan/Documents/2021fallsau/CPTR-571/contraints-visualization/tests/constraints.ts:49:54)
    at Object.get (/home/logan/Documents/2021fallsau/CPTR-571/contraints-visualization/tests/constraints.ts:49:54)
    at Object.get (/home/logan/Documents/2021fallsau/CPTR-571/contraints-visualization/tests/constraints.ts:49:54)
    at Object.get (/home/logan/Documents/2021fallsau/CPTR-571/contraints-visualization/tests/constraints.ts:49:54)
    at Object.get (/home/logan/Documents/2021fallsau/CPTR-571/contraints-visualization/tests/constraints.ts:49:54)
    at Object.get (/home/logan/Documents/2021fallsau/CPTR-571/contraints-visualization/tests/constraints.ts:49:54)
    at Object.get (/home/logan/Documents/2021fallsau/CPTR-571/contraints-visualization/tests/constraints.ts:49:54)
    at Object.get (/home/logan/Documents/2021fallsau/CPTR-571/contraints-visualization/tests/constraints.ts:49:54)
    at Object.get (/home/logan/Documents/2021fallsau/CPTR-571/contraints-visualization/tests/constraints.ts:49:54)
    at Object.get (/home/logan/Documents/2021fallsau/CPTR-571/contraints-visualization/tests/constraints.ts:49:54)
    at Object.get (/home/logan/Documents/2021fallsau/CPTR-571/contraints-visualization/tests/constraints.ts:49:54)
    at Object.get (/home/logan/Documents/2021fallsau/CPTR-571/contraints-visualization/tests/constraints.ts:49:54)
    at Object.get (/home/logan/Documents/2021fallsau/CPTR-571/contraints-visualization/tests/constraints.ts:49:54)
    at Object.get (/home/logan/Documents/2021fallsau/CPTR-571/contraints-visualization/tests/constraints.ts:49:54)
    at Object.get (/home/logan/Documents/2021fallsau/CPTR-571/contraints-visualization/tests/constraints.ts:49:54)
    at Object.get (/home/logan/Documents/2021fallsau/CPTR-571/contraints-visualization/tests/constraints.ts:49:54)
    at Object.get (/home/logan/Documents/2021fallsau/CPTR-571/contraints-visualization/tests/constraints.ts:49:54)
    at Object.get (/home/logan/Documents/2021fallsau/CPTR-571/contraints-visualization/tests/constraints.ts:49:54)
    at Object.get (/home/logan/Documents/2021fallsau/CPTR-571/contraints-visualization/tests/constraints.ts:49:54)
    at Object.get (/home/logan/Documents/2021fallsau/CPTR-571/contraints-visualization/tests/constraints.ts:49:54)
    at Object.get (/home/logan/Documents/2021fallsau/CPTR-571/contraints-visualization/tests/constraints.ts:49:54)
    at Object.get (/home/logan/Documents/2021fallsau/CPTR-571/contraints-visualization/tests/constraints.ts:49:54)
    at Object.get (/home/logan/Documents/2021fallsau/CPTR-571/contraints-visualization/tests/constraints.ts:49:54)
    at Object.get (/home/logan/Documents/2021fallsau/CPTR-571/contraints-visualization/tests/constraints.ts:49:54)
    at Object.get (/home/logan/Documents/2021fallsau/CPTR-571/contraints-visualization/tests/constraints.ts:49:54)
    at Object.get (/home/logan/Documents/2021fallsau/CPTR-571/contraints-visualization/tests/constraints.ts:49:54)
    at Object.get (/home/logan/Documents/2021fallsau/CPTR-571/contraints-visualization/tests/constraints.ts:49:54)
    at Object.get (/home/logan/Documents/2021fallsau/CPTR-571/contraints-visualization/tests/constraints.ts:49:54)
    at Object.get (/home/logan/Documents/2021fallsau/CPTR-571/contraints-visualization/tests/constraints.ts:49:54)
    at Object.get (/home/logan/Documents/2021fallsau/CPTR-571/contraints-visualization/tests/constraints.ts:49:54)
    at Object.get (/home/logan/Documents/2021fallsau/CPTR-571/contraints-visualization/tests/constraints.ts:49:54)
    at Object.get (/home/logan/Documents/2021fallsau/CPTR-571/contraints-visualization/tests/constraints.ts:49:54)
    at Object.get (/home/logan/Documents/2021fallsau/CPTR-571/contraints-visualization/tests/constraints.ts:49:54)
    at Object.get (/home/logan/Documents/2021fallsau/CPTR-571/contraints-visualization/tests/constraints.ts:49:54)
    at Object.get (/home/logan/Documents/2021fallsau/CPTR-571/contraints-visualization/tests/constraints.ts:49:54)
    at Object.get (/home/logan/Documents/2021fallsau/CPTR-571/contraints-visualization/tests/constraints.ts:49:54)
    at Object.get (/home/logan/Documents/2021fallsau/CPTR-571/contraints-visualization/tests/constraints.ts:49:54)
    at Object.get (/home/logan/Documents/2021fallsau/CPTR-571/contraints-visualization/tests/constraints.ts:49:54)
    at Object.get (/home/logan/Documents/2021fallsau/CPTR-571/contraints-visualization/tests/constraints.ts:49:54)
    at Object.get (/home/logan/Documents/2021fallsau/CPTR-571/contraints-visualization/tests/constraints.ts:49:54)
    at Object.get (/home/logan/Documents/2021fallsau/CPTR-571/contraints-visualization/tests/constraints.ts:49:54)
    at Object.get (/home/logan/Documents/2021fallsau/CPTR-571/contraints-visualization/tests/constraints.ts:49:54)
    at Object.get (/home/logan/Documents/2021fallsau/CPTR-571/contraints-visualization/tests/constraints.ts:49:54)
    at Object.get (/home/logan/Documents/2021fallsau/CPTR-571/contraints-visualization/tests/constraints.ts:49:54)
    at Object.get (/home/logan/Documents/2021fallsau/CPTR-571/contraints-visualization/tests/constraints.ts:49:54)
    at Object.get (/home/logan/Documents/2021fallsau/CPTR-571/contraints-visualization/tests/constraints.ts:49:54)
    at Object.get (/home/logan/Documents/2021fallsau/CPTR-571/contraints-visualization/tests/constraints.ts:49:54)
    at Object.get (/home/logan/Documents/2021fallsau/CPTR-571/contraints-visualization/tests/constraints.ts:49:54)
    at Object.get (/home/logan/Documents/2021fallsau/CPTR-571/contraints-visualization/tests/constraints.ts:49:54)
    at Object.get (/home/logan/Documents/2021fallsau/CPTR-571/contraints-visualization/tests/constraints.ts:49:54)
    at Object.get (/home/logan/Documents/2021fallsau/CPTR-571/contraints-visualization/tests/constraints.ts:49:54)
    at Object.get (/home/logan/Documents/2021fallsau/CPTR-571/contraints-visualization/tests/constraints.ts:49:54)
    at Object.get (/home/logan/Documents/2021fallsau/CPTR-571/contraints-visualization/tests/constraints.ts:49:54)
    at Object.get (/home/logan/Documents/2021fallsau/CPTR-571/contraints-visualization/tests/constraints.ts:49:54)
    at Object.get (/home/logan/Documents/2021fallsau/CPTR-571/contraints-visualization/tests/constraints.ts:49:54)
    at Object.get (/home/logan/Documents/2021fallsau/CPTR-571/contraints-visualization/tests/constraints.ts:49:54)
    at Object.get (/home/logan/Documents/2021fallsau/CPTR-571/contraints-visualization/tests/constraints.ts:49:54)
    at Object.get (/home/logan/Documents/2021fallsau/CPTR-571/contraints-visualization/tests/constraints.ts:49:54)
    at Object.get (/home/logan/Documents/2021fallsau/CPTR-571/contraints-visualization/tests/constraints.ts:49:54)
    at Object.get (/home/logan/Documents/2021fallsau/CPTR-571/contraints-visualization/tests/constraints.ts:49:54)
    at Object.get (/home/logan/Documents/2021fallsau/CPTR-571/contraints-visualization/tests/constraints.ts:49:54)
    at Object.get (/home/logan/Documents/2021fallsau/CPTR-571/contraints-visualization/tests/constraints.ts:49:54)
    at Object.get (/home/logan/Documents/2021fallsau/CPTR-571/contraints-visualization/tests/constraints.ts:49:54)
    at Object.get (/home/logan/Documents/2021fallsau/CPTR-571/contraints-visualization/tests/constraints.ts:49:54)
    at Object.get (/home/logan/Documents/2021fallsau/CPTR-571/contraints-visualization/tests/constraints.ts:49:54)
    at Object.get (/home/logan/Documents/2021fallsau/CPTR-571/contraints-visualization/tests/constraints.ts:49:54)
    at Object.get (/home/logan/Documents/2021fallsau/CPTR-571/contraints-visualization/tests/constraints.ts:49:54)
    at Object.get (/home/logan/Documents/2021fallsau/CPTR-571/contraints-visualization/tests/constraints.ts:49:54)
    at Object.get (/home/logan/Documents/2021fallsau/CPTR-571/contraints-visualization/tests/constraints.ts:49:54)
    at Object.get (/home/logan/Documents/2021fallsau/CPTR-571/contraints-visualization/tests/constraints.ts:49:54)
    at Object.get (/home/logan/Documents/2021fallsau/CPTR-571/contraints-visualization/tests/constraints.ts:49:54)
    at Object.get (/home/logan/Documents/2021fallsau/CPTR-571/contraints-visualization/tests/constraints.ts:49:54)
    at Object.get (/home/logan/Documents/2021fallsau/CPTR-571/contraints-visualization/tests/constraints.ts:49:54)
    at Object.get (/home/logan/Documents/2021fallsau/CPTR-571/contraints-visualization/tests/constraints.ts:49:54)
    at Object.get (/home/logan/Documents/2021fallsau/CPTR-571/contraints-visualization/tests/constraints.ts:49:54)
    at Object.get (/home/logan/Documents/2021fallsau/CPTR-571/contraints-visualization/tests/constraints.ts:49:54)
    at Object.get (/home/logan/Documents/2021fallsau/CPTR-571/contraints-visualization/tests/constraints.ts:49:54)
    at Object.get (/home/logan/Documents/2021fallsau/CPTR-571/contraints-visualization/tests/constraints.ts:49:54)
    at Object.get (/home/logan/Documents/2021fallsau/CPTR-571/contraints-visualization/tests/constraints.ts:49:54)
    at Object.get (/home/logan/Documents/2021fallsau/CPTR-571/contraints-visualization/tests/constraints.ts:49:54)
    at Object.get (/home/logan/Documents/2021fallsau/CPTR-571/contraints-visualization/tests/constraints.ts:49:54)
    at Object.get (/home/logan/Documents/2021fallsau/CPTR-571/contraints-visualization/tests/constraints.ts:49:54)
    at Object.get (/home/logan/Documents/2021fallsau/CPTR-571/contraints-visualization/tests/constraints.ts:49:54)
    at Object.get (/home/logan/Documents/2021fallsau/CPTR-571/contraints-visualization/tests/constraints.ts:49:54)
    at Object.get (/home/logan/Documents/2021fallsau/CPTR-571/contraints-visualization/tests/constraints.ts:49:54)
    at Object.get (/home/logan/Documents/2021fallsau/CPTR-571/contraints-visualization/tests/constraints.ts:49:54)
    at Object.get (/home/logan/Documents/2021fallsau/CPTR-571/contraints-visualization/tests/constraints.ts:49:54)
    at Object.get (/home/logan/Documents/2021fallsau/CPTR-571/contraints-visualization/tests/constraints.ts:49:54)
    at Object.get (/home/logan/Documents/2021fallsau/CPTR-571/contraints-visualization/tests/constraints.ts:49:54)
    at Object.get (/home/logan/Documents/2021fallsau/CPTR-571/contraints-visualization/tests/constraints.ts:49:54)
    at Object.get (/home/logan/Documents/2021fallsau/CPTR-571/contraints-visualization/tests/constraints.ts:49:54)
    at Object.get (/home/logan/Documents/2021fallsau/CPTR-571/contraints-visualization/tests/constraints.ts:49:54)
    at Object.get (/home/logan/Documents/2021fallsau/CPTR-571/contraints-visualization/tests/constraints.ts:49:54)
    at Object.get (/home/logan/Documents/2021fallsau/CPTR-571/contraints-visualization/tests/constraints.ts:49:54)
    at Object.get (/home/logan/Documents/2021fallsau/CPTR-571/contraints-visualization/tests/constraints.ts:49:54)
    at Object.get (/home/logan/Documents/2021fallsau/CPTR-571/contraints-visualization/tests/constraints.ts:49:54)
    at Object.get (/home/logan/Documents/2021fallsau/CPTR-571/contraints-visualization/tests/constraints.ts:49:54)
    at Object.get (/home/logan/Documents/2021fallsau/CPTR-571/contraints-visualization/tests/constraints.ts:49:54)
    at Object.get (/home/logan/Documents/2021fallsau/CPTR-571/contraints-visualization/tests/constraints.ts:49:54)
    at Object.get (/home/logan/Documents/2021fallsau/CPTR-571/contraints-visualization/tests/constraints.ts:49:54)
    at Object.get (/home/logan/Documents/2021fallsau/CPTR-571/contraints-visualization/tests/constraints.ts:49:54)
    at Object.get (/home/logan/Documents/2021fallsau/CPTR-571/contraints-visualization/tests/constraints.ts:49:54)
    at Object.get (/home/logan/Documents/2021fallsau/CPTR-571/contraints-visualization/tests/constraints.ts:49:54)
    at Object.get (/home/logan/Documents/2021fallsau/CPTR-571/contraints-visualization/tests/constraints.ts:49:54)
    at Object.get (/home/logan/Documents/2021fallsau/CPTR-571/contraints-visualization/tests/constraints.ts:49:54)
    at Object.get (/home/logan/Documents/2021fallsau/CPTR-571/contraints-visualization/tests/constraints.ts:49:54)
    at Object.get (/home/logan/Documents/2021fallsau/CPTR-571/contraints-visualization/tests/constraints.ts:49:54)
    at Object.get (/home/logan/Documents/2021fallsau/CPTR-571/contraints-visualization/tests/constraints.ts:49:54)
    at Object.get (/home/logan/Documents/2021fallsau/CPTR-571/contraints-visualization/tests/constraints.ts:49:54)
    at Object.get (/home/logan/Documents/2021fallsau/CPTR-571/contraints-visualization/tests/constraints.ts:49:54)
    at Object.get (/home/logan/Documents/2021fallsau/CPTR-571/contraints-visualization/tests/constraints.ts:49:54)
    at Object.get (/home/logan/Documents/2021fallsau/CPTR-571/contraints-visualization/tests/constraints.ts:49:54)
    at Object.get (/home/logan/Documents/2021fallsau/CPTR-571/contraints-visualization/tests/constraints.ts:49:54)
    at Object.get (/home/logan/Documents/2021fallsau/CPTR-571/contraints-visualization/tests/constraints.ts:49:54)
    at Object.get (/home/logan/Documents/2021fallsau/CPTR-571/contraints-visualization/tests/constraints.ts:49:54)
    at Object.get (/home/logan/Documents/2021fallsau/CPTR-571/contraints-visualization/tests/constraints.ts:49:54)
    at Object.get (/home/logan/Documents/2021fallsau/CPTR-571/contraints-visualization/tests/constraints.ts:49:54)
    at Object.get (/home/logan/Documents/2021fallsau/CPTR-571/contraints-visualization/tests/constraints.ts:49:54)
    at Object.get (/home/logan/Documents/2021fallsau/CPTR-571/contraints-visualization/tests/constraints.ts:49:54)
    at Object.get (/home/logan/Documents/2021fallsau/CPTR-571/contraints-visualization/tests/constraints.ts:49:54)
    at Object.get (/home/logan/Documents/2021fallsau/CPTR-571/contraints-visualization/tests/constraints.ts:49:54)
    at Object.get (/home/logan/Documents/2021fallsau/CPTR-571/contraints-visualization/tests/constraints.ts:49:54)
    at Object.get (/home/logan/Documents/2021fallsau/CPTR-571/contraints-visualization/tests/constraints.ts:49:54)
    at Object.get (/home/logan/Documents/2021fallsau/CPTR-571/contraints-visualization/tests/constraints.ts:49:54)
    at Object.get (/home/logan/Documents/2021fallsau/CPTR-571/contraints-visualization/tests/constraints.ts:49:54)
    at Object.get (/home/logan/Documents/2021fallsau/CPTR-571/contraints-visualization/tests/constraints.ts:49:54)
    at Object.get (/home/logan/Documents/2021fallsau/CPTR-571/contraints-visualization/tests/constraints.ts:49:54)
    at Object.get (/home/logan/Documents/2021fallsau/CPTR-571/contraints-visualization/tests/constraints.ts:49:54)
    at Object.get (/home/logan/Documents/2021fallsau/CPTR-571/contraints-visualization/tests/constraints.ts:49:54)
    at Object.get (/home/logan/Documents/2021fallsau/CPTR-571/contraints-visualization/tests/constraints.ts:49:54)
    at Object.get (/home/logan/Documents/2021fallsau/CPTR-571/contraints-visualization/tests/constraints.ts:49:54)
    at Object.get (/home/logan/Documents/2021fallsau/CPTR-571/contraints-visualization/tests/constraints.ts:49:54)
    at Object.get (/home/logan/Documents/2021fallsau/CPTR-571/contraints-visualization/tests/constraints.ts:49:54)
    at Object.get (/home/logan/Documents/2021fallsau/CPTR-571/contraints-visualization/tests/constraints.ts:49:54)
    at Object.get (/home/logan/Documents/2021fallsau/CPTR-571/contraints-visualization/tests/constraints.ts:49:54)
    at Object.get (/home/logan/Documents/2021fallsau/CPTR-571/contraints-visualization/tests/constraints.ts:49:54)
    at Object.get (/home/logan/Documents/2021fallsau/CPTR-571/contraints-visualization/tests/constraints.ts:49:54)
    at Object.get (/home/logan/Documents/2021fallsau/CPTR-571/contraints-visualization/tests/constraints.ts:49:54)
    at Object.get (/home/logan/Documents/2021fallsau/CPTR-571/contraints-visualization/tests/constraints.ts:49:54)
    at Object.get (/home/logan/Documents/2021fallsau/CPTR-571/contraints-visualization/tests/constraints.ts:49:54)
    at Object.get (/home/logan/Documents/2021fallsau/CPTR-571/contraints-visualization/tests/constraints.ts:49:54)
    at Object.get (/home/logan/Documents/2021fallsau/CPTR-571/contraints-visualization/tests/constraints.ts:49:54)
    at Object.get (/home/logan/Documents/2021fallsau/CPTR-571/contraints-visualization/tests/constraints.ts:49:54)
    at Object.get (/home/logan/Documents/2021fallsau/CPTR-571/contraints-visualization/tests/constraints.ts:49:54)
    at Object.get (/home/logan/Documents/2021fallsau/CPTR-571/contraints-visualization/tests/constraints.ts:49:54)
    at Object.get (/home/logan/Documents/2021fallsau/CPTR-571/contraints-visualization/tests/constraints.ts:49:54)
    at Object.get (/home/logan/Documents/2021fallsau/CPTR-571/contraints-visualization/tests/constraints.ts:49:54)
    at Object.get (/home/logan/Documents/2021fallsau/CPTR-571/contraints-visualization/tests/constraints.ts:49:54)
    at Object.get (/home/logan/Documents/2021fallsau/CPTR-571/contraints-visualization/tests/constraints.ts:49:54)
    at Object.get (/home/logan/Documents/2021fallsau/CPTR-571/contraints-visualization/tests/constraints.ts:49:54)
    at Object.get (/home/logan/Documents/2021fallsau/CPTR-571/contraints-visualization/tests/constraints.ts:49:54)
    at Object.get (/home/logan/Documents/2021fallsau/CPTR-571/contraints-visualization/tests/constraints.ts:49:54)
    at Object.get (/home/logan/Documents/2021fallsau/CPTR-571/contraints-visualization/tests/constraints.ts:49:54)
    at Object.get (/home/logan/Documents/2021fallsau/CPTR-571/contraints-visualization/tests/constraints.ts:49:54)
    at Object.get (/home/logan/Documents/2021fallsau/CPTR-571/contraints-visualization/tests/constraints.ts:49:54)
    at Object.get (/home/logan/Documents/2021fallsau/CPTR-571/contraints-visualization/tests/constraints.ts:49:54)
    at Object.get (/home/logan/Documents/2021fallsau/CPTR-571/contraints-visualization/tests/constraints.ts:49:54)
    at Object.get (/home/logan/Documents/2021fallsau/CPTR-571/contraints-visualization/tests/constraints.ts:49:54)
    at Object.get (/home/logan/Documents/2021fallsau/CPTR-571/contraints-visualization/tests/constraints.ts:49:54)
    at Object.get (/home/logan/Documents/2021fallsau/CPTR-571/contraints-visualization/tests/constraints.ts:49:54)
    at Object.get (/home/logan/Documents/2021fallsau/CPTR-571/contraints-visualization/tests/constraints.ts:49:54)
    at Object.get (/home/logan/Documents/2021fallsau/CPTR-571/contraints-visualization/tests/constraints.ts:49:54)
    at Object.get (/home/logan/Documents/2021fallsau/CPTR-571/contraints-visualization/tests/constraints.ts:49:54)
    at Object.get (/home/logan/Documents/2021fallsau/CPTR-571/contraints-visualization/tests/constraints.ts:49:54)
    at Object.get (/home/logan/Documents/2021fallsau/CPTR-571/contraints-visualization/tests/constraints.ts:49:54)
    at Object.get (/home/logan/Documents/2021fallsau/CPTR-571/contraints-visualization/tests/constraints.ts:49:54)
    at Object.get (/home/logan/Documents/2021fallsau/CPTR-571/contraints-visualization/tests/constraints.ts:49:54)
    at Object.get (/home/logan/Documents/2021fallsau/CPTR-571/contraints-visualization/tests/constraints.ts:49:54)
    at Object.get (/home/logan/Documents/2021fallsau/CPTR-571/contraints-visualization/tests/constraints.ts:49:54)
    at Object.get (/home/logan/Documents/2021fallsau/CPTR-571/contraints-visualization/tests/constraints.ts:49:54)
    at Object.get (/home/logan/Documents/2021fallsau/CPTR-571/contraints-visualization/tests/constraints.ts:49:54)
    at Object.get (/home/logan/Documents/2021fallsau/CPTR-571/contraints-visualization/tests/constraints.ts:49:54)
    at Object.get (/home/logan/Documents/2021fallsau/CPTR-571/contraints-visualization/tests/constraints.ts:49:54)
    at Object.get (/home/logan/Documents/2021fallsau/CPTR-571/contraints-visualization/tests/constraints.ts:49:54)
    at Object.get (/home/logan/Documents/2021fallsau/CPTR-571/contraints-visualization/tests/constraints.ts:49:54)
    at Object.get (/home/logan/Documents/2021fallsau/CPTR-571/contraints-visualization/tests/constraints.ts:49:54)
    at Object.get (/home/logan/Documents/2021fallsau/CPTR-571/contraints-visualization/tests/constraints.ts:49:54)
    at Object.get (/home/logan/Documents/2021fallsau/CPTR-571/contraints-visualization/tests/constraints.ts:49:54)
    at Object.get (/home/logan/Documents/2021fallsau/CPTR-571/contraints-visualization/tests/constraints.ts:49:54)
    at Object.get (/home/logan/Documents/2021fallsau/CPTR-571/contraints-visualization/tests/constraints.ts:49:54)
    at Object.get (/home/logan/Documents/2021fallsau/CPTR-571/contraints-visualization/tests/constraints.ts:49:54)
    at Object.get (/home/logan/Documents/2021fallsau/CPTR-571/contraints-visualization/tests/constraints.ts:49:54)
    at Object.get (/home/logan/Documents/2021fallsau/CPTR-571/contraints-visualization/tests/constraints.ts:49:54)
    at Object.get (/home/logan/Documents/2021fallsau/CPTR-571/contraints-visualization/tests/constraints.ts:49:54)
    at Object.get (/home/logan/Documents/2021fallsau/CPTR-571/contraints-visualization/tests/constraints.ts:49:54)
    at Object.get (/home/logan/Documents/2021fallsau/CPTR-571/contraints-visualization/tests/constraints.ts:49:54)
    at Object.get (/home/logan/Documents/2021fallsau/CPTR-571/contraints-visualization/tests/constraints.ts:49:54)
    at Object.get (/home/logan/Documents/2021fallsau/CPTR-571/contraints-visualization/tests/constraints.ts:49:54)
    at Object.get (/home/logan/Documents/2021fallsau/CPTR-571/contraints-visualization/tests/constraints.ts:49:54)
    at Object.get (/home/logan/Documents/2021fallsau/CPTR-571/contraints-visualization/tests/constraints.ts:49:54)
    at Object.get (/home/logan/Documents/2021fallsau/CPTR-571/contraints-visualization/tests/constraints.ts:49:54)
    at Object.get (/home/logan/Documents/2021fallsau/CPTR-571/contraints-visualization/tests/constraints.ts:49:54)
    at Object.get (/home/logan/Documents/2021fallsau/CPTR-571/contraints-visualization/tests/constraints.ts:49:54)
    at Object.get (/home/logan/Documents/2021fallsau/CPTR-571/contraints-visualization/tests/constraints.ts:49:54)
    at Object.get (/home/logan/Documents/2021fallsau/CPTR-571/contraints-visualization/tests/constraints.ts:49:54)
    at Object.get (/home/logan/Documents/2021fallsau/CPTR-571/contraints-visualization/tests/constraints.ts:49:54)
    at Object.get (/home/logan/Documents/2021fallsau/CPTR-571/contraints-visualization/tests/constraints.ts:49:54)
    at Object.get (/home/logan/Documents/2021fallsau/CPTR-571/contraints-visualization/tests/constraints.ts:49:54)
    at Object.get (/home/logan/Documents/2021fallsau/CPTR-571/contraints-visualization/tests/constraints.ts:49:54)
    at Object.get (/home/logan/Documents/2021fallsau/CPTR-571/contraints-visualization/tests/constraints.ts:49:54)
    at Object.get (/home/logan/Documents/2021fallsau/CPTR-571/contraints-visualization/tests/constraints.ts:49:54)
    at Object.get (/home/logan/Documents/2021fallsau/CPTR-571/contraints-visualization/tests/constraints.ts:49:54)
    at Object.get (/home/logan/Documents/2021fallsau/CPTR-571/contraints-visualization/tests/constraints.ts:49:54)
    at Object.get (/home/logan/Documents/2021fallsau/CPTR-571/contraints-visualization/tests/constraints.ts:49:54)
    at Object.get (/home/logan/Documents/2021fallsau/CPTR-571/contraints-visualization/tests/constraints.ts:49:54)
    at Object.get (/home/logan/Documents/2021fallsau/CPTR-571/contraints-visualization/tests/constraints.ts:49:54)
    at Object.get (/home/logan/Documents/2021fallsau/CPTR-571/contraints-visualization/tests/constraints.ts:49:54)
    at Object.get (/home/logan/Documents/2021fallsau/CPTR-571/contraints-visualization/tests/constraints.ts:49:54)
    at Object.get (/home/logan/Documents/2021fallsau/CPTR-571/contraints-visualization/tests/constraints.ts:49:54)
    at Object.get (/home/logan/Documents/2021fallsau/CPTR-571/contraints-visualization/tests/constraints.ts:49:54)
    at Object.get (/home/logan/Documents/2021fallsau/CPTR-571/contraints-visualization/tests/constraints.ts:49:54)
    at Object.get (/home/logan/Documents/2021fallsau/CPTR-571/contraints-visualization/tests/constraints.ts:49:54)
    at Object.get (/home/logan/Documents/2021fallsau/CPTR-571/contraints-visualization/tests/constraints.ts:49:54)
    at Object.get (/home/logan/Documents/2021fallsau/CPTR-571/contraints-visualization/tests/constraints.ts:49:54)
    at Object.get (/home/logan/Documents/2021fallsau/CPTR-571/contraints-visualization/tests/constraints.ts:49:54)
    at Object.get (/home/logan/Documents/2021fallsau/CPTR-571/contraints-visualization/tests/constraints.ts:49:54)
    at Object.get (/home/logan/Documents/2021fallsau/CPTR-571/contraints-visualization/tests/constraints.ts:49:54)
    at Object.get (/home/logan/Documents/2021fallsau/CPTR-571/contraints-visualization/tests/constraints.ts:49:54)
    at Object.get (/home/logan/Documents/2021fallsau/CPTR-571/contraints-visualization/tests/constraints.ts:49:54)
    at Object.get (/home/logan/Documents/2021fallsau/CPTR-571/contraints-visualization/tests/constraints.ts:49:54)
    at Object.get (/home/logan/Documents/2021fallsau/CPTR-571/contraints-visualization/tests/constraints.ts:49:54)
    at Object.get (/home/logan/Documents/2021fallsau/CPTR-571/contraints-visualization/tests/constraints.ts:49:54)
    at Object.get (/home/logan/Documents/2021fallsau/CPTR-571/contraints-visualization/tests/constraints.ts:49:54)
    at Object.get (/home/logan/Documents/2021fallsau/CPTR-571/contraints-visualization/tests/constraints.ts:49:54)
    at Object.get (/home/logan/Documents/2021fallsau/CPTR-571/contraints-visualization/tests/constraints.ts:49:54)
    at Object.get (/home/logan/Documents/2021fallsau/CPTR-571/contraints-visualization/tests/constraints.ts:49:54)
    at Object.get (/home/logan/Documents/2021fallsau/CPTR-571/contraints-visualization/tests/constraints.ts:49:54)
    at Object.get (/home/logan/Documents/2021fallsau/CPTR-571/contraints-visualization/tests/constraints.ts:49:54)
    at Object.get (/home/logan/Documents/2021fallsau/CPTR-571/contraints-visualization/tests/constraints.ts:49:54)
    at Object.get (/home/logan/Documents/2021fallsau/CPTR-571/contraints-visualization/tests/constraints.ts:49:54)
    at Object.get (/home/logan/Documents/2021fallsau/CPTR-571/contraints-visualization/tests/constraints.ts:49:54)
    at Object.get (/home/logan/Documents/2021fallsau/CPTR-571/contraints-visualization/tests/constraints.ts:49:54)
    at Object.get (/home/logan/Documents/2021fallsau/CPTR-571/contraints-visualization/tests/constraints.ts:49:54)
    at Object.get (/home/logan/Documents/2021fallsau/CPTR-571/contraints-visualization/tests/constraints.ts:49:54)
    at Object.get (/home/logan/Documents/2021fallsau/CPTR-571/contraints-visualization/tests/constraints.ts:49:54)
    at Object.get (/home/logan/Documents/2021fallsau/CPTR-571/contraints-visualization/tests/constraints.ts:49:54)
    at Object.get (/home/logan/Documents/2021fallsau/CPTR-571/contraints-visualization/tests/constraints.ts:49:54)
    at Object.get (/home/logan/Documents/2021fallsau/CPTR-571/contraints-visualization/tests/constraints.ts:49:54)
    at Object.get (/home/logan/Documents/2021fallsau/CPTR-571/contraints-visualization/tests/constraints.ts:49:54)
    at Object.get (/home/logan/Documents/2021fallsau/CPTR-571/contraints-visualization/tests/constraints.ts:49:54)
    at Object.get (/home/logan/Documents/2021fallsau/CPTR-571/contraints-visualization/tests/constraints.ts:49:54)
    at Object.get (/home/logan/Documents/2021fallsau/CPTR-571/contraints-visualization/tests/constraints.ts:49:54)
    at Object.get (/home/logan/Documents/2021fallsau/CPTR-571/contraints-visualization/tests/constraints.ts:49:54)
    at Object.get (/home/logan/Documents/2021fallsau/CPTR-571/contraints-visualization/tests/constraints.ts:49:54)
    at Object.get (/home/logan/Documents/2021fallsau/CPTR-571/contraints-visualization/tests/constraints.ts:49:54)
    at Object.get (/home/logan/Documents/2021fallsau/CPTR-571/contraints-visualization/tests/constraints.ts:49:54)
    at Object.get (/home/logan/Documents/2021fallsau/CPTR-571/contraints-visualization/tests/constraints.ts:49:54)
    at Object.get (/home/logan/Documents/2021fallsau/CPTR-571/contraints-visualization/tests/constraints.ts:49:54)
    at Object.get (/home/logan/Documents/2021fallsau/CPTR-571/contraints-visualization/tests/constraints.ts:49:54)
    at Object.get (/home/logan/Documents/2021fallsau/CPTR-571/contraints-visualization/tests/constraints.ts:49:54)
    at Object.get (/home/logan/Documents/2021fallsau/CPTR-571/contraints-visualization/tests/constraints.ts:49:54)
    at Object.get (/home/logan/Documents/2021fallsau/CPTR-571/contraints-visualization/tests/constraints.ts:49:54)
    at Object.get (/home/logan/Documents/2021fallsau/CPTR-571/contraints-visualization/tests/constraints.ts:49:54)
    at Object.get (/home/logan/Documents/2021fallsau/CPTR-571/contraints-visualization/tests/constraints.ts:49:54)
    at Object.get (/home/logan/Documents/2021fallsau/CPTR-571/contraints-visualization/tests/constraints.ts:49:54)
    at Object.get (/home/logan/Documents/2021fallsau/CPTR-571/contraints-visualization/tests/constraints.ts:49:54)
    at Object.get (/home/logan/Documents/2021fallsau/CPTR-571/contraints-visualization/tests/constraints.ts:49:54)
    at Object.get (/home/logan/Documents/2021fallsau/CPTR-571/contraints-visualization/tests/constraints.ts:49:54)
    at Object.get (/home/logan/Documents/2021fallsau/CPTR-571/contraints-visualization/tests/constraints.ts:49:54)
    at Object.get (/home/logan/Documents/2021fallsau/CPTR-571/contraints-visualization/tests/constraints.ts:49:54)
    at Object.get (/home/logan/Documents/2021fallsau/CPTR-571/contraints-visualization/tests/constraints.ts:49:54)
    at Object.get (/home/logan/Documents/2021fallsau/CPTR-571/contraints-visualization/tests/constraints.ts:49:54)
    at Object.get (/home/logan/Documents/2021fallsau/CPTR-571/contraints-visualization/tests/constraints.ts:49:54)
    at Object.get (/home/logan/Documents/2021fallsau/CPTR-571/contraints-visualization/tests/constraints.ts:49:54)
    at Object.get (/home/logan/Documents/2021fallsau/CPTR-571/contraints-visualization/tests/constraints.ts:49:54)
    at Object.get (/home/logan/Documents/2021fallsau/CPTR-571/contraints-visualization/tests/constraints.ts:49:54)
    at Object.get (/home/logan/Documents/2021fallsau/CPTR-571/contraints-visualization/tests/constraints.ts:49:54)
    at Object.get (/home/logan/Documents/2021fallsau/CPTR-571/contraints-visualization/tests/constraints.ts:49:54)
    at Object.get (/home/logan/Documents/2021fallsau/CPTR-571/contraints-visualization/tests/constraints.ts:49:54)
    at Object.get (/home/logan/Documents/2021fallsau/CPTR-571/contraints-visualization/tests/constraints.ts:49:54)
    at Object.get (/home/logan/Documents/2021fallsau/CPTR-571/contraints-visualization/tests/constraints.ts:49:54)
    at Object.get (/home/logan/Documents/2021fallsau/CPTR-571/contraints-visualization/tests/constraints.ts:49:54)
    at Object.get (/home/logan/Documents/2021fallsau/CPTR-571/contraints-visualization/tests/constraints.ts:49:54)
    at Object.get (/home/logan/Documents/2021fallsau/CPTR-571/contraints-visualization/tests/constraints.ts:49:54)
    at Object.get (/home/logan/Documents/2021fallsau/CPTR-571/contraints-visualization/tests/constraints.ts:49:54)
    at Object.get (/home/logan/Documents/2021fallsau/CPTR-571/contraints-visualization/tests/constraints.ts:49:54)
    at Object.get (/home/logan/Documents/2021fallsau/CPTR-571/contraints-visualization/tests/constraints.ts:49:54)
    at Object.get (/home/logan/Documents/2021fallsau/CPTR-571/contraints-visualization/tests/constraints.ts:49:54)
    at Object.get (/home/logan/Documents/2021fallsau/CPTR-571/contraints-visualization/tests/constraints.ts:49:54)
    at Object.get (/home/logan/Documents/2021fallsau/CPTR-571/contraints-visualization/tests/constraints.ts:49:54)
    at Object.get (/home/logan/Documents/2021fallsau/CPTR-571/contraints-visualization/tests/constraints.ts:49:54)
    at Object.get (/home/logan/Documents/2021fallsau/CPTR-571/contraints-visualization/tests/constraints.ts:49:54)
    at Object.get (/home/logan/Documents/2021fallsau/CPTR-571/contraints-visualization/tests/constraints.ts:49:54)
    at Object.get (/home/logan/Documents/2021fallsau/CPTR-571/contraints-visualization/tests/constraints.ts:49:54)
    at Object.get (/home/logan/Documents/2021fallsau/CPTR-571/contraints-visualization/tests/constraints.ts:49:54)
    at Object.get (/home/logan/Documents/2021fallsau/CPTR-571/contraints-visualization/tests/constraints.ts:49:54)
    at Object.get (/home/logan/Documents/2021fallsau/CPTR-571/contraints-visualization/tests/constraints.ts:49:54)
    at Object.get (/home/logan/Documents/2021fallsau/CPTR-571/contraints-visualization/tests/constraints.ts:49:54)
    at Object.get (/home/logan/Documents/2021fallsau/CPTR-571/contraints-visualization/tests/constraints.ts:49:54)
    at Object.get (/home/logan/Documents/2021fallsau/CPTR-571/contraints-visualization/tests/constraints.ts:49:54)
    at Object.get (/home/logan/Documents/2021fallsau/CPTR-571/contraints-visualization/tests/constraints.ts:49:54)
    at Object.get (/home/logan/Documents/2021fallsau/CPTR-571/contraints-visualization/tests/constraints.ts:49:54)
    at Object.get (/home/logan/Documents/2021fallsau/CPTR-571/contraints-visualization/tests/constraints.ts:49:54)
    at Object.get (/home/logan/Documents/2021fallsau/CPTR-571/contraints-visualization/tests/constraints.ts:49:54)
    at Object.get (/home/logan/Documents/2021fallsau/CPTR-571/contraints-visualization/tests/constraints.ts:49:54)
    at Object.get (/home/logan/Documents/2021fallsau/CPTR-571/contraints-visualization/tests/constraints.ts:49:54)
    at Object.get (/home/logan/Documents/2021fallsau/CPTR-571/contraints-visualization/tests/constraints.ts:49:54)
    at Object.get (/home/logan/Documents/2021fallsau/CPTR-571/contraints-visualization/tests/constraints.ts:49:54)
    at Object.get (/home/logan/Documents/2021fallsau/CPTR-571/contraints-visualization/tests/constraints.ts:49:54)
    at Object.get (/home/logan/Documents/2021fallsau/CPTR-571/contraints-visualization/tests/constraints.ts:49:54)
    at Object.get (/home/logan/Documents/2021fallsau/CPTR-571/contraints-visualization/tests/constraints.ts:49:54)
    at Object.get (/home/logan/Documents/2021fallsau/CPTR-571/contraints-visualization/tests/constraints.ts:49:54)
    at Object.get (/home/logan/Documents/2021fallsau/CPTR-571/contraints-visualization/tests/constraints.ts:49:54)
    at Object.get (/home/logan/Documents/2021fallsau/CPTR-571/contraints-visualization/tests/constraints.ts:49:54)
    at Object.get (/home/logan/Documents/2021fallsau/CPTR-571/contraints-visualization/tests/constraints.ts:49:54)
    at Object.get (/home/logan/Documents/2021fallsau/CPTR-571/contraints-visualization/tests/constraints.ts:49:54)
    at Object.get (/home/logan/Documents/2021fallsau/CPTR-571/contraints-visualization/tests/constraints.ts:49:54)
    at Object.get (/home/logan/Documents/2021fallsau/CPTR-571/contraints-visualization/tests/constraints.ts:49:54)
    at Object.get (/home/logan/Documents/2021fallsau/CPTR-571/contraints-visualization/tests/constraints.ts:49:54)
    at Object.get (/home/logan/Documents/2021fallsau/CPTR-571/contraints-visualization/tests/constraints.ts:49:54)
    at Object.get (/home/logan/Documents/2021fallsau/CPTR-571/contraints-visualization/tests/constraints.ts:49:54)
    at Object.get (/home/logan/Documents/2021fallsau/CPTR-571/contraints-visualization/tests/constraints.ts:49:54)
    at Object.get (/home/logan/Documents/2021fallsau/CPTR-571/contraints-visualization/tests/constraints.ts:49:54)
    at Object.get (/home/logan/Documents/2021fallsau/CPTR-571/contraints-visualization/tests/constraints.ts:49:54)
    at Object.get (/home/logan/Documents/2021fallsau/CPTR-571/contraints-visualization/tests/constraints.ts:49:54)
    at Object.get (/home/logan/Documents/2021fallsau/CPTR-571/contraints-visualization/tests/constraints.ts:49:54)
    at Object.get (/home/logan/Documents/2021fallsau/CPTR-571/contraints-visualization/tests/constraints.ts:49:54)
    at Object.get (/home/logan/Documents/2021fallsau/CPTR-571/contraints-visualization/tests/constraints.ts:49:54)
    at Object.get (/home/logan/Documents/2021fallsau/CPTR-571/contraints-visualization/tests/constraints.ts:49:54)
    at Object.get (/home/logan/Documents/2021fallsau/CPTR-571/contraints-visualization/tests/constraints.ts:49:54)
    at Object.get (/home/logan/Documents/2021fallsau/CPTR-571/contraints-visualization/tests/constraints.ts:49:54)
    at Object.get (/home/logan/Documents/2021fallsau/CPTR-571/contraints-visualization/tests/constraints.ts:49:54)
    at Object.get (/home/logan/Documents/2021fallsau/CPTR-571/contraints-visualization/tests/constraints.ts:49:54)
    at Object.get (/home/logan/Documents/2021fallsau/CPTR-571/contraints-visualization/tests/constraints.ts:49:54)
    at Object.get (/home/logan/Documents/2021fallsau/CPTR-571/contraints-visualization/tests/constraints.ts:49:54)
    at Object.get (/home/logan/Documents/2021fallsau/CPTR-571/contraints-visualization/tests/constraints.ts:49:54)
    at Object.get (/home/logan/Documents/2021fallsau/CPTR-571/contraints-visualization/tests/constraints.ts:49:54)
    at Object.get (/home/logan/Documents/2021fallsau/CPTR-571/contraints-visualization/tests/constraints.ts:49:54)
    at Object.get (/home/logan/Documents/2021fallsau/CPTR-571/contraints-visualization/tests/constraints.ts:49:54)
    at Object.get (/home/logan/Documents/2021fallsau/CPTR-571/contraints-visualization/tests/constraints.ts:49:54)
    at Object.get (/home/logan/Documents/2021fallsau/CPTR-571/contraints-visualization/tests/constraints.ts:49:54)
    at Object.get (/home/logan/Documents/2021fallsau/CPTR-571/contraints-visualization/tests/constraints.ts:49:54)
    at Object.get (/home/logan/Documents/2021fallsau/CPTR-571/contraints-visualization/tests/constraints.ts:49:54)
    at Object.get (/home/logan/Documents/2021fallsau/CPTR-571/contraints-visualization/tests/constraints.ts:49:54)
    at Object.get (/home/logan/Documents/2021fallsau/CPTR-571/contraints-visualization/tests/constraints.ts:49:54)
    at Object.get (/home/logan/Documents/2021fallsau/CPTR-571/contraints-visualization/tests/constraints.ts:49:54)
    at Object.get (/home/logan/Documents/2021fallsau/CPTR-571/contraints-visualization/tests/constraints.ts:49:54)
    at Object.get (/home/logan/Documents/2021fallsau/CPTR-571/contraints-visualization/tests/constraints.ts:49:54)
    at Object.get (/home/logan/Documents/2021fallsau/CPTR-571/contraints-visualization/tests/constraints.ts:49:54)
    at Object.get (/home/logan/Documents/2021fallsau/CPTR-571/contraints-visualization/tests/constraints.ts:49:54)
    at Object.get (/home/logan/Documents/2021fallsau/CPTR-571/contraints-visualization/tests/constraints.ts:49:54)
    at Object.get (/home/logan/Documents/2021fallsau/CPTR-571/contraints-visualization/tests/constraints.ts:49:54)
    at Object.get (/home/logan/Documents/2021fallsau/CPTR-571/contraints-visualization/tests/constraints.ts:49:54)
    at Object.get (/home/logan/Documents/2021fallsau/CPTR-571/contraints-visualization/tests/constraints.ts:49:54)
    at Object.get (/home/logan/Documents/2021fallsau/CPTR-571/contraints-visualization/tests/constraints.ts:49:54)
    at Object.get (/home/logan/Documents/2021fallsau/CPTR-571/contraints-visualization/tests/constraints.ts:49:54)
    at Object.get (/home/logan/Documents/2021fallsau/CPTR-571/contraints-visualization/tests/constraints.ts:49:54)
    at Object.get (/home/logan/Documents/2021fallsau/CPTR-571/contraints-visualization/tests/constraints.ts:49:54)
    at Object.get (/home/logan/Documents/2021fallsau/CPTR-571/contraints-visualization/tests/constraints.ts:49:54)
    at Object.get (/home/logan/Documents/2021fallsau/CPTR-571/contraints-visualization/tests/constraints.ts:49:54)
    at Object.get (/home/logan/Documents/2021fallsau/CPTR-571/contraints-visualization/tests/constraints.ts:49:54)
    at Object.get (/home/logan/Documents/2021fallsau/CPTR-571/contraints-visualization/tests/constraints.ts:49:54)
    at Object.get (/home/logan/Documents/2021fallsau/CPTR-571/contraints-visualization/tests/constraints.ts:49:54)
    at Object.get (/home/logan/Documents/2021fallsau/CPTR-571/contraints-visualization/tests/constraints.ts:49:54)
    at Object.get (/home/logan/Documents/2021fallsau/CPTR-571/contraints-visualization/tests/constraints.ts:49:54)
    at Object.get (/home/logan/Documents/2021fallsau/CPTR-571/contraints-visualization/tests/constraints.ts:49:54)
    at Object.get (/home/logan/Documents/2021fallsau/CPTR-571/contraints-visualization/tests/constraints.ts:49:54)
    at Object.get (/home/logan/Documents/2021fallsau/CPTR-571/contraints-visualization/tests/constraints.ts:49:54)
    at Object.get (/home/logan/Documents/2021fallsau/CPTR-571/contraints-visualization/tests/constraints.ts:49:54)
    at Object.get (/home/logan/Documents/2021fallsau/CPTR-571/contraints-visualization/tests/constraints.ts:49:54)
    at Object.get (/home/logan/Documents/2021fallsau/CPTR-571/contraints-visualization/tests/constraints.ts:49:54)
    at Object.get (/home/logan/Documents/2021fallsau/CPTR-571/contraints-visualization/tests/constraints.ts:49:54)
    at Object.get (/home/logan/Documents/2021fallsau/CPTR-571/contraints-visualization/tests/constraints.ts:49:54)
    at Object.get (/home/logan/Documents/2021fallsau/CPTR-571/contraints-visualization/tests/constraints.ts:49:54)
    at Object.get (/home/logan/Documents/2021fallsau/CPTR-571/contraints-visualization/tests/constraints.ts:49:54)
    at Object.get (/home/logan/Documents/2021fallsau/CPTR-571/contraints-visualization/tests/constraints.ts:49:54)
    at Object.get (/home/logan/Documents/2021fallsau/CPTR-571/contraints-visualization/tests/constraints.ts:49:54)
    at Object.get (/home/logan/Documents/2021fallsau/CPTR-571/contraints-visualization/tests/constraints.ts:49:54)
    at Object.get (/home/logan/Documents/2021fallsau/CPTR-571/contraints-visualization/tests/constraints.ts:49:54)
    at Object.get (/home/logan/Documents/2021fallsau/CPTR-571/contraints-visualization/tests/constraints.ts:49:54)
    at Object.get (/home/logan/Documents/2021fallsau/CPTR-571/contraints-visualization/tests/constraints.ts:49:54)
    at Object.get (/home/logan/Documents/2021fallsau/CPTR-571/contraints-visualization/tests/constraints.ts:49:54)
    at Object.get (/home/logan/Documents/2021fallsau/CPTR-571/contraints-visualization/tests/constraints.ts:49:54)
    at Object.get (/home/logan/Documents/2021fallsau/CPTR-571/contraints-visualization/tests/constraints.ts:49:54)
    at Object.get (/home/logan/Documents/2021fallsau/CPTR-571/contraints-visualization/tests/constraints.ts:49:54)
    at Object.get (/home/logan/Documents/2021fallsau/CPTR-571/contraints-visualization/tests/constraints.ts:49:54)
    at Object.get (/home/logan/Documents/2021fallsau/CPTR-571/contraints-visualization/tests/constraints.ts:49:54)
    at Object.get (/home/logan/Documents/2021fallsau/CPTR-571/contraints-visualization/tests/constraints.ts:49:54)
    at Object.get (/home/logan/Documents/2021fallsau/CPTR-571/contraints-visualization/tests/constraints.ts:49:54)
    at Object.get (/home/logan/Documents/2021fallsau/CPTR-571/contraints-visualization/tests/constraints.ts:49:54)
    at Object.get (/home/logan/Documents/2021fallsau/CPTR-571/contraints-visualization/tests/constraints.ts:49:54)
    at Object.get (/home/logan/Documents/2021fallsau/CPTR-571/contraints-visualization/tests/constraints.ts:49:54)
    at Object.get (/home/logan/Documents/2021fallsau/CPTR-571/contraints-visualization/tests/constraints.ts:49:54)
    at Object.get (/home/logan/Documents/2021fallsau/CPTR-571/contraints-visualization/tests/constraints.ts:49:54)
    at Object.get (/home/logan/Documents/2021fallsau/CPTR-571/contraints-visualization/tests/constraints.ts:49:54)
    at Object.get (/home/logan/Documents/2021fallsau/CPTR-571/contraints-visualization/tests/constraints.ts:49:54)
    at Object.get (/home/logan/Documents/2021fallsau/CPTR-571/contraints-visualization/tests/constraints.ts:49:54)
    at Object.get (/home/logan/Documents/2021fallsau/CPTR-571/contraints-visualization/tests/constraints.ts:49:54)
    at Object.get (/home/logan/Documents/2021fallsau/CPTR-571/contraints-visualization/tests/constraints.ts:49:54)
    at Object.get (/home/logan/Documents/2021fallsau/CPTR-571/contraints-visualization/tests/constraints.ts:49:54)
    at Object.get (/home/logan/Documents/2021fallsau/CPTR-571/contraints-visualization/tests/constraints.ts:49:54)
    at Object.get (/home/logan/Documents/2021fallsau/CPTR-571/contraints-visualization/tests/constraints.ts:49:54)
    at Object.get (/home/logan/Documents/2021fallsau/CPTR-571/contraints-visualization/tests/constraints.ts:49:54)
    at Object.get (/home/logan/Documents/2021fallsau/CPTR-571/contraints-visualization/tests/constraints.ts:49:54)
    at Object.get (/home/logan/Documents/2021fallsau/CPTR-571/contraints-visualization/tests/constraints.ts:49:54)
    at Object.get (/home/logan/Documents/2021fallsau/CPTR-571/contraints-visualization/tests/constraints.ts:49:54)
    at Object.get (/home/logan/Documents/2021fallsau/CPTR-571/contraints-visualization/tests/constraints.ts:49:54)
    at Object.get (/home/logan/Documents/2021fallsau/CPTR-571/contraints-visualization/tests/constraints.ts:49:54)
    at Object.get (/home/logan/Documents/2021fallsau/CPTR-571/contraints-visualization/tests/constraints.ts:49:54)
    at Object.get (/home/logan/Documents/2021fallsau/CPTR-571/contraints-visualization/tests/constraints.ts:49:54)
    at Object.get (/home/logan/Documents/2021fallsau/CPTR-571/contraints-visualization/tests/constraints.ts:49:54)
    at Object.get (/home/logan/Documents/2021fallsau/CPTR-571/contraints-visualization/tests/constraints.ts:49:54)
    at Object.get (/home/logan/Documents/2021fallsau/CPTR-571/contraints-visualization/tests/constraints.ts:49:54)
    at Object.get (/home/logan/Documents/2021fallsau/CPTR-571/contraints-visualization/tests/constraints.ts:49:54)
    at Object.get (/home/logan/Documents/2021fallsau/CPTR-571/contraints-visualization/tests/constraints.ts:49:54)
    at Object.get (/home/logan/Documents/2021fallsau/CPTR-571/contraints-visualization/tests/constraints.ts:49:54)
    at Object.get (/home/logan/Documents/2021fallsau/CPTR-571/contraints-visualization/tests/constraints.ts:49:54)
    at Object.get (/home/logan/Documents/2021fallsau/CPTR-571/contraints-visualization/tests/constraints.ts:49:54)
    at Object.get (/home/logan/Documents/2021fallsau/CPTR-571/contraints-visualization/tests/constraints.ts:49:54)
    at Object.get (/home/logan/Documents/2021fallsau/CPTR-571/contraints-visualization/tests/constraints.ts:49:54)
    at Object.get (/home/logan/Documents/2021fallsau/CPTR-571/contraints-visualization/tests/constraints.ts:49:54)
    at Object.get (/home/logan/Documents/2021fallsau/CPTR-571/contraints-visualization/tests/constraints.ts:49:54)
    at Object.get (/home/logan/Documents/2021fallsau/CPTR-571/contraints-visualization/tests/constraints.ts:49:54)
    at Object.get (/home/logan/Documents/2021fallsau/CPTR-571/contraints-visualization/tests/constraints.ts:49:54)
    at Object.get (/home/logan/Documents/2021fallsau/CPTR-571/contraints-visualization/tests/constraints.ts:49:54)
    at Object.get (/home/logan/Documents/2021fallsau/CPTR-571/contraints-visualization/tests/constraints.ts:49:54)
    at Object.get (/home/logan/Documents/2021fallsau/CPTR-571/contraints-visualization/tests/constraints.ts:49:54)
    at Object.get (/home/logan/Documents/2021fallsau/CPTR-571/contraints-visualization/tests/constraints.ts:49:54)
    at Object.get (/home/logan/Documents/2021fallsau/CPTR-571/contraints-visualization/tests/constraints.ts:49:54)
    at Object.get (/home/logan/Documents/2021fallsau/CPTR-571/contraints-visualization/tests/constraints.ts:49:54)
    at Object.get (/home/logan/Documents/2021fallsau/CPTR-571/contraints-visualization/tests/constraints.ts:49:54)
    at Object.get (/home/logan/Documents/2021fallsau/CPTR-571/contraints-visualization/tests/constraints.ts:49:54)
    at Object.get (/home/logan/Documents/2021fallsau/CPTR-571/contraints-visualization/tests/constraints.ts:49:54)
    at Object.get (/home/logan/Documents/2021fallsau/CPTR-571/contraints-visualization/tests/constraints.ts:49:54)
    at Object.get (/home/logan/Documents/2021fallsau/CPTR-571/contraints-visualization/tests/constraints.ts:49:54)
    at Object.get (/home/logan/Documents/2021fallsau/CPTR-571/contraints-visualization/tests/constraints.ts:49:54)
    at Object.get (/home/logan/Documents/2021fallsau/CPTR-571/contraints-visualization/tests/constraints.ts:49:54)
    at Object.get (/home/logan/Documents/2021fallsau/CPTR-571/contraints-visualization/tests/constraints.ts:49:54)
    at Object.get (/home/logan/Documents/2021fallsau/CPTR-571/contraints-visualization/tests/constraints.ts:49:54)
    at Object.get (/home/logan/Documents/2021fallsau/CPTR-571/contraints-visualization/tests/constraints.ts:49:54)
    at Object.get (/home/logan/Documents/2021fallsau/CPTR-571/contraints-visualization/tests/constraints.ts:49:54)
    at Object.get (/home/logan/Documents/2021fallsau/CPTR-571/contraints-visualization/tests/constraints.ts:49:54)
    at Object.get (/home/logan/Documents/2021fallsau/CPTR-571/contraints-visualization/tests/constraints.ts:49:54)
    at Object.get (/home/logan/Documents/2021fallsau/CPTR-571/contraints-visualization/tests/constraints.ts:49:54)
    at Object.get (/home/logan/Documents/2021fallsau/CPTR-571/contraints-visualization/tests/constraints.ts:49:54)
    at Object.get (/home/logan/Documents/2021fallsau/CPTR-571/contraints-visualization/tests/constraints.ts:49:54)
    at Object.get (/home/logan/Documents/2021fallsau/CPTR-571/contraints-visualization/tests/constraints.ts:49:54)
    at Object.get (/home/logan/Documents/2021fallsau/CPTR-571/contraints-visualization/tests/constraints.ts:49:54)
    at Object.get (/home/logan/Documents/2021fallsau/CPTR-571/contraints-visualization/tests/constraints.ts:49:54)
    at Object.get (/home/logan/Documents/2021fallsau/CPTR-571/contraints-visualization/tests/constraints.ts:49:54)
    at Object.get (/home/logan/Documents/2021fallsau/CPTR-571/contraints-visualization/tests/constraints.ts:49:54)
    at Object.get (/home/logan/Documents/2021fallsau/CPTR-571/contraints-visualization/tests/constraints.ts:49:54)
    at Object.get (/home/logan/Documents/2021fallsau/CPTR-571/contraints-visualization/tests/constraints.ts:49:54)
    at Object.get (/home/logan/Documents/2021fallsau/CPTR-571/contraints-visualization/tests/constraints.ts:49:54)
    at Object.get (/home/logan/Documents/2021fallsau/CPTR-571/contraints-visualization/tests/constraints.ts:49:54)
    at Object.get (/home/logan/Documents/2021fallsau/CPTR-571/contraints-visualization/tests/constraints.ts:49:54)
    at Object.get (/home/logan/Documents/2021fallsau/CPTR-571/contraints-visualization/tests/constraints.ts:49:54)
    at Object.get (/home/logan/Documents/2021fallsau/CPTR-571/contraints-visualization/tests/constraints.ts:49:54)
    at Object.get (/home/logan/Documents/2021fallsau/CPTR-571/contraints-visualization/tests/constraints.ts:49:54)
    at Object.get (/home/logan/Documents/2021fallsau/CPTR-571/contraints-visualization/tests/constraints.ts:49:54)
    at Object.get (/home/logan/Documents/2021fallsau/CPTR-571/contraints-visualization/tests/constraints.ts:49:54)
    at Object.get (/home/logan/Documents/2021fallsau/CPTR-571/contraints-visualization/tests/constraints.ts:49:54)
    at Object.get (/home/logan/Documents/2021fallsau/CPTR-571/contraints-visualization/tests/constraints.ts:49:54)
    at Object.get (/home/logan/Documents/2021fallsau/CPTR-571/contraints-visualization/tests/constraints.ts:49:54)
    at Object.get (/home/logan/Documents/2021fallsau/CPTR-571/contraints-visualization/tests/constraints.ts:49:54)
    at Object.get (/home/logan/Documents/2021fallsau/CPTR-571/contraints-visualization/tests/constraints.ts:49:54)
    at Object.get (/home/logan/Documents/2021fallsau/CPTR-571/contraints-visualization/tests/constraints.ts:49:54)
    at Object.get (/home/logan/Documents/2021fallsau/CPTR-571/contraints-visualization/tests/constraints.ts:49:54)
    at Object.get (/home/logan/Documents/2021fallsau/CPTR-571/contraints-visualization/tests/constraints.ts:49:54)
    at Object.get (/home/logan/Documents/2021fallsau/CPTR-571/contraints-visualization/tests/constraints.ts:49:54)
    at Object.get (/home/logan/Documents/2021fallsau/CPTR-571/contraints-visualization/tests/constraints.ts:49:54)
    at Object.get (/home/logan/Documents/2021fallsau/CPTR-571/contraints-visualization/tests/constraints.ts:49:54)
    at Object.get (/home/logan/Documents/2021fallsau/CPTR-571/contraints-visualization/tests/constraints.ts:49:54)
    at Object.get (/home/logan/Documents/2021fallsau/CPTR-571/contraints-visualization/tests/constraints.ts:49:54)
    at Object.get (/home/logan/Documents/2021fallsau/CPTR-571/contraints-visualization/tests/constraints.ts:49:54)
    at Object.get (/home/logan/Documents/2021fallsau/CPTR-571/contraints-visualization/tests/constraints.ts:49:54)
    at Object.get (/home/logan/Documents/2021fallsau/CPTR-571/contraints-visualization/tests/constraints.ts:49:54)
    at Object.get (/home/logan/Documents/2021fallsau/CPTR-571/contraints-visualization/tests/constraints.ts:49:54)
    at Object.get (/home/logan/Documents/2021fallsau/CPTR-571/contraints-visualization/tests/constraints.ts:49:54)
    at Object.get (/home/logan/Documents/2021fallsau/CPTR-571/contraints-visualization/tests/constraints.ts:49:54)
    at Object.get (/home/logan/Documents/2021fallsau/CPTR-571/contraints-visualization/tests/constraints.ts:49:54)
    at Object.get (/home/logan/Documents/2021fallsau/CPTR-571/contraints-visualization/tests/constraints.ts:49:54)
    at Object.get (/home/logan/Documents/2021fallsau/CPTR-571/contraints-visualization/tests/constraints.ts:49:54)
    at Object.get (/home/logan/Documents/2021fallsau/CPTR-571/contraints-visualization/tests/constraints.ts:49:54)
    at Object.get (/home/logan/Documents/2021fallsau/CPTR-571/contraints-visualization/tests/constraints.ts:49:54)
    at Object.get (/home/logan/Documents/2021fallsau/CPTR-571/contraints-visualization/tests/constraints.ts:49:54)
    at Object.get (/home/logan/Documents/2021fallsau/CPTR-571/contraints-visualization/tests/constraints.ts:49:54)
    at Object.get (/home/logan/Documents/2021fallsau/CPTR-571/contraints-visualization/tests/constraints.ts:49:54)
    at Object.get (/home/logan/Documents/2021fallsau/CPTR-571/contraints-visualization/tests/constraints.ts:49:54)
    at Object.get (/home/logan/Documents/2021fallsau/CPTR-571/contraints-visualization/tests/constraints.ts:49:54)
    at Object.get (/home/logan/Documents/2021fallsau/CPTR-571/contraints-visualization/tests/constraints.ts:49:54)
    at Object.get (/home/logan/Documents/2021fallsau/CPTR-571/contraints-visualization/tests/constraints.ts:49:54)
    at Object.get (/home/logan/Documents/2021fallsau/CPTR-571/contraints-visualization/tests/constraints.ts:49:54)
    at Object.get (/home/logan/Documents/2021fallsau/CPTR-571/contraints-visualization/tests/constraints.ts:49:54)
    at Object.get (/home/logan/Documents/2021fallsau/CPTR-571/contraints-visualization/tests/constraints.ts:49:54)
    at Object.get (/home/logan/Documents/2021fallsau/CPTR-571/contraints-visualization/tests/constraints.ts:49:54)
    at Object.get (/home/logan/Documents/2021fallsau/CPTR-571/contraints-visualization/tests/constraints.ts:49:54)
    at Object.get (/home/logan/Documents/2021fallsau/CPTR-571/contraints-visualization/tests/constraints.ts:49:54)
    at Object.get (/home/logan/Documents/2021fallsau/CPTR-571/contraints-visualization/tests/constraints.ts:49:54)
    at Object.get (/home/logan/Documents/2021fallsau/CPTR-571/contraints-visualization/tests/constraints.ts:49:54)
    at Object.get (/home/logan/Documents/2021fallsau/CPTR-571/contraints-visualization/tests/constraints.ts:49:54)
    at Object.get (/home/logan/Documents/2021fallsau/CPTR-571/contraints-visualization/tests/constraints.ts:49:54)
    at Object.get (/home/logan/Documents/2021fallsau/CPTR-571/contraints-visualization/tests/constraints.ts:49:54)
    at Object.get (/home/logan/Documents/2021fallsau/CPTR-571/contraints-visualization/tests/constraints.ts:49:54)
    at Object.get (/home/logan/Documents/2021fallsau/CPTR-571/contraints-visualization/tests/constraints.ts:49:54)
    at Object.get (/home/logan/Documents/2021fallsau/CPTR-571/contraints-visualization/tests/constraints.ts:49:54)
    at Object.get (/home/logan/Documents/2021fallsau/CPTR-571/contraints-visualization/tests/constraints.ts:49:54)
    at Object.get (/home/logan/Documents/2021fallsau/CPTR-571/contraints-visualization/tests/constraints.ts:49:54)
    at Object.get (/home/logan/Documents/2021fallsau/CPTR-571/contraints-visualization/tests/constraints.ts:49:54)
    at Object.get (/home/logan/Documents/2021fallsau/CPTR-571/contraints-visualization/tests/constraints.ts:49:54)
    at Object.get (/home/logan/Documents/2021fallsau/CPTR-571/contraints-visualization/tests/constraints.ts:49:54)
    at Object.get (/home/logan/Documents/2021fallsau/CPTR-571/contraints-visualization/tests/constraints.ts:49:54)
    at Object.get (/home/logan/Documents/2021fallsau/CPTR-571/contraints-visualization/tests/constraints.ts:49:54)
    at Object.get (/home/logan/Documents/2021fallsau/CPTR-571/contraints-visualization/tests/constraints.ts:49:54)
    at Object.get (/home/logan/Documents/2021fallsau/CPTR-571/contraints-visualization/tests/constraints.ts:49:54)
    at Object.get (/home/logan/Documents/2021fallsau/CPTR-571/contraints-visualization/tests/constraints.ts:49:54)
    at Object.get (/home/logan/Documents/2021fallsau/CPTR-571/contraints-visualization/tests/constraints.ts:49:54)
    at Object.get (/home/logan/Documents/2021fallsau/CPTR-571/contraints-visualization/tests/constraints.ts:49:54)
    at Object.get (/home/logan/Documents/2021fallsau/CPTR-571/contraints-visualization/tests/constraints.ts:49:54)
    at Object.get (/home/logan/Documents/2021fallsau/CPTR-571/contraints-visualization/tests/constraints.ts:49:54)
    at Object.get (/home/logan/Documents/2021fallsau/CPTR-571/contraints-visualization/tests/constraints.ts:49:54)
    at Object.get (/home/logan/Documents/2021fallsau/CPTR-571/contraints-visualization/tests/constraints.ts:49:54)
    at Object.get (/home/logan/Documents/2021fallsau/CPTR-571/contraints-visualization/tests/constraints.ts:49:54)
    at Object.get (/home/logan/Documents/2021fallsau/CPTR-571/contraints-visualization/tests/constraints.ts:49:54)
    at Object.get (/home/logan/Documents/2021fallsau/CPTR-571/contraints-visualization/tests/constraints.ts:49:54)
    at Object.get (/home/logan/Documents/2021fallsau/CPTR-571/contraints-visualization/tests/constraints.ts:49:54)
    at Object.get (/home/logan/Documents/2021fallsau/CPTR-571/contraints-visualization/tests/constraints.ts:49:54)
    at Object.get (/home/logan/Documents/2021fallsau/CPTR-571/contraints-visualization/tests/constraints.ts:49:54)
    at Object.get (/home/logan/Documents/2021fallsau/CPTR-571/contraints-visualization/tests/constraints.ts:49:54)
    at Object.get (/home/logan/Documents/2021fallsau/CPTR-571/contraints-visualization/tests/constraints.ts:49:54)
    at Object.get (/home/logan/Documents/2021fallsau/CPTR-571/contraints-visualization/tests/constraints.ts:49:54)
    at Object.get (/home/logan/Documents/2021fallsau/CPTR-571/contraints-visualization/tests/constraints.ts:49:54)
    at Object.get (/home/logan/Documents/2021fallsau/CPTR-571/contraints-visualization/tests/constraints.ts:49:54)
    at Object.get (/home/logan/Documents/2021fallsau/CPTR-571/contraints-visualization/tests/constraints.ts:49:54)
    at Object.get (/home/logan/Documents/2021fallsau/CPTR-571/contraints-visualization/tests/constraints.ts:49:54)
    at Object.get (/home/logan/Documents/2021fallsau/CPTR-571/contraints-visualization/tests/constraints.ts:49:54)
    at Object.get (/home/logan/Documents/2021fallsau/CPTR-571/contraints-visualization/tests/constraints.ts:49:54)
    at Object.get (/home/logan/Documents/2021fallsau/CPTR-571/contraints-visualization/tests/constraints.ts:49:54)
    at Object.get (/home/logan/Documents/2021fallsau/CPTR-571/contraints-visualization/tests/constraints.ts:49:54)
    at Object.get (/home/logan/Documents/2021fallsau/CPTR-571/contraints-visualization/tests/constraints.ts:49:54)
    at Object.get (/home/logan/Documents/2021fallsau/CPTR-571/contraints-visualization/tests/constraints.ts:49:54)
    at Object.get (/home/logan/Documents/2021fallsau/CPTR-571/contraints-visualization/tests/constraints.ts:49:54)
    at Object.get (/home/logan/Documents/2021fallsau/CPTR-571/contraints-visualization/tests/constraints.ts:49:54)
    at Object.get (/home/logan/Documents/2021fallsau/CPTR-571/contraints-visualization/tests/constraints.ts:49:54)
    at Object.get (/home/logan/Documents/2021fallsau/CPTR-571/contraints-visualization/tests/constraints.ts:49:54)
    at Object.get (/home/logan/Documents/2021fallsau/CPTR-571/contraints-visualization/tests/constraints.ts:49:54)
    at Object.get (/home/logan/Documents/2021fallsau/CPTR-571/contraints-visualization/tests/constraints.ts:49:54)
    at Object.get (/home/logan/Documents/2021fallsau/CPTR-571/contraints-visualization/tests/constraints.ts:49:54)
    at Object.get (/home/logan/Documents/2021fallsau/CPTR-571/contraints-visualization/tests/constraints.ts:49:54)
    at Object.get (/home/logan/Documents/2021fallsau/CPTR-571/contraints-visualization/tests/constraints.ts:49:54)
    at Object.get (/home/logan/Documents/2021fallsau/CPTR-571/contraints-visualization/tests/constraints.ts:49:54)
    at Object.get (/home/logan/Documents/2021fallsau/CPTR-571/contraints-visualization/tests/constraints.ts:49:54)
    at Object.get (/home/logan/Documents/2021fallsau/CPTR-571/contraints-visualization/tests/constraints.ts:49:54)
    at Object.get (/home/logan/Documents/2021fallsau/CPTR-571/contraints-visualization/tests/constraints.ts:49:54)
    at Object.get (/home/logan/Documents/2021fallsau/CPTR-571/contraints-visualization/tests/constraints.ts:49:54)
    at Object.get (/home/logan/Documents/2021fallsau/CPTR-571/contraints-visualization/tests/constraints.ts:49:54)
    at Object.get (/home/logan/Documents/2021fallsau/CPTR-571/contraints-visualization/tests/constraints.ts:49:54)
    at Object.get (/home/logan/Documents/2021fallsau/CPTR-571/contraints-visualization/tests/constraints.ts:49:54)
    at Object.get (/home/logan/Documents/2021fallsau/CPTR-571/contraints-visualization/tests/constraints.ts:49:54)
    at Object.get (/home/logan/Documents/2021fallsau/CPTR-571/contraints-visualization/tests/constraints.ts:49:54)
    at Object.get (/home/logan/Documents/2021fallsau/CPTR-571/contraints-visualization/tests/constraints.ts:49:54)
    at Object.get (/home/logan/Documents/2021fallsau/CPTR-571/contraints-visualization/tests/constraints.ts:49:54)
    at Object.get (/home/logan/Documents/2021fallsau/CPTR-571/contraints-visualization/tests/constraints.ts:49:54)
    at Object.get (/home/logan/Documents/2021fallsau/CPTR-571/contraints-visualization/tests/constraints.ts:49:54)
    at Object.get (/home/logan/Documents/2021fallsau/CPTR-571/contraints-visualization/tests/constraints.ts:49:54)
    at Object.get (/home/logan/Documents/2021fallsau/CPTR-571/contraints-visualization/tests/constraints.ts:49:54)
    at Object.get (/home/logan/Documents/2021fallsau/CPTR-571/contraints-visualization/tests/constraints.ts:49:54)
    at Object.get (/home/logan/Documents/2021fallsau/CPTR-571/contraints-visualization/tests/constraints.ts:49:54)
    at Object.get (/home/logan/Documents/2021fallsau/CPTR-571/contraints-visualization/tests/constraints.ts:49:54)
    at Object.get (/home/logan/Documents/2021fallsau/CPTR-571/contraints-visualization/tests/constraints.ts:49:54)
    at Object.get (/home/logan/Documents/2021fallsau/CPTR-571/contraints-visualization/tests/constraints.ts:49:54)
    at Object.get (/home/logan/Documents/2021fallsau/CPTR-571/contraints-visualization/tests/constraints.ts:49:54)
    at Object.get (/home/logan/Documents/2021fallsau/CPTR-571/contraints-visualization/tests/constraints.ts:49:54)
    at Object.get (/home/logan/Documents/2021fallsau/CPTR-571/contraints-visualization/tests/constraints.ts:49:54)
    at Object.get (/home/logan/Documents/2021fallsau/CPTR-571/contraints-visualization/tests/constraints.ts:49:54)
    at Object.get (/home/logan/Documents/2021fallsau/CPTR-571/contraints-visualization/tests/constraints.ts:49:54)
    at Object.get (/home/logan/Documents/2021fallsau/CPTR-571/contraints-visualization/tests/constraints.ts:49:54)
    at Object.get (/home/logan/Documents/2021fallsau/CPTR-571/contraints-visualization/tests/constraints.ts:49:54)
    at Object.get (/home/logan/Documents/2021fallsau/CPTR-571/contraints-visualization/tests/constraints.ts:49:54)
    at Object.get (/home/logan/Documents/2021fallsau/CPTR-571/contraints-visualization/tests/constraints.ts:49:54)
    at Object.get (/home/logan/Documents/2021fallsau/CPTR-571/contraints-visualization/tests/constraints.ts:49:54)
    at Object.get (/home/logan/Documents/2021fallsau/CPTR-571/contraints-visualization/tests/constraints.ts:49:54)
    at Object.get (/home/logan/Documents/2021fallsau/CPTR-571/contraints-visualization/tests/constraints.ts:49:54)
    at Object.get (/home/logan/Documents/2021fallsau/CPTR-571/contraints-visualization/tests/constraints.ts:49:54)
    at Object.get (/home/logan/Documents/2021fallsau/CPTR-571/contraints-visualization/tests/constraints.ts:49:54)
    at Object.get (/home/logan/Documents/2021fallsau/CPTR-571/contraints-visualization/tests/constraints.ts:49:54)
    at Object.get (/home/logan/Documents/2021fallsau/CPTR-571/contraints-visualization/tests/constraints.ts:49:54)
    at Object.get (/home/logan/Documents/2021fallsau/CPTR-571/contraints-visualization/tests/constraints.ts:49:54)
    at Object.get (/home/logan/Documents/2021fallsau/CPTR-571/contraints-visualization/tests/constraints.ts:49:54)
    at Object.get (/home/logan/Documents/2021fallsau/CPTR-571/contraints-visualization/tests/constraints.ts:49:54)
    at Object.get (/home/logan/Documents/2021fallsau/CPTR-571/contraints-visualization/tests/constraints.ts:49:54)
    at Object.get (/home/logan/Documents/2021fallsau/CPTR-571/contraints-visualization/tests/constraints.ts:49:54)
    at Object.get (/home/logan/Documents/2021fallsau/CPTR-571/contraints-visualization/tests/constraints.ts:49:54)
    at Object.get (/home/logan/Documents/2021fallsau/CPTR-571/contraints-visualization/tests/constraints.ts:49:54)
    at Object.get (/home/logan/Documents/2021fallsau/CPTR-571/contraints-visualization/tests/constraints.ts:49:54)
    at Object.get (/home/logan/Documents/2021fallsau/CPTR-571/contraints-visualization/tests/constraints.ts:49:54)
    at Object.get (/home/logan/Documents/2021fallsau/CPTR-571/contraints-visualization/tests/constraints.ts:49:54)
    at Object.get (/home/logan/Documents/2021fallsau/CPTR-571/contraints-visualization/tests/constraints.ts:49:54)
    at Object.get (/home/logan/Documents/2021fallsau/CPTR-571/contraints-visualization/tests/constraints.ts:49:54)
    at Object.get (/home/logan/Documents/2021fallsau/CPTR-571/contraints-visualization/tests/constraints.ts:49:54)
    at Object.get (/home/logan/Documents/2021fallsau/CPTR-571/contraints-visualization/tests/constraints.ts:49:54)
    at Object.get (/home/logan/Documents/2021fallsau/CPTR-571/contraints-visualization/tests/constraints.ts:49:54)
    at Object.get (/home/logan/Documents/2021fallsau/CPTR-571/contraints-visualization/tests/constraints.ts:49:54)
    at Object.get (/home/logan/Documents/2021fallsau/CPTR-571/contraints-visualization/tests/constraints.ts:49:54)
    at Object.get (/home/logan/Documents/2021fallsau/CPTR-571/contraints-visualization/tests/constraints.ts:49:54)
    at Object.get (/home/logan/Documents/2021fallsau/CPTR-571/contraints-visualization/tests/constraints.ts:49:54)
    at Object.get (/home/logan/Documents/2021fallsau/CPTR-571/contraints-visualization/tests/constraints.ts:49:54)
    at Object.get (/home/logan/Documents/2021fallsau/CPTR-571/contraints-visualization/tests/constraints.ts:49:54)
    at Object.get (/home/logan/Documents/2021fallsau/CPTR-571/contraints-visualization/tests/constraints.ts:49:54)
    at Object.get (/home/logan/Documents/2021fallsau/CPTR-571/contraints-visualization/tests/constraints.ts:49:54)
    at Object.get (/home/logan/Documents/2021fallsau/CPTR-571/contraints-visualization/tests/constraints.ts:49:54)
    at Object.get (/home/logan/Documents/2021fallsau/CPTR-571/contraints-visualization/tests/constraints.ts:49:54)
    at Object.get (/home/logan/Documents/2021fallsau/CPTR-571/contraints-visualization/tests/constraints.ts:49:54)
    at Object.get (/home/logan/Documents/2021fallsau/CPTR-571/contraints-visualization/tests/constraints.ts:49:54)
    at Object.get (/home/logan/Documents/2021fallsau/CPTR-571/contraints-visualization/tests/constraints.ts:49:54)
    at Object.get (/home/logan/Documents/2021fallsau/CPTR-571/contraints-visualization/tests/constraints.ts:49:54)
    at Object.get (/home/logan/Documents/2021fallsau/CPTR-571/contraints-visualization/tests/constraints.ts:49:54)
    at Object.get (/home/logan/Documents/2021fallsau/CPTR-571/contraints-visualization/tests/constraints.ts:49:54)
    at Object.get (/home/logan/Documents/2021fallsau/CPTR-571/contraints-visualization/tests/constraints.ts:49:54)
    at Object.get (/home/logan/Documents/2021fallsau/CPTR-571/contraints-visualization/tests/constraints.ts:49:54)
    at Object.get (/home/logan/Documents/2021fallsau/CPTR-571/contraints-visualization/tests/constraints.ts:49:54)
    at Object.get (/home/logan/Documents/2021fallsau/CPTR-571/contraints-visualization/tests/constraints.ts:49:54)
    at Object.get (/home/logan/Documents/2021fallsau/CPTR-571/contraints-visualization/tests/constraints.ts:49:54)
    at Object.get (/home/logan/Documents/2021fallsau/CPTR-571/contraints-visualization/tests/constraints.ts:49:54)
    at Object.get (/home/logan/Documents/2021fallsau/CPTR-571/contraints-visualization/tests/constraints.ts:49:54)
    at Object.get (/home/logan/Documents/2021fallsau/CPTR-571/contraints-visualization/tests/constraints.ts:49:54)
    at Object.get (/home/logan/Documents/2021fallsau/CPTR-571/contraints-visualization/tests/constraints.ts:49:54)
    at Object.get (/home/logan/Documents/2021fallsau/CPTR-571/contraints-visualization/tests/constraints.ts:49:54)
    at Object.get (/home/logan/Documents/2021fallsau/CPTR-571/contraints-visualization/tests/constraints.ts:49:54)
    at Object.get (/home/logan/Documents/2021fallsau/CPTR-571/contraints-visualization/tests/constraints.ts:49:54)
    at Object.get (/home/logan/Documents/2021fallsau/CPTR-571/contraints-visualization/tests/constraints.ts:49:54)
    at Object.get (/home/logan/Documents/2021fallsau/CPTR-571/contraints-visualization/tests/constraints.ts:49:54)
    at Object.get (/home/logan/Documents/2021fallsau/CPTR-571/contraints-visualization/tests/constraints.ts:49:54)
    at Object.get (/home/logan/Documents/2021fallsau/CPTR-571/contraints-visualization/tests/constraints.ts:49:54)
    at Object.get (/home/logan/Documents/2021fallsau/CPTR-571/contraints-visualization/tests/constraints.ts:49:54)
    at Object.get (/home/logan/Documents/2021fallsau/CPTR-571/contraints-visualization/tests/constraints.ts:49:54)
    at Object.get (/home/logan/Documents/2021fallsau/CPTR-571/contraints-visualization/tests/constraints.ts:49:54)
    at Object.get (/home/logan/Documents/2021fallsau/CPTR-571/contraints-visualization/tests/constraints.ts:49:54)
    at Object.get (/home/logan/Documents/2021fallsau/CPTR-571/contraints-visualization/tests/constraints.ts:49:54)
    at Object.get (/home/logan/Documents/2021fallsau/CPTR-571/contraints-visualization/tests/constraints.ts:49:54)
    at Object.get (/home/logan/Documents/2021fallsau/CPTR-571/contraints-visualization/tests/constraints.ts:49:54)
    at Object.get (/home/logan/Documents/2021fallsau/CPTR-571/contraints-visualization/tests/constraints.ts:49:54)
    at Object.get (/home/logan/Documents/2021fallsau/CPTR-571/contraints-visualization/tests/constraints.ts:49:54)
    at Object.get (/home/logan/Documents/2021fallsau/CPTR-571/contraints-visualization/tests/constraints.ts:49:54)
    at Object.get (/home/logan/Documents/2021fallsau/CPTR-571/contraints-visualization/tests/constraints.ts:49:54)
    at Object.get (/home/logan/Documents/2021fallsau/CPTR-571/contraints-visualization/tests/constraints.ts:49:54)
    at Object.get (/home/logan/Documents/2021fallsau/CPTR-571/contraints-visualization/tests/constraints.ts:49:54)
    at Object.get (/home/logan/Documents/2021fallsau/CPTR-571/contraints-visualization/tests/constraints.ts:49:54)
    at Object.get (/home/logan/Documents/2021fallsau/CPTR-571/contraints-visualization/tests/constraints.ts:49:54)
    at Object.get (/home/logan/Documents/2021fallsau/CPTR-571/contraints-visualization/tests/constraints.ts:49:54)
    at Object.get (/home/logan/Documents/2021fallsau/CPTR-571/contraints-visualization/tests/constraints.ts:49:54)
    at Object.get (/home/logan/Documents/2021fallsau/CPTR-571/contraints-visualization/tests/constraints.ts:49:54)
    at Object.get (/home/logan/Documents/2021fallsau/CPTR-571/contraints-visualization/tests/constraints.ts:49:54)
    at Object.get (/home/logan/Documents/2021fallsau/CPTR-571/contraints-visualization/tests/constraints.ts:49:54)
    at Object.get (/home/logan/Documents/2021fallsau/CPTR-571/contraints-visualization/tests/constraints.ts:49:54)
    at Object.get (/home/logan/Documents/2021fallsau/CPTR-571/contraints-visualization/tests/constraints.ts:49:54)
    at Object.get (/home/logan/Documents/2021fallsau/CPTR-571/contraints-visualization/tests/constraints.ts:49:54)
    at Object.get (/home/logan/Documents/2021fallsau/CPTR-571/contraints-visualization/tests/constraints.ts:49:54)
    at Object.get (/home/logan/Documents/2021fallsau/CPTR-571/contraints-visualization/tests/constraints.ts:49:54)
    at Object.get (/home/logan/Documents/2021fallsau/CPTR-571/contraints-visualization/tests/constraints.ts:49:54)
    at Object.get (/home/logan/Documents/2021fallsau/CPTR-571/contraints-visualization/tests/constraints.ts:49:54)
    at Object.get (/home/logan/Documents/2021fallsau/CPTR-571/contraints-visualization/tests/constraints.ts:49:54)
    at Object.get (/home/logan/Documents/2021fallsau/CPTR-571/contraints-visualization/tests/constraints.ts:49:54)
    at Object.get (/home/logan/Documents/2021fallsau/CPTR-571/contraints-visualization/tests/constraints.ts:49:54)
    at Object.get (/home/logan/Documents/2021fallsau/CPTR-571/contraints-visualization/tests/constraints.ts:49:54)
    at Object.get (/home/logan/Documents/2021fallsau/CPTR-571/contraints-visualization/tests/constraints.ts:49:54)
    at Object.get (/home/logan/Documents/2021fallsau/CPTR-571/contraints-visualization/tests/constraints.ts:49:54)
    at Object.get (/home/logan/Documents/2021fallsau/CPTR-571/contraints-visualization/tests/constraints.ts:49:54)
    at Object.get (/home/logan/Documents/2021fallsau/CPTR-571/contraints-visualization/tests/constraints.ts:49:54)
    at Object.get (/home/logan/Documents/2021fallsau/CPTR-571/contraints-visualization/tests/constraints.ts:49:54)
    at Object.get (/home/logan/Documents/2021fallsau/CPTR-571/contraints-visualization/tests/constraints.ts:49:54)
    at Object.get (/home/logan/Documents/2021fallsau/CPTR-571/contraints-visualization/tests/constraints.ts:49:54)
    at Object.get (/home/logan/Documents/2021fallsau/CPTR-571/contraints-visualization/tests/constraints.ts:49:54)
    at Object.get (/home/logan/Documents/2021fallsau/CPTR-571/contraints-visualization/tests/constraints.ts:49:54)
    at Object.get (/home/logan/Documents/2021fallsau/CPTR-571/contraints-visualization/tests/constraints.ts:49:54)
    at Object.get (/home/logan/Documents/2021fallsau/CPTR-571/contraints-visualization/tests/constraints.ts:49:54)
    at Object.get (/home/logan/Documents/2021fallsau/CPTR-571/contraints-visualization/tests/constraints.ts:49:54)
    at Object.get (/home/logan/Documents/2021fallsau/CPTR-571/contraints-visualization/tests/constraints.ts:49:54)
    at Object.get (/home/logan/Documents/2021fallsau/CPTR-571/contraints-visualization/tests/constraints.ts:49:54)
    at Object.get (/home/logan/Documents/2021fallsau/CPTR-571/contraints-visualization/tests/constraints.ts:49:54)
    at Object.get (/home/logan/Documents/2021fallsau/CPTR-571/contraints-visualization/tests/constraints.ts:49:54)
    at Object.get (/home/logan/Documents/2021fallsau/CPTR-571/contraints-visualization/tests/constraints.ts:49:54)
    at Object.get (/home/logan/Documents/2021fallsau/CPTR-571/contraints-visualization/tests/constraints.ts:49:54)
    at Object.get (/home/logan/Documents/2021fallsau/CPTR-571/contraints-visualization/tests/constraints.ts:49:54)
    at Object.get (/home/logan/Documents/2021fallsau/CPTR-571/contraints-visualization/tests/constraints.ts:49:54)
    at Object.get (/home/logan/Documents/2021fallsau/CPTR-571/contraints-visualization/tests/constraints.ts:49:54)
    at Object.get (/home/logan/Documents/2021fallsau/CPTR-571/contraints-visualization/tests/constraints.ts:49:54)
    at Object.get (/home/logan/Documents/2021fallsau/CPTR-571/contraints-visualization/tests/constraints.ts:49:54)
    at Object.get (/home/logan/Documents/2021fallsau/CPTR-571/contraints-visualization/tests/constraints.ts:49:54)
    at Object.get (/home/logan/Documents/2021fallsau/CPTR-571/contraints-visualization/tests/constraints.ts:49:54)
    at Object.get (/home/logan/Documents/2021fallsau/CPTR-571/contraints-visualization/tests/constraints.ts:49:54)
    at Object.get (/home/logan/Documents/2021fallsau/CPTR-571/contraints-visualization/tests/constraints.ts:49:54)
    at Object.get (/home/logan/Documents/2021fallsau/CPTR-571/contraints-visualization/tests/constraints.ts:49:54)
    at Object.get (/home/logan/Documents/2021fallsau/CPTR-571/contraints-visualization/tests/constraints.ts:49:54)
    at Object.get (/home/logan/Documents/2021fallsau/CPTR-571/contraints-visualization/tests/constraints.ts:49:54)
    at Object.get (/home/logan/Documents/2021fallsau/CPTR-571/contraints-visualization/tests/constraints.ts:49:54)
    at Object.get (/home/logan/Documents/2021fallsau/CPTR-571/contraints-visualization/tests/constraints.ts:49:54)
    at Object.get (/home/logan/Documents/2021fallsau/CPTR-571/contraints-visualization/tests/constraints.ts:49:54)
    at Object.get (/home/logan/Documents/2021fallsau/CPTR-571/contraints-visualization/tests/constraints.ts:49:54)
    at Object.get (/home/logan/Documents/2021fallsau/CPTR-571/contraints-visualization/tests/constraints.ts:49:54)
    at Object.get (/home/logan/Documents/2021fallsau/CPTR-571/contraints-visualization/tests/constraints.ts:49:54)
    at Object.get (/home/logan/Documents/2021fallsau/CPTR-571/contraints-visualization/tests/constraints.ts:49:54)
    at Object.get (/home/logan/Documents/2021fallsau/CPTR-571/contraints-visualization/tests/constraints.ts:49:54)
    at Object.get (/home/logan/Documents/2021fallsau/CPTR-571/contraints-visualization/tests/constraints.ts:49:54)
    at Object.get (/home/logan/Documents/2021fallsau/CPTR-571/contraints-visualization/tests/constraints.ts:49:54)
    at Object.get (/home/logan/Documents/2021fallsau/CPTR-571/contraints-visualization/tests/constraints.ts:49:54)
    at Object.get (/home/logan/Documents/2021fallsau/CPTR-571/contraints-visualization/tests/constraints.ts:49:54)
    at Object.get (/home/logan/Documents/2021fallsau/CPTR-571/contraints-visualization/tests/constraints.ts:49:54)
    at Object.get (/home/logan/Documents/2021fallsau/CPTR-571/contraints-visualization/tests/constraints.ts:49:54)
    at Object.get (/home/logan/Documents/2021fallsau/CPTR-571/contraints-visualization/tests/constraints.ts:49:54)
    at Object.get (/home/logan/Documents/2021fallsau/CPTR-571/contraints-visualization/tests/constraints.ts:49:54)
    at Object.get (/home/logan/Documents/2021fallsau/CPTR-571/contraints-visualization/tests/constraints.ts:49:54)
    at Object.get (/home/logan/Documents/2021fallsau/CPTR-571/contraints-visualization/tests/constraints.ts:49:54)
    at Object.get (/home/logan/Documents/2021fallsau/CPTR-571/contraints-visualization/tests/constraints.ts:49:54)
    at Object.get (/home/logan/Documents/2021fallsau/CPTR-571/contraints-visualization/tests/constraints.ts:49:54)
    at Object.get (/home/logan/Documents/2021fallsau/CPTR-571/contraints-visualization/tests/constraints.ts:49:54)
    at Object.get (/home/logan/Documents/2021fallsau/CPTR-571/contraints-visualization/tests/constraints.ts:49:54)
    at Object.get (/home/logan/Documents/2021fallsau/CPTR-571/contraints-visualization/tests/constraints.ts:49:54)
    at Object.get (/home/logan/Documents/2021fallsau/CPTR-571/contraints-visualization/tests/constraints.ts:49:54)
    at Object.get (/home/logan/Documents/2021fallsau/CPTR-571/contraints-visualization/tests/constraints.ts:49:54)
    at Object.get (/home/logan/Documents/2021fallsau/CPTR-571/contraints-visualization/tests/constraints.ts:49:54)
    at Object.get (/home/logan/Documents/2021fallsau/CPTR-571/contraints-visualization/tests/constraints.ts:49:54)
    at Object.get (/home/logan/Documents/2021fallsau/CPTR-571/contraints-visualization/tests/constraints.ts:49:54)
    at Object.get (/home/logan/Documents/2021fallsau/CPTR-571/contraints-visualization/tests/constraints.ts:49:54)
    at Object.get (/home/logan/Documents/2021fallsau/CPTR-571/contraints-visualization/tests/constraints.ts:49:54)
    at Object.get (/home/logan/Documents/2021fallsau/CPTR-571/contraints-visualization/tests/constraints.ts:49:54)
    at Object.get (/home/logan/Documents/2021fallsau/CPTR-571/contraints-visualization/tests/constraints.ts:49:54)
    at Object.get (/home/logan/Documents/2021fallsau/CPTR-571/contraints-visualization/tests/constraints.ts:49:54)
    at Object.get (/home/logan/Documents/2021fallsau/CPTR-571/contraints-visualization/tests/constraints.ts:49:54)
    at Object.get (/home/logan/Documents/2021fallsau/CPTR-571/contraints-visualization/tests/constraints.ts:49:54)
    at Object.get (/home/logan/Documents/2021fallsau/CPTR-571/contraints-visualization/tests/constraints.ts:49:54)
    at Object.get (/home/logan/Documents/2021fallsau/CPTR-571/contraints-visualization/tests/constraints.ts:49:54)
    at Object.get (/home/logan/Documents/2021fallsau/CPTR-571/contraints-visualization/tests/constraints.ts:49:54)
    at Object.get (/home/logan/Documents/2021fallsau/CPTR-571/contraints-visualization/tests/constraints.ts:49:54)
    at Object.get (/home/logan/Documents/2021fallsau/CPTR-571/contraints-visualization/tests/constraints.ts:49:54)
    at Object.get (/home/logan/Documents/2021fallsau/CPTR-571/contraints-visualization/tests/constraints.ts:49:54)
    at Object.get (/home/logan/Documents/2021fallsau/CPTR-571/contraints-visualization/tests/constraints.ts:49:54)
    at Object.get (/home/logan/Documents/2021fallsau/CPTR-571/contraints-visualization/tests/constraints.ts:49:54)
    at Object.get (/home/logan/Documents/2021fallsau/CPTR-571/contraints-visualization/tests/constraints.ts:49:54)
    at Object.get (/home/logan/Documents/2021fallsau/CPTR-571/contraints-visualization/tests/constraints.ts:49:54)
    at Object.get (/home/logan/Documents/2021fallsau/CPTR-571/contraints-visualization/tests/constraints.ts:49:54)
    at Object.get (/home/logan/Documents/2021fallsau/CPTR-571/contraints-visualization/tests/constraints.ts:49:54)
    at Object.get (/home/logan/Documents/2021fallsau/CPTR-571/contraints-visualization/tests/constraints.ts:49:54)
    at Object.get (/home/logan/Documents/2021fallsau/CPTR-571/contraints-visualization/tests/constraints.ts:49:54)
    at Object.get (/home/logan/Documents/2021fallsau/CPTR-571/contraints-visualization/tests/constraints.ts:49:54)
    at Object.get (/home/logan/Documents/2021fallsau/CPTR-571/contraints-visualization/tests/constraints.ts:49:54)
    at Object.get (/home/logan/Documents/2021fallsau/CPTR-571/contraints-visualization/tests/constraints.ts:49:54)
    at Object.get (/home/logan/Documents/2021fallsau/CPTR-571/contraints-visualization/tests/constraints.ts:49:54)
    at Object.get (/home/logan/Documents/2021fallsau/CPTR-571/contraints-visualization/tests/constraints.ts:49:54)
    at Object.get (/home/logan/Documents/2021fallsau/CPTR-571/contraints-visualization/tests/constraints.ts:49:54)
    at Object.get (/home/logan/Documents/2021fallsau/CPTR-571/contraints-visualization/tests/constraints.ts:49:54)
    at Object.get (/home/logan/Documents/2021fallsau/CPTR-571/contraints-visualization/tests/constraints.ts:49:54)
    at Object.get (/home/logan/Documents/2021fallsau/CPTR-571/contraints-visualization/tests/constraints.ts:49:54)
    at Object.get (/home/logan/Documents/2021fallsau/CPTR-571/contraints-visualization/tests/constraints.ts:49:54)
    at Object.get (/home/logan/Documents/2021fallsau/CPTR-571/contraints-visualization/tests/constraints.ts:49:54)
    at Object.get (/home/logan/Documents/2021fallsau/CPTR-571/contraints-visualization/tests/constraints.ts:49:54)
    at Object.get (/home/logan/Documents/2021fallsau/CPTR-571/contraints-visualization/tests/constraints.ts:49:54)
    at Object.get (/home/logan/Documents/2021fallsau/CPTR-571/contraints-visualization/tests/constraints.ts:49:54)
    at Object.get (/home/logan/Documents/2021fallsau/CPTR-571/contraints-visualization/tests/constraints.ts:49:54)
    at Object.get (/home/logan/Documents/2021fallsau/CPTR-571/contraints-visualization/tests/constraints.ts:49:54)
    at Object.get (/home/logan/Documents/2021fallsau/CPTR-571/contraints-visualization/tests/constraints.ts:49:54)
    at Object.get (/home/logan/Documents/2021fallsau/CPTR-571/contraints-visualization/tests/constraints.ts:49:54)
    at Object.get (/home/logan/Documents/2021fallsau/CPTR-571/contraints-visualization/tests/constraints.ts:49:54)
    at Object.get (/home/logan/Documents/2021fallsau/CPTR-571/contraints-visualization/tests/constraints.ts:49:54)
    at Object.get (/home/logan/Documents/2021fallsau/CPTR-571/contraints-visualization/tests/constraints.ts:49:54)
    at Object.get (/home/logan/Documents/2021fallsau/CPTR-571/contraints-visualization/tests/constraints.ts:49:54)
    at Object.get (/home/logan/Documents/2021fallsau/CPTR-571/contraints-visualization/tests/constraints.ts:49:54)
    at Object.get (/home/logan/Documents/2021fallsau/CPTR-571/contraints-visualization/tests/constraints.ts:49:54)
    at Object.get (/home/logan/Documents/2021fallsau/CPTR-571/contraints-visualization/tests/constraints.ts:49:54)
    at Object.get (/home/logan/Documents/2021fallsau/CPTR-571/contraints-visualization/tests/constraints.ts:49:54)
    at Object.get (/home/logan/Documents/2021fallsau/CPTR-571/contraints-visualization/tests/constraints.ts:49:54)
    at Object.get (/home/logan/Documents/2021fallsau/CPTR-571/contraints-visualization/tests/constraints.ts:49:54)
    at Object.get (/home/logan/Documents/2021fallsau/CPTR-571/contraints-visualization/tests/constraints.ts:49:54)
    at Object.get (/home/logan/Documents/2021fallsau/CPTR-571/contraints-visualization/tests/constraints.ts:49:54)
    at Object.get (/home/logan/Documents/2021fallsau/CPTR-571/contraints-visualization/tests/constraints.ts:49:54)
    at Object.get (/home/logan/Documents/2021fallsau/CPTR-571/contraints-visualization/tests/constraints.ts:49:54)
    at Object.get (/home/logan/Documents/2021fallsau/CPTR-571/contraints-visualization/tests/constraints.ts:49:54)
    at Object.get (/home/logan/Documents/2021fallsau/CPTR-571/contraints-visualization/tests/constraints.ts:49:54)
    at Object.get (/home/logan/Documents/2021fallsau/CPTR-571/contraints-visualization/tests/constraints.ts:49:54)
    at Object.get (/home/logan/Documents/2021fallsau/CPTR-571/contraints-visualization/tests/constraints.ts:49:54)
    at Object.get (/home/logan/Documents/2021fallsau/CPTR-571/contraints-visualization/tests/constraints.ts:49:54)
    at Object.get (/home/logan/Documents/2021fallsau/CPTR-571/contraints-visualization/tests/constraints.ts:49:54)
    at Object.get (/home/logan/Documents/2021fallsau/CPTR-571/contraints-visualization/tests/constraints.ts:49:54)
    at Object.get (/home/logan/Documents/2021fallsau/CPTR-571/contraints-visualization/tests/constraints.ts:49:54)
    at Object.get (/home/logan/Documents/2021fallsau/CPTR-571/contraints-visualization/tests/constraints.ts:49:54)
    at Object.get (/home/logan/Documents/2021fallsau/CPTR-571/contraints-visualization/tests/constraints.ts:49:54)
    at Object.get (/home/logan/Documents/2021fallsau/CPTR-571/contraints-visualization/tests/constraints.ts:49:54)
    at Object.get (/home/logan/Documents/2021fallsau/CPTR-571/contraints-visualization/tests/constraints.ts:49:54)
    at Object.get (/home/logan/Documents/2021fallsau/CPTR-571/contraints-visualization/tests/constraints.ts:49:54)
    at Object.get (/home/logan/Documents/2021fallsau/CPTR-571/contraints-visualization/tests/constraints.ts:49:54)
    at Object.get (/home/logan/Documents/2021fallsau/CPTR-571/contraints-visualization/tests/constraints.ts:49:54)
    at Object.get (/home/logan/Documents/2021fallsau/CPTR-571/contraints-visualization/tests/constraints.ts:49:54)
    at Object.get (/home/logan/Documents/2021fallsau/CPTR-571/contraints-visualization/tests/constraints.ts:49:54)
    at Object.get (/home/logan/Documents/2021fallsau/CPTR-571/contraints-visualization/tests/constraints.ts:49:54)
    at Object.get (/home/logan/Documents/2021fallsau/CPTR-571/contraints-visualization/tests/constraints.ts:49:54)
    at Object.get (/home/logan/Documents/2021fallsau/CPTR-571/contraints-visualization/tests/constraints.ts:49:54)
    at Object.get (/home/logan/Documents/2021fallsau/CPTR-571/contraints-visualization/tests/constraints.ts:49:54)
    at Object.get (/home/logan/Documents/2021fallsau/CPTR-571/contraints-visualization/tests/constraints.ts:49:54)
    at Object.get (/home/logan/Documents/2021fallsau/CPTR-571/contraints-visualization/tests/constraints.ts:49:54)
    at Object.get (/home/logan/Documents/2021fallsau/CPTR-571/contraints-visualization/tests/constraints.ts:49:54)
    at Object.get (/home/logan/Documents/2021fallsau/CPTR-571/contraints-visualization/tests/constraints.ts:49:54)
    at Object.get (/home/logan/Documents/2021fallsau/CPTR-571/contraints-visualization/tests/constraints.ts:49:54)
    at Object.get (/home/logan/Documents/2021fallsau/CPTR-571/contraints-visualization/tests/constraints.ts:49:54)
    at Object.get (/home/logan/Documents/2021fallsau/CPTR-571/contraints-visualization/tests/constraints.ts:49:54)
    at Object.get (/home/logan/Documents/2021fallsau/CPTR-571/contraints-visualization/tests/constraints.ts:49:54)
    at Object.get (/home/logan/Documents/2021fallsau/CPTR-571/contraints-visualization/tests/constraints.ts:49:54)
    at Object.get (/home/logan/Documents/2021fallsau/CPTR-571/contraints-visualization/tests/constraints.ts:49:54)
    at Object.get (/home/logan/Documents/2021fallsau/CPTR-571/contraints-visualization/tests/constraints.ts:49:54)
    at Object.get (/home/logan/Documents/2021fallsau/CPTR-571/contraints-visualization/tests/constraints.ts:49:54)
    at Object.get (/home/logan/Documents/2021fallsau/CPTR-571/contraints-visualization/tests/constraints.ts:49:54)
    at Object.get (/home/logan/Documents/2021fallsau/CPTR-571/contraints-visualization/tests/constraints.ts:49:54)
    at Object.get (/home/logan/Documents/2021fallsau/CPTR-571/contraints-visualization/tests/constraints.ts:49:54)
    at Object.get (/home/logan/Documents/2021fallsau/CPTR-571/contraints-visualization/tests/constraints.ts:49:54)
    at Object.get (/home/logan/Documents/2021fallsau/CPTR-571/contraints-visualization/tests/constraints.ts:49:54)
    at Object.get (/home/logan/Documents/2021fallsau/CPTR-571/contraints-visualization/tests/constraints.ts:49:54)
    at Object.get (/home/logan/Documents/2021fallsau/CPTR-571/contraints-visualization/tests/constraints.ts:49:54)
    at Object.get (/home/logan/Documents/2021fallsau/CPTR-571/contraints-visualization/tests/constraints.ts:49:54)
    at Object.get (/home/logan/Documents/2021fallsau/CPTR-571/contraints-visualization/tests/constraints.ts:49:54)
    at Object.get (/home/logan/Documents/2021fallsau/CPTR-571/contraints-visualization/tests/constraints.ts:49:54)
    at Object.get (/home/logan/Documents/2021fallsau/CPTR-571/contraints-visualization/tests/constraints.ts:49:54)
    at Object.get (/home/logan/Documents/2021fallsau/CPTR-571/contraints-visualization/tests/constraints.ts:49:54)
    at Object.get (/home/logan/Documents/2021fallsau/CPTR-571/contraints-visualization/tests/constraints.ts:49:54)
    at Object.get (/home/logan/Documents/2021fallsau/CPTR-571/contraints-visualization/tests/constraints.ts:49:54)
    at Object.get (/home/logan/Documents/2021fallsau/CPTR-571/contraints-visualization/tests/constraints.ts:49:54)
    at Object.get (/home/logan/Documents/2021fallsau/CPTR-571/contraints-visualization/tests/constraints.ts:49:54)
    at Object.get (/home/logan/Documents/2021fallsau/CPTR-571/contraints-visualization/tests/constraints.ts:49:54)
    at Object.get (/home/logan/Documents/2021fallsau/CPTR-571/contraints-visualization/tests/constraints.ts:49:54)
    at Object.get (/home/logan/Documents/2021fallsau/CPTR-571/contraints-visualization/tests/constraints.ts:49:54)
    at Object.get (/home/logan/Documents/2021fallsau/CPTR-571/contraints-visualization/tests/constraints.ts:49:54)
    at Object.get (/home/logan/Documents/2021fallsau/CPTR-571/contraints-visualization/tests/constraints.ts:49:54)
    at Object.get (/home/logan/Documents/2021fallsau/CPTR-571/contraints-visualization/tests/constraints.ts:49:54)
    at Object.get (/home/logan/Documents/2021fallsau/CPTR-571/contraints-visualization/tests/constraints.ts:49:54)
    at Object.get (/home/logan/Documents/2021fallsau/CPTR-571/contraints-visualization/tests/constraints.ts:49:54)
    at Object.get (/home/logan/Documents/2021fallsau/CPTR-571/contraints-visualization/tests/constraints.ts:49:54)
    at Object.get (/home/logan/Documents/2021fallsau/CPTR-571/contraints-visualization/tests/constraints.ts:49:54)
    at Object.get (/home/logan/Documents/2021fallsau/CPTR-571/contraints-visualization/tests/constraints.ts:49:54)
    at Object.get (/home/logan/Documents/2021fallsau/CPTR-571/contraints-visualization/tests/constraints.ts:49:54)
    at Object.get (/home/logan/Documents/2021fallsau/CPTR-571/contraints-visualization/tests/constraints.ts:49:54)
    at Object.get (/home/logan/Documents/2021fallsau/CPTR-571/contraints-visualization/tests/constraints.ts:49:54)
    at Object.get (/home/logan/Documents/2021fallsau/CPTR-571/contraints-visualization/tests/constraints.ts:49:54)
    at Object.get (/home/logan/Documents/2021fallsau/CPTR-571/contraints-visualization/tests/constraints.ts:49:54)
    at Object.<anonymous> (/home/logan/Documents/2021fallsau/CPTR-571/contraints-visualization/tests/constraints.ts:62:14)
    at Module._compile (node:internal/modules/cjs/loader:1097:14)
    at Module.m._compile (/home/logan/Documents/2021fallsau/CPTR-571/contraints-visualization/node_modules/ts-node/src/index.ts:1371:23)
    at Module._extensions..js (node:internal/modules/cjs/loader:1149:10)
    at Object.require.extensions.<computed> [as .ts] (/home/logan/Documents/2021fallsau/CPTR-571/contraints-visualization/node_modules/ts-node/src/index.ts:1374:12)
    at Module.load (node:internal/modules/cjs/loader:975:32)
    at Function.Module._load (node:internal/modules/cjs/loader:822:12)
    at Module.require (node:internal/modules/cjs/loader:999:19)
    at require (node:internal/modules/cjs/helpers:102:18)
    at Object.exports.requireOrImport (/home/logan/Documents/2021fallsau/CPTR-571/contraints-visualization/node_modules/mocha/lib/nodejs/esm-utils.js:56:20)
    at async Object.exports.loadFilesAsync (/home/logan/Documents/2021fallsau/CPTR-571/contraints-visualization/node_modules/mocha/lib/nodejs/esm-utils.js:88:20)
    at async singleRun (/home/logan/Documents/2021fallsau/CPTR-571/contraints-visualization/node_modules/mocha/lib/cli/run-helpers.js:125:3)
    at async Object.exports.handler (/home/logan/Documents/2021fallsau/CPTR-571/contraints-visualization/node_modules/mocha/lib/cli/run.js:374:5)
[2K[1G[31merror[39m Command failed with exit code 1.
